
===========================================================================
report_checks -unconstrained
===========================================================================
======================= nom_ss_100C_1v60 Corner ===================================

Startpoint: rst (input port clocked by clk)
Endpoint: _112_ (recovery check against rising-edge clock clk)
Path Group: asynchronous
Path Type: max

Fanout         Cap        Slew       Delay        Time   Description
---------------------------------------------------------------------------------------------
                      0.150000    0.000000    0.000000   clock clk (rise edge)
                                  0.000000    0.000000   clock network delay (ideal)
                                  1.000000    1.000000 v input external delay
     9    0.038700    0.168577    0.118657    1.118657 v rst (in)
                                                         rst (net)
                      0.168577    0.000000    1.118657 v _060_/A (sky130_fd_sc_hd__inv_2)
     1    0.003263    0.058782    0.104692    1.223349 ^ _060_/Y (sky130_fd_sc_hd__inv_2)
                                                         _008_ (net)
                      0.058782    0.000000    1.223349 ^ _112_/RESET_B (sky130_fd_sc_hd__dfrtp_2)
                                              1.223349   data arrival time

                      0.150000    5.000000    5.000000   clock clk (rise edge)
                                  0.000000    5.000000   clock network delay (ideal)
                                 -0.250000    4.750000   clock uncertainty
                                  0.000000    4.750000   clock reconvergence pessimism
                                              4.750000 ^ _112_/CLK (sky130_fd_sc_hd__dfrtp_2)
                                  0.476049    5.226049   library recovery time
                                              5.226049   data required time
---------------------------------------------------------------------------------------------
                                              5.226049   data required time
                                             -1.223349   data arrival time
---------------------------------------------------------------------------------------------
                                              4.002700   slack (MET)


Startpoint: _112_ (rising edge-triggered flip-flop clocked by clk)
Endpoint: _118_ (rising edge-triggered flip-flop clocked by clk)
Path Group: clk
Path Type: max

Fanout         Cap        Slew       Delay        Time   Description
---------------------------------------------------------------------------------------------
                      0.150000    0.000000    0.000000   clock clk (rise edge)
                                  0.000000    0.000000   clock network delay (ideal)
                      0.150000    0.000000    0.000000 ^ _112_/CLK (sky130_fd_sc_hd__dfrtp_2)
     5    0.009558    0.110199    0.879654    0.879654 v _112_/Q (sky130_fd_sc_hd__dfrtp_2)
                                                         psc_cnt[0] (net)
                      0.110199    0.000000    0.879654 v _088_/C (sky130_fd_sc_hd__and3_2)
     4    0.005346    0.087738    0.469936    1.349589 v _088_/X (sky130_fd_sc_hd__and3_2)
                                                         _046_ (net)
                      0.087738    0.000000    1.349589 v _091_/B (sky130_fd_sc_hd__and2_2)
     3    0.003993    0.077357    0.407837    1.757427 v _091_/X (sky130_fd_sc_hd__and2_2)
                                                         _048_ (net)
                      0.077357    0.000000    1.757427 v _097_/C (sky130_fd_sc_hd__and3_2)
     3    0.006830    0.094580    0.462650    2.220076 v _097_/X (sky130_fd_sc_hd__and3_2)
                                                         _052_ (net)
                      0.094580    0.000000    2.220076 v _101_/B (sky130_fd_sc_hd__or2_2)
     1    0.001404    0.101747    0.604002    2.824078 v _101_/X (sky130_fd_sc_hd__or2_2)
                                                         _055_ (net)
                      0.101747    0.000000    2.824078 v _102_/C (sky130_fd_sc_hd__and3_2)
     1    0.001838    0.066969    0.434098    3.258176 v _102_/X (sky130_fd_sc_hd__and3_2)
                                                         _006_ (net)
                      0.066969    0.000000    3.258176 v _118_/D (sky130_fd_sc_hd__dfrtp_2)
                                              3.258176   data arrival time

                      0.150000    5.000000    5.000000   clock clk (rise edge)
                                  0.000000    5.000000   clock network delay (ideal)
                                 -0.250000    4.750000   clock uncertainty
                                  0.000000    4.750000   clock reconvergence pessimism
                                              4.750000 ^ _118_/CLK (sky130_fd_sc_hd__dfrtp_2)
                                 -0.254024    4.495975   library setup time
                                              4.495975   data required time
---------------------------------------------------------------------------------------------
                                              4.495975   data required time
                                             -3.258176   data arrival time
---------------------------------------------------------------------------------------------
                                              1.237800   slack (MET)




===========================================================================
report_checks --slack_max -0.01
============================================================================
======================= nom_ss_100C_1v60 Corner ===================================

No paths found.


===========================================================================
 report_check_types -max_slew -max_cap -max_fanout -violators
============================================================================
======================= nom_ss_100C_1v60 Corner ===================================



===========================================================================
report_parasitic_annotation -report_unannotated
============================================================================
Found 75 unannotated drivers.
 clk
 psc[0]
 psc[1]
 psc[2]
 psc[3]
 psc[4]
 psc[5]
 psc[6]
 psc[7]
 rst
 _056_/Y
 _057_/Y
 _058_/Y
 _059_/Y
 _060_/Y
 _061_/X
 _062_/Y
 _063_/Y
 _064_/X
 _065_/Y
 _066_/Y
 _067_/X
 _068_/Y
 _069_/Y
 _070_/X
 _071_/Y
 _072_/Y
 _073_/Y
 _074_/Y
 _075_/X
 _076_/X
 _077_/X
 _078_/Y
 _079_/X
 _080_/Y
 _081_/X
 _082_/Y
 _083_/Y
 _084_/X
 _085_/X
 _086_/Y
 _087_/X
 _088_/X
 _089_/Y
 _090_/X
 _091_/X
 _092_/X
 _093_/X
 _094_/X
 _095_/X
 _096_/X
 _097_/X
 _098_/X
 _099_/X
 _100_/Y
 _101_/X
 _102_/X
 _103_/Y
 _104_/Y
 _105_/Y
 _106_/Y
 _107_/Y
 _108_/Y
 _109_/Y
 _110_/Y
 _111_/Y
 _112_/Q
 _113_/Q
 _114_/Q
 _115_/Q
 _116_/Q
 _117_/Q
 _118_/Q
 _119_/Q
 _120_/Q
Found 0 partially unannotated drivers.

===========================================================================
max slew violation count 0
max fanout violation count 0
max cap violation count 0
============================================================================

===========================================================================
check_setup -verbose -unconstrained_endpoints -multiple_clock -no_clock -no_input_delay -loops -generated_clocks
===========================================================================
