
===========================================================================
 report_power
============================================================================
======================= nom_ss_100C_1v60 Corner ===================================

Group                    Internal    Switching      Leakage        Total
                            Power        Power        Power        Power (Watts)
------------------------------------------------------------------------
Sequential           2.056662e-04 5.577195e-08 6.179718e-07 2.063400e-04  35.2%
Combinational        4.044082e-05 4.883483e-05 2.043021e-06 9.131867e-05  15.6%
Clock                2.070091e-04 8.074364e-05 1.378978e-07 2.878907e-04  49.2%
Macro                0.000000e+00 0.000000e+00 0.000000e+00 0.000000e+00   0.0%
Pad                  0.000000e+00 0.000000e+00 0.000000e+00 0.000000e+00   0.0%
------------------------------------------------------------------------
Total                4.531162e-04 1.296343e-04 2.798889e-06 5.855494e-04 100.0%
                            77.4%        22.1%         0.5%

