
===========================================================================
Violator List
============================================================================
[setup in-reg] psc[2] -> _796_/D : -5.408484
[setup in-reg] psc[2] -> _773_/D : -5.394495
[setup in-reg] psc[2] -> _783_/D : -5.392146
[setup in-reg] psc[2] -> _780_/D : -5.384009
[setup in-reg] psc[2] -> _791_/D : -5.374045
[setup in-reg] psc[2] -> _797_/D : -5.369972
[setup in-reg] psc[2] -> _777_/D : -5.366624
[setup in-reg] psc[2] -> _800_/D : -5.365786
[setup in-reg] psc[2] -> _782_/D : -5.360549
[setup in-reg] psc[2] -> _786_/D : -5.358612
[setup in-reg] psc[2] -> _785_/D : -5.356761
[setup in-reg] psc[2] -> _784_/D : -5.355505
[setup in-reg] psc[2] -> _799_/D : -5.354601
[setup in-reg] psc[2] -> _776_/D : -5.353158
[setup in-reg] psc[2] -> _795_/D : -5.349205
[setup in-reg] psc[2] -> _779_/D : -5.348963
[setup in-reg] psc[2] -> _775_/D : -5.348862
[setup in-reg] psc[2] -> _801_/D : -5.348576
[setup in-reg] psc[2] -> _793_/D : -5.347130
[setup in-reg] psc[2] -> _789_/D : -5.347013
[setup in-reg] psc[2] -> _778_/D : -5.346999
[setup in-reg] psc[2] -> _781_/D : -5.333934
[setup in-reg] psc[2] -> _798_/D : -5.321878
[setup in-reg] psc[2] -> _788_/D : -5.321194
[setup in-reg] psc[2] -> _792_/D : -5.317921
[setup in-reg] psc[2] -> _803_/D : -5.316432
[setup in-reg] psc[2] -> _787_/D : -5.312203
[setup in-reg] psc[2] -> _794_/D : -5.289643
[setup in-reg] psc[2] -> _774_/D : -5.288035
[setup in-reg] psc[2] -> _802_/D : -5.286103
[setup in-reg] psc[2] -> _790_/D : -5.216193
[setup in-reg] psc[2] -> _804_/D : -5.184761
[setup reg-reg] _784_/Q -> _772_/D : -0.100676
