
===========================================================================
report_checks -unconstrained
===========================================================================
======================= nom_tt_025C_1v80 Corner ===================================

Startpoint: rst (input port clocked by clk)
Endpoint: _789_ (recovery check against rising-edge clock clk)
Path Group: asynchronous
Path Type: max

Fanout         Cap        Slew       Delay        Time   Description
---------------------------------------------------------------------------------------------
                                  0.000000    0.000000   clock clk (rise edge)
                                  0.000000    0.000000   clock network delay (propagated)
                                  1.000000    1.000000 v input external delay
    33    0.169561    0.369848    0.275710    1.275710 v rst (in)
                                                         rst (net)
                      0.369907    0.000000    1.275710 v _756_/A (sky130_fd_sc_hd__inv_2)
     1    0.003705    0.080368    0.122094    1.397804 ^ _756_/Y (sky130_fd_sc_hd__inv_2)
                                                         _050_ (net)
                      0.080368    0.000002    1.397806 ^ _789_/RESET_B (sky130_fd_sc_hd__dfrtp_2)
                                              1.397806   data arrival time

                                  5.000000    5.000000   clock clk (rise edge)
                                  0.000000    5.000000   clock source latency
    33    0.088568    0.401098    0.277616    5.277616 ^ clk (in)
                                                         clk (net)
                      0.401112    0.000000    5.277616 ^ _789_/CLK (sky130_fd_sc_hd__dfrtp_2)
                                 -0.250000    5.027616   clock uncertainty
                                  0.000000    5.027616   clock reconvergence pessimism
                                  0.318575    5.346191   library recovery time
                                              5.346191   data required time
---------------------------------------------------------------------------------------------
                                              5.346191   data required time
                                             -1.397806   data arrival time
---------------------------------------------------------------------------------------------
                                              3.948385   slack (MET)


Startpoint: psc[0] (input port clocked by clk)
Endpoint: _775_ (rising edge-triggered flip-flop clocked by clk)
Path Group: clk
Path Type: max

Fanout         Cap        Slew       Delay        Time   Description
---------------------------------------------------------------------------------------------
                                  0.000000    0.000000   clock clk (rise edge)
                                  0.000000    0.000000   clock network delay (propagated)
                                  1.000000    1.000000 v input external delay
     4    0.012252    0.029397    0.019882    1.019882 v psc[0] (in)
                                                         psc[0] (net)
                      0.029398    0.000000    1.019882 v _418_/A (sky130_fd_sc_hd__or4_2)
     4    0.012806    0.139476    0.717372    1.737253 v _418_/X (sky130_fd_sc_hd__or4_2)
                                                         _097_ (net)
                      0.139476    0.000097    1.737351 v _420_/D (sky130_fd_sc_hd__or4_2)
     6    0.019863    0.157515    0.657370    2.394721 v _420_/X (sky130_fd_sc_hd__or4_2)
                                                         _099_ (net)
                      0.157515    0.000150    2.394870 v _424_/C (sky130_fd_sc_hd__or4_2)
     7    0.023393    0.167839    0.747579    3.142449 v _424_/X (sky130_fd_sc_hd__or4_2)
                                                         _103_ (net)
                      0.167839    0.000369    3.142818 v _428_/C (sky130_fd_sc_hd__or4_2)
     4    0.012528    0.139481    0.705608    3.848426 v _428_/X (sky130_fd_sc_hd__or4_2)
                                                         _107_ (net)
                      0.139481    0.000128    3.848554 v _489_/C (sky130_fd_sc_hd__or3_2)
     2    0.006809    0.092497    0.457746    4.306300 v _489_/X (sky130_fd_sc_hd__or3_2)
                                                         _168_ (net)
                      0.092497    0.000014    4.306314 v _495_/A (sky130_fd_sc_hd__and2_2)
     2    0.007382    0.047098    0.199250    4.505565 v _495_/X (sky130_fd_sc_hd__and2_2)
                                                         _174_ (net)
                      0.047098    0.000037    4.505601 v _498_/A2 (sky130_fd_sc_hd__a22o_2)
     2    0.002947    0.040182    0.249956    4.755557 v _498_/X (sky130_fd_sc_hd__a22o_2)
                                                         _177_ (net)
                      0.040182    0.000000    4.755557 v _560_/B (sky130_fd_sc_hd__or4b_2)
     1    0.002867    0.098377    0.621927    5.377484 v _560_/X (sky130_fd_sc_hd__or4b_2)
                                                         _239_ (net)
                      0.098377    0.000023    5.377507 v _561_/D (sky130_fd_sc_hd__or4_2)
     1    0.003199    0.099805    0.548136    5.925643 v _561_/X (sky130_fd_sc_hd__or4_2)
                                                         _240_ (net)
                      0.099805    0.000028    5.925671 v _562_/D (sky130_fd_sc_hd__or4_2)
     1    0.002440    0.096883    0.541188    6.466859 v _562_/X (sky130_fd_sc_hd__or4_2)
                                                         _241_ (net)
                      0.096883    0.000002    6.466861 v _564_/B1 (sky130_fd_sc_hd__o211a_2)
    32    0.071579    0.184085    0.288584    6.755446 v _564_/X (sky130_fd_sc_hd__o211a_2)
                                                         _243_ (net)
                      0.184086    0.000777    6.756222 v _570_/C (sky130_fd_sc_hd__and3b_2)
     1    0.002128    0.036234    0.262220    7.018442 v _570_/X (sky130_fd_sc_hd__and3b_2)
                                                         _022_ (net)
                      0.036234    0.000002    7.018444 v _775_/D (sky130_fd_sc_hd__dfrtp_2)
                                              7.018444   data arrival time

                                  5.000000    5.000000   clock clk (rise edge)
                                  0.000000    5.000000   clock source latency
    33    0.088568    0.401098    0.276755    5.276755 ^ clk (in)
                                                         clk (net)
                      0.401102    0.000000    5.276755 ^ _775_/CLK (sky130_fd_sc_hd__dfrtp_2)
                                 -0.250000    5.026755   clock uncertainty
                                  0.000000    5.026755   clock reconvergence pessimism
                                 -0.029356    4.997399   library setup time
                                              4.997399   data required time
---------------------------------------------------------------------------------------------
                                              4.997399   data required time
                                             -7.018444   data arrival time
---------------------------------------------------------------------------------------------
                                             -2.021046   slack (VIOLATED)




===========================================================================
report_checks --slack_max -0.01
============================================================================
======================= nom_tt_025C_1v80 Corner ===================================

Startpoint: psc[0] (input port clocked by clk)
Endpoint: _775_ (rising edge-triggered flip-flop clocked by clk)
Path Group: clk
Path Type: max

Fanout         Cap        Slew       Delay        Time   Description
---------------------------------------------------------------------------------------------
                                  0.000000    0.000000   clock clk (rise edge)
                                  0.000000    0.000000   clock network delay (propagated)
                                  1.000000    1.000000 v input external delay
     4    0.012252    0.029397    0.019882    1.019882 v psc[0] (in)
                                                         psc[0] (net)
                      0.029398    0.000000    1.019882 v _418_/A (sky130_fd_sc_hd__or4_2)
     4    0.012806    0.139476    0.717372    1.737253 v _418_/X (sky130_fd_sc_hd__or4_2)
                                                         _097_ (net)
                      0.139476    0.000097    1.737351 v _420_/D (sky130_fd_sc_hd__or4_2)
     6    0.019863    0.157515    0.657370    2.394721 v _420_/X (sky130_fd_sc_hd__or4_2)
                                                         _099_ (net)
                      0.157515    0.000150    2.394870 v _424_/C (sky130_fd_sc_hd__or4_2)
     7    0.023393    0.167839    0.747579    3.142449 v _424_/X (sky130_fd_sc_hd__or4_2)
                                                         _103_ (net)
                      0.167839    0.000369    3.142818 v _428_/C (sky130_fd_sc_hd__or4_2)
     4    0.012528    0.139481    0.705608    3.848426 v _428_/X (sky130_fd_sc_hd__or4_2)
                                                         _107_ (net)
                      0.139481    0.000128    3.848554 v _489_/C (sky130_fd_sc_hd__or3_2)
     2    0.006809    0.092497    0.457746    4.306300 v _489_/X (sky130_fd_sc_hd__or3_2)
                                                         _168_ (net)
                      0.092497    0.000014    4.306314 v _495_/A (sky130_fd_sc_hd__and2_2)
     2    0.007382    0.047098    0.199250    4.505565 v _495_/X (sky130_fd_sc_hd__and2_2)
                                                         _174_ (net)
                      0.047098    0.000037    4.505601 v _498_/A2 (sky130_fd_sc_hd__a22o_2)
     2    0.002947    0.040182    0.249956    4.755557 v _498_/X (sky130_fd_sc_hd__a22o_2)
                                                         _177_ (net)
                      0.040182    0.000000    4.755557 v _560_/B (sky130_fd_sc_hd__or4b_2)
     1    0.002867    0.098377    0.621927    5.377484 v _560_/X (sky130_fd_sc_hd__or4b_2)
                                                         _239_ (net)
                      0.098377    0.000023    5.377507 v _561_/D (sky130_fd_sc_hd__or4_2)
     1    0.003199    0.099805    0.548136    5.925643 v _561_/X (sky130_fd_sc_hd__or4_2)
                                                         _240_ (net)
                      0.099805    0.000028    5.925671 v _562_/D (sky130_fd_sc_hd__or4_2)
     1    0.002440    0.096883    0.541188    6.466859 v _562_/X (sky130_fd_sc_hd__or4_2)
                                                         _241_ (net)
                      0.096883    0.000002    6.466861 v _564_/B1 (sky130_fd_sc_hd__o211a_2)
    32    0.071579    0.184085    0.288584    6.755446 v _564_/X (sky130_fd_sc_hd__o211a_2)
                                                         _243_ (net)
                      0.184086    0.000777    6.756222 v _570_/C (sky130_fd_sc_hd__and3b_2)
     1    0.002128    0.036234    0.262220    7.018442 v _570_/X (sky130_fd_sc_hd__and3b_2)
                                                         _022_ (net)
                      0.036234    0.000002    7.018444 v _775_/D (sky130_fd_sc_hd__dfrtp_2)
                                              7.018444   data arrival time

                                  5.000000    5.000000   clock clk (rise edge)
                                  0.000000    5.000000   clock source latency
    33    0.088568    0.401098    0.276755    5.276755 ^ clk (in)
                                                         clk (net)
                      0.401102    0.000000    5.276755 ^ _775_/CLK (sky130_fd_sc_hd__dfrtp_2)
                                 -0.250000    5.026755   clock uncertainty
                                  0.000000    5.026755   clock reconvergence pessimism
                                 -0.029356    4.997399   library setup time
                                              4.997399   data required time
---------------------------------------------------------------------------------------------
                                              4.997399   data required time
                                             -7.018444   data arrival time
---------------------------------------------------------------------------------------------
                                             -2.021046   slack (VIOLATED)




===========================================================================
 report_check_types -max_slew -max_cap -max_fanout -violators
============================================================================
======================= nom_tt_025C_1v80 Corner ===================================

max slew

Pin                                        Limit        Slew       Slack
------------------------------------------------------------------------
_427_/Y                                 0.750000    0.855231   -0.105231 (VIOLATED)
_434_/A                                 0.750000    0.855231   -0.105231 (VIOLATED)
_447_/A1                                0.750000    0.855231   -0.105231 (VIOLATED)
_457_/A2                                0.750000    0.855231   -0.105231 (VIOLATED)
_473_/C                                 0.750000    0.855231   -0.105231 (VIOLATED)
_474_/C                                 0.750000    0.855231   -0.105231 (VIOLATED)
_494_/A2                                0.750000    0.855231   -0.105231 (VIOLATED)
_497_/B                                 0.750000    0.855231   -0.105231 (VIOLATED)
_502_/A                                 0.750000    0.855231   -0.105231 (VIOLATED)
_756_/A                                 0.750000    0.813579   -0.063579 (VIOLATED)
_757_/A                                 0.750000    0.813579   -0.063579 (VIOLATED)
_758_/A                                 0.750000    0.813579   -0.063579 (VIOLATED)
_759_/A                                 0.750000    0.813578   -0.063578 (VIOLATED)
_760_/A                                 0.750000    0.813576   -0.063576 (VIOLATED)
_761_/A                                 0.750000    0.813574   -0.063574 (VIOLATED)
_762_/A                                 0.750000    0.813574   -0.063574 (VIOLATED)
_763_/A                                 0.750000    0.813571   -0.063571 (VIOLATED)
_765_/A                                 0.750000    0.813570   -0.063570 (VIOLATED)
_766_/A                                 0.750000    0.813567   -0.063567 (VIOLATED)
_768_/A                                 0.750000    0.813564   -0.063564 (VIOLATED)
_770_/A                                 0.750000    0.813563   -0.063563 (VIOLATED)
_771_/A                                 0.750000    0.813562   -0.063562 (VIOLATED)
_747_/A                                 0.750000    0.813562   -0.063562 (VIOLATED)
_748_/A                                 0.750000    0.813562   -0.063562 (VIOLATED)
_746_/A                                 0.750000    0.813561   -0.063562 (VIOLATED)
_764_/A                                 0.750000    0.813561   -0.063561 (VIOLATED)
_745_/A                                 0.750000    0.813561   -0.063561 (VIOLATED)
_769_/A                                 0.750000    0.813560   -0.063560 (VIOLATED)
_744_/A                                 0.750000    0.813560   -0.063560 (VIOLATED)
_767_/A                                 0.750000    0.813560   -0.063560 (VIOLATED)
_743_/A                                 0.750000    0.813559   -0.063559 (VIOLATED)
_742_/A                                 0.750000    0.813558   -0.063558 (VIOLATED)
_755_/A                                 0.750000    0.813558   -0.063558 (VIOLATED)
_754_/A                                 0.750000    0.813557   -0.063557 (VIOLATED)
_753_/A                                 0.750000    0.813557   -0.063557 (VIOLATED)
_752_/A                                 0.750000    0.813557   -0.063557 (VIOLATED)
_751_/A                                 0.750000    0.813556   -0.063556 (VIOLATED)
_750_/A                                 0.750000    0.813555   -0.063555 (VIOLATED)
_749_/A                                 0.750000    0.813555   -0.063555 (VIOLATED)
_741_/A                                 0.750000    0.813553   -0.063553 (VIOLATED)
_740_/A                                 0.750000    0.813552   -0.063552 (VIOLATED)
_415_/A                                 0.750000    0.813551   -0.063551 (VIOLATED)
rst                                     0.750000    0.813548   -0.063548 (VIOLATED)

max fanout

Pin                                   Limit Fanout  Slack
---------------------------------------------------------
clk                                      10     33    -23 (VIOLATED)
rst                                      10     33    -23 (VIOLATED)
_564_/X                                  10     32    -22 (VIOLATED)



===========================================================================
report_parasitic_annotation -report_unannotated
============================================================================
Found 0 unannotated drivers.
Found 0 partially unannotated drivers.

===========================================================================
max slew violation count 43
Writing metric design__max_slew_violation__count__corner:nom_tt_025C_1v80: 43
max fanout violation count 3
Writing metric design__max_fanout_violation__count__corner:nom_tt_025C_1v80: 3
max cap violation count 0
Writing metric design__max_cap_violation__count__corner:nom_tt_025C_1v80: 0
============================================================================

===========================================================================
check_setup -verbose -unconstrained_endpoints -multiple_clock -no_clock -no_input_delay -loops -generated_clocks
===========================================================================
