
===========================================================================
 report_power
============================================================================
======================= nom_tt_025C_1v80 Corner ===================================

Group                    Internal    Switching      Leakage        Total
                            Power        Power        Power        Power (Watts)
------------------------------------------------------------------------
Sequential           2.681644e-04 8.703489e-07 3.916944e-10 2.690351e-04  76.5%
Combinational        4.955495e-05 3.324960e-05 1.492048e-09 8.280604e-05  23.5%
Clock                0.000000e+00 0.000000e+00 2.073623e-10 2.073623e-10   0.0%
Macro                0.000000e+00 0.000000e+00 0.000000e+00 0.000000e+00   0.0%
Pad                  0.000000e+00 0.000000e+00 0.000000e+00 0.000000e+00   0.0%
------------------------------------------------------------------------
Total                3.177193e-04 3.411996e-05 2.091106e-09 3.518414e-04 100.0%
                            90.3%         9.7%         0.0%
Writing metric power__internal__total: 0.00031771932845003903
Writing metric power__switching__total: 3.4119955671485513e-5
Writing metric power__leakage__total: 2.091106399149112e-9
Writing metric power__total: 0.00035184138687327504

