
===========================================================================
 report_power
============================================================================
======================= nom_ss_100C_1v60 Corner ===================================

Group                    Internal    Switching      Leakage        Total
                            Power        Power        Power        Power (Watts)
------------------------------------------------------------------------
Sequential           8.565139e-05 2.410266e-05 1.684910e-07 1.099225e-04  31.0%
Combinational        7.268710e-05 5.644674e-05 3.253505e-07 1.294592e-04  36.5%
Clock                9.048826e-05 2.454790e-05 6.368985e-08 1.150999e-04  32.5%
Macro                0.000000e+00 0.000000e+00 0.000000e+00 0.000000e+00   0.0%
Pad                  0.000000e+00 0.000000e+00 0.000000e+00 0.000000e+00   0.0%
------------------------------------------------------------------------
Total                2.488267e-04 1.050973e-04 5.575310e-07 3.544816e-04 100.0%
                            70.2%        29.6%         0.2%

