
===========================================================================
 report_power
============================================================================
======================= min_ss_100C_1v60 Corner ===================================

Group                    Internal    Switching      Leakage        Total
                            Power        Power        Power        Power (Watts)
------------------------------------------------------------------------
Sequential           8.565187e-05 2.327810e-05 1.684910e-07 1.090985e-04  31.0%
Combinational        7.265782e-05 5.507856e-05 3.253505e-07 1.280617e-04  36.4%
Clock                9.041924e-05 2.383326e-05 6.368985e-08 1.143162e-04  32.5%
Macro                0.000000e+00 0.000000e+00 0.000000e+00 0.000000e+00   0.0%
Pad                  0.000000e+00 0.000000e+00 0.000000e+00 0.000000e+00   0.0%
------------------------------------------------------------------------
Total                2.487290e-04 1.021899e-04 5.575310e-07 3.514765e-04 100.0%
                            70.8%        29.1%         0.2%

