Clock: clk
Sources: clk 
Generated: no
Virtual: yes
Propagated: no
Period: 5.000000

===========================================================================
report_clock_properties
============================================================================
Clock                   Period          Waveform
----------------------------------------------------
clk                   5.000000    0.000000  2.500000

===========================================================================
report_clock_latency
============================================================================
Clock clk
rise -> rise
    min     max
0.000000 0.000000 source latency
0.343121         network latency _781_/CLK
        0.347144 network latency _787_/CLK
---------------
0.343121 0.347144 latency
        0.004023 skew

fall -> fall
    min     max
0.000000 0.000000 source latency
0.327877         network latency _781_/CLK
        0.331496 network latency _787_/CLK
---------------
0.327877 0.331496 latency
        0.003620 skew



===========================================================================
report_clock_min_period
============================================================================
clk period_min = 3.73 fmax = 268.26
