
===========================================================================
 report_power
============================================================================
======================= max_ff_n40C_1v95 Corner ===================================

Group                    Internal    Switching      Leakage        Total
                            Power        Power        Power        Power (Watts)
------------------------------------------------------------------------
Sequential           3.666024e-04 6.638408e-05 5.420337e-10 4.329870e-04  42.3%
Combinational        1.394314e-04 1.131252e-04 1.499179e-09 2.525581e-04  24.7%
Clock                2.143193e-04 1.239617e-04 1.034319e-09 3.382821e-04  33.0%
Macro                0.000000e+00 0.000000e+00 0.000000e+00 0.000000e+00   0.0%
Pad                  0.000000e+00 0.000000e+00 0.000000e+00 0.000000e+00   0.0%
------------------------------------------------------------------------
Total                7.203531e-04 3.034709e-04 3.075524e-09 1.023827e-03 100.0%
                            70.4%        29.6%         0.0%

