
===========================================================================
 report_power
============================================================================
======================= nom_tt_025C_1v80 Corner ===================================

Group                    Internal    Switching      Leakage        Total
                            Power        Power        Power        Power (Watts)
------------------------------------------------------------------------
Sequential           1.818576e-04 5.506700e-05 1.995762e-10 2.369248e-04  37.5%
Combinational        1.414661e-04 9.871546e-05 6.955179e-10 2.401822e-04  38.1%
Clock                1.063031e-04 4.772685e-05 1.834411e-10 1.540302e-04  24.4%
Macro                0.000000e+00 0.000000e+00 0.000000e+00 0.000000e+00   0.0%
Pad                  0.000000e+00 0.000000e+00 0.000000e+00 0.000000e+00   0.0%
------------------------------------------------------------------------
Total                4.296267e-04 2.015093e-04 1.078535e-09 6.311371e-04 100.0%
                            68.1%        31.9%         0.0%
Writing metric power__internal__total: 0.00042962669976986945
Writing metric power__switching__total: 0.00020150926138740033
Writing metric power__leakage__total: 1.0785351500786078e-9
Writing metric power__total: 0.0006311370525509119

