
===========================================================================
Violator List
============================================================================
[setup in-reg] psc[0] -> _796_/D : -5.352711
[setup in-reg] psc[0] -> _783_/D : -5.341012
[setup in-reg] psc[0] -> _773_/D : -5.337828
[setup in-reg] psc[0] -> _780_/D : -5.334485
[setup in-reg] psc[0] -> _791_/D : -5.325895
[setup in-reg] psc[0] -> _797_/D : -5.313679
[setup in-reg] psc[0] -> _777_/D : -5.311267
[setup in-reg] psc[0] -> _800_/D : -5.310032
[setup in-reg] psc[0] -> _782_/D : -5.309371
[setup in-reg] psc[0] -> _786_/D : -5.307873
[setup in-reg] psc[0] -> _785_/D : -5.306198
[setup in-reg] psc[0] -> _799_/D : -5.305393
[setup in-reg] psc[0] -> _784_/D : -5.305034
[setup in-reg] psc[0] -> _776_/D : -5.303943
[setup in-reg] psc[0] -> _795_/D : -5.300456
[setup in-reg] psc[0] -> _779_/D : -5.300081
[setup in-reg] psc[0] -> _801_/D : -5.300073
[setup in-reg] psc[0] -> _775_/D : -5.299693
[setup in-reg] psc[0] -> _793_/D : -5.299514
[setup in-reg] psc[0] -> _789_/D : -5.299501
[setup in-reg] psc[0] -> _778_/D : -5.298796
[setup in-reg] psc[0] -> _781_/D : -5.281742
[setup in-reg] psc[0] -> _798_/D : -5.272844
[setup in-reg] psc[0] -> _788_/D : -5.272261
[setup in-reg] psc[0] -> _792_/D : -5.269995
[setup in-reg] psc[0] -> _803_/D : -5.268071
[setup in-reg] psc[0] -> _787_/D : -5.262810
[setup in-reg] psc[0] -> _794_/D : -5.241180
[setup in-reg] psc[0] -> _774_/D : -5.238358
[setup in-reg] psc[0] -> _802_/D : -5.237953
[setup in-reg] psc[0] -> _790_/D : -5.168207
[setup in-reg] psc[0] -> _804_/D : -5.135480
[setup reg-reg] _784_/Q -> _772_/D : -0.067924
