
===========================================================================
report_checks -unconstrained
===========================================================================
======================= max_ss_100C_1v60 Corner ===================================

Startpoint: rst (input port clocked by clk)
Endpoint: _119_ (recovery check against rising-edge clock clk)
Path Group: asynchronous
Path Type: max

Fanout         Cap        Slew       Delay        Time   Description
---------------------------------------------------------------------------------------------
                                  0.000000    0.000000   clock clk (rise edge)
                                  0.000000    0.000000   clock network delay (propagated)
                                  1.000000    1.000000 v input external delay
     1    0.002132    0.015928    0.007167    1.007167 v rst (in)
                                                         rst (net)
                      0.015928    0.000000    1.007167 v hold2/A (sky130_fd_sc_hd__dlygate4sd3_1)
     1    0.002533    0.103741    1.096604    2.103771 v hold2/X (sky130_fd_sc_hd__dlygate4sd3_1)
                                                         net12 (net)
                      0.103741    0.000171    2.103942 v input9/A (sky130_fd_sc_hd__clkbuf_4)
     9    0.049391    0.186684    0.377850    2.481793 v input9/X (sky130_fd_sc_hd__clkbuf_4)
                                                         net9 (net)
                      0.186792    0.004116    2.485909 v _110_/A (sky130_fd_sc_hd__inv_2)
     1    0.004034    0.065043    0.117514    2.603423 ^ _110_/Y (sky130_fd_sc_hd__inv_2)
                                                         _015_ (net)
                      0.065043    0.000218    2.603641 ^ _119_/RESET_B (sky130_fd_sc_hd__dfrtp_1)
                                              2.603641   data arrival time

                                  5.000000    5.000000   clock clk (rise edge)
                                  0.000000    5.000000   clock source latency
     1    0.009659    0.078824    0.050846    5.050846 ^ clk (in)
                                                         clk (net)
                      0.078827    0.000000    5.050846 ^ clkbuf_0_clk/A (sky130_fd_sc_hd__clkbuf_16)
     2    0.021477    0.069272    0.227283    5.278129 ^ clkbuf_0_clk/X (sky130_fd_sc_hd__clkbuf_16)
                                                         clknet_0_clk (net)
                      0.069296    0.001342    5.279471 ^ clkbuf_1_0__f_clk/A (sky130_fd_sc_hd__clkbuf_16)
     5    0.015274    0.061556    0.214429    5.493900 ^ clkbuf_1_0__f_clk/X (sky130_fd_sc_hd__clkbuf_16)
                                                         clknet_1_0__leaf_clk (net)
                      0.061556    0.000638    5.494538 ^ _119_/CLK (sky130_fd_sc_hd__dfrtp_1)
                                 -0.250000    5.244538   clock uncertainty
                                  0.000000    5.244538   clock reconvergence pessimism
                                  0.461607    5.706145   library recovery time
                                              5.706145   data required time
---------------------------------------------------------------------------------------------
                                              5.706145   data required time
                                             -2.603641   data arrival time
---------------------------------------------------------------------------------------------
                                              3.102504   slack (MET)


Startpoint: _112_ (rising edge-triggered flip-flop clocked by clk)
Endpoint: _118_ (rising edge-triggered flip-flop clocked by clk)
Path Group: clk
Path Type: max

Fanout         Cap        Slew       Delay        Time   Description
---------------------------------------------------------------------------------------------
                                  0.000000    0.000000   clock clk (rise edge)
                                  0.000000    0.000000   clock source latency
     1    0.009659    0.078824    0.050846    0.050846 ^ clk (in)
                                                         clk (net)
                      0.078827    0.000000    0.050846 ^ clkbuf_0_clk/A (sky130_fd_sc_hd__clkbuf_16)
     2    0.021477    0.069272    0.227282    0.278129 ^ clkbuf_0_clk/X (sky130_fd_sc_hd__clkbuf_16)
                                                         clknet_0_clk (net)
                      0.069295    0.001292    0.279420 ^ clkbuf_1_1__f_clk/A (sky130_fd_sc_hd__clkbuf_16)
     5    0.012795    0.058459    0.210920    0.490340 ^ clkbuf_1_1__f_clk/X (sky130_fd_sc_hd__clkbuf_16)
                                                         clknet_1_1__leaf_clk (net)
                      0.058460    0.000650    0.490990 ^ _112_/CLK (sky130_fd_sc_hd__dfrtp_1)
     5    0.012428    0.161151    0.819622    1.310612 v _112_/Q (sky130_fd_sc_hd__dfrtp_1)
                                                         psc_cnt[0] (net)
                      0.161154    0.000881    1.311493 v _088_/C (sky130_fd_sc_hd__and3_1)
     4    0.010508    0.134492    0.472649    1.784142 v _088_/X (sky130_fd_sc_hd__and3_1)
                                                         _046_ (net)
                      0.134498    0.001087    1.785229 v _091_/B (sky130_fd_sc_hd__and2_1)
     3    0.008013    0.109334    0.390016    2.175245 v _091_/X (sky130_fd_sc_hd__and2_1)
                                                         _048_ (net)
                      0.109334    0.000408    2.175653 v _097_/C (sky130_fd_sc_hd__and3_1)
     3    0.008889    0.120457    0.433478    2.609131 v _097_/X (sky130_fd_sc_hd__and3_1)
                                                         _052_ (net)
                      0.120457    0.000500    2.609631 v _101_/B (sky130_fd_sc_hd__or2_1)
     1    0.002159    0.090644    0.465494    3.075125 v _101_/X (sky130_fd_sc_hd__or2_1)
                                                         _055_ (net)
                      0.090644    0.000134    3.075259 v _102_/C (sky130_fd_sc_hd__and3_1)
     1    0.003132    0.073180    0.371476    3.446735 v _102_/X (sky130_fd_sc_hd__and3_1)
                                                         _006_ (net)
                      0.073180    0.000189    3.446924 v _118_/D (sky130_fd_sc_hd__dfrtp_1)
                                              3.446924   data arrival time

                                  5.000000    5.000000   clock clk (rise edge)
                                  0.000000    5.000000   clock source latency
     1    0.009659    0.078824    0.050846    5.050846 ^ clk (in)
                                                         clk (net)
                      0.078827    0.000000    5.050846 ^ clkbuf_0_clk/A (sky130_fd_sc_hd__clkbuf_16)
     2    0.021477    0.069272    0.227283    5.278129 ^ clkbuf_0_clk/X (sky130_fd_sc_hd__clkbuf_16)
                                                         clknet_0_clk (net)
                      0.069296    0.001342    5.279471 ^ clkbuf_1_0__f_clk/A (sky130_fd_sc_hd__clkbuf_16)
     5    0.015274    0.061556    0.214429    5.493900 ^ clkbuf_1_0__f_clk/X (sky130_fd_sc_hd__clkbuf_16)
                                                         clknet_1_0__leaf_clk (net)
                      0.061556    0.000502    5.494402 ^ _118_/CLK (sky130_fd_sc_hd__dfrtp_1)
                                 -0.250000    5.244402   clock uncertainty
                                  0.000000    5.244402   clock reconvergence pessimism
                                 -0.280141    4.964261   library setup time
                                              4.964261   data required time
---------------------------------------------------------------------------------------------
                                              4.964261   data required time
                                             -3.446924   data arrival time
---------------------------------------------------------------------------------------------
                                              1.517337   slack (MET)




===========================================================================
report_checks --slack_max -0.01
============================================================================
======================= max_ss_100C_1v60 Corner ===================================

No paths found.


===========================================================================
 report_check_types -max_slew -max_cap -max_fanout -violators
============================================================================
======================= max_ss_100C_1v60 Corner ===================================



===========================================================================
report_parasitic_annotation -report_unannotated
============================================================================
Found 1 unannotated drivers.
 clkload0/X
Found 0 partially unannotated drivers.

===========================================================================
max slew violation count 0
max fanout violation count 0
max cap violation count 0
============================================================================

===========================================================================
check_setup -verbose -unconstrained_endpoints -multiple_clock -no_clock -no_input_delay -loops -generated_clocks
===========================================================================
