
===========================================================================
 report_power
============================================================================
======================= max_ss_100C_1v60 Corner ===================================

Group                    Internal    Switching      Leakage        Total
                            Power        Power        Power        Power (Watts)
------------------------------------------------------------------------
Sequential           8.564210e-05 2.477063e-05 1.684910e-07 1.105812e-04  30.9%
Combinational        7.270671e-05 5.776859e-05 3.253505e-07 1.308006e-04  36.6%
Clock                9.056668e-05 2.536776e-05 6.368985e-08 1.159981e-04  32.5%
Macro                0.000000e+00 0.000000e+00 0.000000e+00 0.000000e+00   0.0%
Pad                  0.000000e+00 0.000000e+00 0.000000e+00 0.000000e+00   0.0%
------------------------------------------------------------------------
Total                2.489155e-04 1.079070e-04 5.575310e-07 3.573800e-04 100.0%
                            69.7%        30.2%         0.2%

