
===========================================================================
report_checks -path_delay min (Hold)
============================================================================
======================= nom_tt_025C_1v80 Corner ===================================

Startpoint: _353_ (rising edge-triggered flip-flop clocked by clk)
Endpoint: _354_ (rising edge-triggered flip-flop clocked by clk)
Path Group: clk
Path Type: min

Fanout         Cap        Slew       Delay        Time   Description
---------------------------------------------------------------------------------------------
                                  0.000000    0.000000   clock clk (rise edge)
                                  0.000000    0.000000   clock source latency
    17    0.043185    0.198564    0.137838    0.137838 ^ clk (in)
                                                         clk (net)
                      0.198567    0.000000    0.137838 ^ _353_/CLK (sky130_fd_sc_hd__dfrtp_2)
     7    0.021508    0.117323    0.457986    0.595824 ^ _353_/Q (sky130_fd_sc_hd__dfrtp_2)
                                                         counter[0] (net)
                      0.117323    0.000048    0.595872 ^ _223_/A (sky130_fd_sc_hd__nand2_2)
     1    0.001532    0.027904    0.044544    0.640416 v _223_/Y (sky130_fd_sc_hd__nand2_2)
                                                         _049_ (net)
                      0.027904    0.000000    0.640417 v _257_/A (sky130_fd_sc_hd__and3_2)
     1    0.002015    0.032218    0.155961    0.796378 v _257_/X (sky130_fd_sc_hd__and3_2)
                                                         _007_ (net)
                      0.032218    0.000000    0.796378 v _354_/D (sky130_fd_sc_hd__dfrtp_2)
                                              0.796378   data arrival time

                                  0.000000    0.000000   clock clk (rise edge)
                                  0.000000    0.000000   clock source latency
    17    0.043185    0.198564    0.137841    0.137841 ^ clk (in)
                                                         clk (net)
                      0.198567    0.000000    0.137841 ^ _354_/CLK (sky130_fd_sc_hd__dfrtp_2)
                                  0.250000    0.387841   clock uncertainty
                                  0.000000    0.387841   clock reconvergence pessimism
                                 -0.001890    0.385951   library hold time
                                              0.385951   data required time
---------------------------------------------------------------------------------------------
                                              0.385951   data required time
                                             -0.796378   data arrival time
---------------------------------------------------------------------------------------------
                                              0.410427   slack (MET)


Startpoint: _368_ (rising edge-triggered flip-flop clocked by clk)
Endpoint: _368_ (rising edge-triggered flip-flop clocked by clk)
Path Group: clk
Path Type: min

Fanout         Cap        Slew       Delay        Time   Description
---------------------------------------------------------------------------------------------
                                  0.000000    0.000000   clock clk (rise edge)
                                  0.000000    0.000000   clock source latency
    17    0.043185    0.198564    0.137908    0.137908 ^ clk (in)
                                                         clk (net)
                      0.198568    0.000000    0.137908 ^ _368_/CLK (sky130_fd_sc_hd__dfrtp_2)
     5    0.022294    0.120769    0.460632    0.598540 ^ _368_/Q (sky130_fd_sc_hd__dfrtp_2)
                                                         counter[15] (net)
                      0.120769    0.000093    0.598633 ^ _297_/A (sky130_fd_sc_hd__nand2_2)
     1    0.001527    0.020557    0.045036    0.643670 v _297_/Y (sky130_fd_sc_hd__nand2_2)
                                                         _108_ (net)
                      0.020557    0.000000    0.643670 v _299_/B (sky130_fd_sc_hd__and3_2)
     1    0.002295    0.032963    0.173892    0.817562 v _299_/X (sky130_fd_sc_hd__and3_2)
                                                         _006_ (net)
                      0.032963    0.000004    0.817567 v _368_/D (sky130_fd_sc_hd__dfrtp_2)
                                              0.817567   data arrival time

                                  0.000000    0.000000   clock clk (rise edge)
                                  0.000000    0.000000   clock source latency
    17    0.043185    0.198564    0.137908    0.137908 ^ clk (in)
                                                         clk (net)
                      0.198568    0.000000    0.137908 ^ _368_/CLK (sky130_fd_sc_hd__dfrtp_2)
                                  0.250000    0.387908   clock uncertainty
                                  0.000000    0.387908   clock reconvergence pessimism
                                 -0.002192    0.385716   library hold time
                                              0.385716   data required time
---------------------------------------------------------------------------------------------
                                              0.385716   data required time
                                             -0.817567   data arrival time
---------------------------------------------------------------------------------------------
                                              0.431851   slack (MET)


Startpoint: _353_ (rising edge-triggered flip-flop clocked by clk)
Endpoint: _353_ (rising edge-triggered flip-flop clocked by clk)
Path Group: clk
Path Type: min

Fanout         Cap        Slew       Delay        Time   Description
---------------------------------------------------------------------------------------------
                                  0.000000    0.000000   clock clk (rise edge)
                                  0.000000    0.000000   clock source latency
    17    0.043185    0.198564    0.137838    0.137838 ^ clk (in)
                                                         clk (net)
                      0.198567    0.000000    0.137838 ^ _353_/CLK (sky130_fd_sc_hd__dfrtp_2)
     7    0.021508    0.117323    0.457986    0.595824 ^ _353_/Q (sky130_fd_sc_hd__dfrtp_2)
                                                         counter[0] (net)
                      0.117323    0.000056    0.595880 ^ _176_/A (sky130_fd_sc_hd__inv_2)
     4    0.011598    0.046043    0.063757    0.659637 v _176_/Y (sky130_fd_sc_hd__inv_2)
                                                         _145_ (net)
                      0.046043    0.000004    0.659641 v _255_/A (sky130_fd_sc_hd__and2_2)
     1    0.002133    0.033134    0.159681    0.819322 v _255_/X (sky130_fd_sc_hd__and2_2)
                                                         _000_ (net)
                      0.033134    0.000003    0.819325 v _353_/D (sky130_fd_sc_hd__dfrtp_2)
                                              0.819325   data arrival time

                                  0.000000    0.000000   clock clk (rise edge)
                                  0.000000    0.000000   clock source latency
    17    0.043185    0.198564    0.137838    0.137838 ^ clk (in)
                                                         clk (net)
                      0.198567    0.000000    0.137838 ^ _353_/CLK (sky130_fd_sc_hd__dfrtp_2)
                                  0.250000    0.387838   clock uncertainty
                                  0.000000    0.387838   clock reconvergence pessimism
                                 -0.002262    0.385577   library hold time
                                              0.385577   data required time
---------------------------------------------------------------------------------------------
                                              0.385577   data required time
                                             -0.819325   data arrival time
---------------------------------------------------------------------------------------------
                                              0.433748   slack (MET)


Startpoint: _355_ (rising edge-triggered flip-flop clocked by clk)
Endpoint: _355_ (rising edge-triggered flip-flop clocked by clk)
Path Group: clk
Path Type: min

Fanout         Cap        Slew       Delay        Time   Description
---------------------------------------------------------------------------------------------
                                  0.000000    0.000000   clock clk (rise edge)
                                  0.000000    0.000000   clock source latency
    17    0.043185    0.198564    0.137867    0.137867 ^ clk (in)
                                                         clk (net)
                      0.198568    0.000000    0.137867 ^ _355_/CLK (sky130_fd_sc_hd__dfrtp_2)
     7    0.016953    0.097576    0.442306    0.580173 ^ _355_/Q (sky130_fd_sc_hd__dfrtp_2)
                                                         counter[2] (net)
                      0.097576    0.000085    0.580257 ^ _259_/B1 (sky130_fd_sc_hd__a21o_2)
     1    0.001732    0.023158    0.091756    0.672013 ^ _259_/X (sky130_fd_sc_hd__a21o_2)
                                                         _083_ (net)
                      0.023158    0.000002    0.672015 ^ _260_/B (sky130_fd_sc_hd__and3b_2)
     1    0.002171    0.040020    0.152320    0.824335 ^ _260_/X (sky130_fd_sc_hd__and3b_2)
                                                         _008_ (net)
                      0.040020    0.000002    0.824337 ^ _355_/D (sky130_fd_sc_hd__dfrtp_2)
                                              0.824337   data arrival time

                                  0.000000    0.000000   clock clk (rise edge)
                                  0.000000    0.000000   clock source latency
    17    0.043185    0.198564    0.137867    0.137867 ^ clk (in)
                                                         clk (net)
                      0.198568    0.000000    0.137867 ^ _355_/CLK (sky130_fd_sc_hd__dfrtp_2)
                                  0.250000    0.387867   clock uncertainty
                                  0.000000    0.387867   clock reconvergence pessimism
                                 -0.012681    0.375186   library hold time
                                              0.375186   data required time
---------------------------------------------------------------------------------------------
                                              0.375186   data required time
                                             -0.824337   data arrival time
---------------------------------------------------------------------------------------------
                                              0.449151   slack (MET)


Startpoint: _357_ (rising edge-triggered flip-flop clocked by clk)
Endpoint: _357_ (rising edge-triggered flip-flop clocked by clk)
Path Group: clk
Path Type: min

Fanout         Cap        Slew       Delay        Time   Description
---------------------------------------------------------------------------------------------
                                  0.000000    0.000000   clock clk (rise edge)
                                  0.000000    0.000000   clock source latency
    17    0.043185    0.198564    0.137895    0.137895 ^ clk (in)
                                                         clk (net)
                      0.198568    0.000000    0.137895 ^ _357_/CLK (sky130_fd_sc_hd__dfrtp_2)
     9    0.026935    0.141138    0.476459    0.614354 ^ _357_/Q (sky130_fd_sc_hd__dfrtp_2)
                                                         counter[4] (net)
                      0.141138    0.000139    0.614493 ^ _264_/A (sky130_fd_sc_hd__nand2_2)
     1    0.001562    0.026899    0.046545    0.661038 v _264_/Y (sky130_fd_sc_hd__nand2_2)
                                                         _086_ (net)
                      0.026899    0.000000    0.661039 v _266_/B (sky130_fd_sc_hd__and3_2)
     1    0.002127    0.032443    0.175774    0.836814 v _266_/X (sky130_fd_sc_hd__and3_2)
                                                         _010_ (net)
                      0.032443    0.000002    0.836816 v _357_/D (sky130_fd_sc_hd__dfrtp_2)
                                              0.836816   data arrival time

                                  0.000000    0.000000   clock clk (rise edge)
                                  0.000000    0.000000   clock source latency
    17    0.043185    0.198564    0.137895    0.137895 ^ clk (in)
                                                         clk (net)
                      0.198568    0.000000    0.137895 ^ _357_/CLK (sky130_fd_sc_hd__dfrtp_2)
                                  0.250000    0.387895   clock uncertainty
                                  0.000000    0.387895   clock reconvergence pessimism
                                 -0.001981    0.385914   library hold time
                                              0.385914   data required time
---------------------------------------------------------------------------------------------
                                              0.385914   data required time
                                             -0.836816   data arrival time
---------------------------------------------------------------------------------------------
                                              0.450902   slack (MET)


Startpoint: _363_ (rising edge-triggered flip-flop clocked by clk)
Endpoint: _363_ (rising edge-triggered flip-flop clocked by clk)
Path Group: clk
Path Type: min

Fanout         Cap        Slew       Delay        Time   Description
---------------------------------------------------------------------------------------------
                                  0.000000    0.000000   clock clk (rise edge)
                                  0.000000    0.000000   clock source latency
    17    0.043185    0.198564    0.137290    0.137290 ^ clk (in)
                                                         clk (net)
                      0.198564    0.000000    0.137290 ^ _363_/CLK (sky130_fd_sc_hd__dfrtp_2)
     9    0.028079    0.148652    0.480573    0.617863 ^ _363_/Q (sky130_fd_sc_hd__dfrtp_2)
                                                         counter[10] (net)
                      0.148652    0.000031    0.617894 ^ _282_/A (sky130_fd_sc_hd__nand2_2)
     1    0.001576    0.021902    0.047062    0.664955 v _282_/Y (sky130_fd_sc_hd__nand2_2)
                                                         _098_ (net)
                      0.021902    0.000000    0.664956 v _284_/B (sky130_fd_sc_hd__and3_2)
     1    0.002592    0.033135    0.175917    0.840872 v _284_/X (sky130_fd_sc_hd__and3_2)
                                                         _001_ (net)
                      0.033135    0.000008    0.840880 v _363_/D (sky130_fd_sc_hd__dfrtp_2)
                                              0.840880   data arrival time

                                  0.000000    0.000000   clock clk (rise edge)
                                  0.000000    0.000000   clock source latency
    17    0.043185    0.198564    0.137290    0.137290 ^ clk (in)
                                                         clk (net)
                      0.198564    0.000000    0.137290 ^ _363_/CLK (sky130_fd_sc_hd__dfrtp_2)
                                  0.250000    0.387290   clock uncertainty
                                  0.000000    0.387290   clock reconvergence pessimism
                                 -0.002263    0.385027   library hold time
                                              0.385027   data required time
---------------------------------------------------------------------------------------------
                                              0.385027   data required time
                                             -0.840880   data arrival time
---------------------------------------------------------------------------------------------
                                              0.455853   slack (MET)


Startpoint: _359_ (rising edge-triggered flip-flop clocked by clk)
Endpoint: _359_ (rising edge-triggered flip-flop clocked by clk)
Path Group: clk
Path Type: min

Fanout         Cap        Slew       Delay        Time   Description
---------------------------------------------------------------------------------------------
                                  0.000000    0.000000   clock clk (rise edge)
                                  0.000000    0.000000   clock source latency
    17    0.043185    0.198564    0.137805    0.137805 ^ clk (in)
                                                         clk (net)
                      0.198567    0.000000    0.137805 ^ _359_/CLK (sky130_fd_sc_hd__dfrtp_2)
     6    0.015028    0.089301    0.435707    0.573511 ^ _359_/Q (sky130_fd_sc_hd__dfrtp_2)
                                                         counter[6] (net)
                      0.089301    0.000029    0.573541 ^ _271_/A (sky130_fd_sc_hd__or2_2)
     1    0.001798    0.025026    0.107508    0.681049 ^ _271_/X (sky130_fd_sc_hd__or2_2)
                                                         _091_ (net)
                      0.025026    0.000002    0.681051 ^ _272_/B (sky130_fd_sc_hd__and3b_2)
     1    0.002126    0.039798    0.152584    0.833635 ^ _272_/X (sky130_fd_sc_hd__and3b_2)
                                                         _012_ (net)
                      0.039798    0.000001    0.833636 ^ _359_/D (sky130_fd_sc_hd__dfrtp_2)
                                              0.833636   data arrival time

                                  0.000000    0.000000   clock clk (rise edge)
                                  0.000000    0.000000   clock source latency
    17    0.043185    0.198564    0.137805    0.137805 ^ clk (in)
                                                         clk (net)
                      0.198567    0.000000    0.137805 ^ _359_/CLK (sky130_fd_sc_hd__dfrtp_2)
                                  0.250000    0.387805   clock uncertainty
                                  0.000000    0.387805   clock reconvergence pessimism
                                 -0.012636    0.375169   library hold time
                                              0.375169   data required time
---------------------------------------------------------------------------------------------
                                              0.375169   data required time
                                             -0.833636   data arrival time
---------------------------------------------------------------------------------------------
                                              0.458467   slack (MET)


Startpoint: _358_ (rising edge-triggered flip-flop clocked by clk)
Endpoint: _358_ (rising edge-triggered flip-flop clocked by clk)
Path Group: clk
Path Type: min

Fanout         Cap        Slew       Delay        Time   Description
---------------------------------------------------------------------------------------------
                                  0.000000    0.000000   clock clk (rise edge)
                                  0.000000    0.000000   clock source latency
    17    0.043185    0.198564    0.137827    0.137827 ^ clk (in)
                                                         clk (net)
                      0.198567    0.000000    0.137827 ^ _358_/CLK (sky130_fd_sc_hd__dfrtp_2)
     7    0.019166    0.107154    0.449888    0.587715 ^ _358_/Q (sky130_fd_sc_hd__dfrtp_2)
                                                         counter[5] (net)
                      0.107154    0.000043    0.587758 ^ _268_/B1 (sky130_fd_sc_hd__a21o_2)
     1    0.001680    0.023185    0.094607    0.682365 ^ _268_/X (sky130_fd_sc_hd__a21o_2)
                                                         _089_ (net)
                      0.023185    0.000001    0.682367 ^ _269_/B (sky130_fd_sc_hd__and3b_2)
     1    0.002125    0.039783    0.152044    0.834411 ^ _269_/X (sky130_fd_sc_hd__and3b_2)
                                                         _011_ (net)
                      0.039783    0.000001    0.834412 ^ _358_/D (sky130_fd_sc_hd__dfrtp_2)
                                              0.834412   data arrival time

                                  0.000000    0.000000   clock clk (rise edge)
                                  0.000000    0.000000   clock source latency
    17    0.043185    0.198564    0.137827    0.137827 ^ clk (in)
                                                         clk (net)
                      0.198567    0.000000    0.137827 ^ _358_/CLK (sky130_fd_sc_hd__dfrtp_2)
                                  0.250000    0.387827   clock uncertainty
                                  0.000000    0.387827   clock reconvergence pessimism
                                 -0.012633    0.375195   library hold time
                                              0.375195   data required time
---------------------------------------------------------------------------------------------
                                              0.375195   data required time
                                             -0.834412   data arrival time
---------------------------------------------------------------------------------------------
                                              0.459217   slack (MET)


Startpoint: _361_ (rising edge-triggered flip-flop clocked by clk)
Endpoint: _361_ (rising edge-triggered flip-flop clocked by clk)
Path Group: clk
Path Type: min

Fanout         Cap        Slew       Delay        Time   Description
---------------------------------------------------------------------------------------------
                                  0.000000    0.000000   clock clk (rise edge)
                                  0.000000    0.000000   clock source latency
    17    0.043185    0.198564    0.137551    0.137551 ^ clk (in)
                                                         clk (net)
                      0.198565    0.000000    0.137551 ^ _361_/CLK (sky130_fd_sc_hd__dfrtp_2)
     5    0.015106    0.089625    0.436012    0.573563 ^ _361_/Q (sky130_fd_sc_hd__dfrtp_2)
                                                         counter[8] (net)
                      0.089625    0.000006    0.573569 ^ _277_/A (sky130_fd_sc_hd__or2_2)
     1    0.001910    0.025550    0.108125    0.681695 ^ _277_/X (sky130_fd_sc_hd__or2_2)
                                                         _095_ (net)
                      0.025550    0.000003    0.681698 ^ _278_/B (sky130_fd_sc_hd__and3b_2)
     1    0.002121    0.039771    0.152701    0.834398 ^ _278_/X (sky130_fd_sc_hd__and3b_2)
                                                         _014_ (net)
                      0.039771    0.000001    0.834399 ^ _361_/D (sky130_fd_sc_hd__dfrtp_2)
                                              0.834399   data arrival time

                                  0.000000    0.000000   clock clk (rise edge)
                                  0.000000    0.000000   clock source latency
    17    0.043185    0.198564    0.137551    0.137551 ^ clk (in)
                                                         clk (net)
                      0.198565    0.000000    0.137551 ^ _361_/CLK (sky130_fd_sc_hd__dfrtp_2)
                                  0.250000    0.387551   clock uncertainty
                                  0.000000    0.387551   clock reconvergence pessimism
                                 -0.012631    0.374921   library hold time
                                              0.374921   data required time
---------------------------------------------------------------------------------------------
                                              0.374921   data required time
                                             -0.834399   data arrival time
---------------------------------------------------------------------------------------------
                                              0.459479   slack (MET)


Startpoint: _366_ (rising edge-triggered flip-flop clocked by clk)
Endpoint: _366_ (rising edge-triggered flip-flop clocked by clk)
Path Group: clk
Path Type: min

Fanout         Cap        Slew       Delay        Time   Description
---------------------------------------------------------------------------------------------
                                  0.000000    0.000000   clock clk (rise edge)
                                  0.000000    0.000000   clock source latency
    17    0.043185    0.198564    0.137482    0.137482 ^ clk (in)
                                                         clk (net)
                      0.198565    0.000000    0.137482 ^ _366_/CLK (sky130_fd_sc_hd__dfrtp_2)
     5    0.015661    0.092002    0.437930    0.575411 ^ _366_/Q (sky130_fd_sc_hd__dfrtp_2)
                                                         counter[13] (net)
                      0.092002    0.000010    0.575422 ^ _292_/A (sky130_fd_sc_hd__or2_2)
     1    0.001694    0.024541    0.108061    0.683482 ^ _292_/X (sky130_fd_sc_hd__or2_2)
                                                         _105_ (net)
                      0.024541    0.000001    0.683484 ^ _293_/B (sky130_fd_sc_hd__and3b_2)
     1    0.002201    0.040184    0.152908    0.836392 ^ _293_/X (sky130_fd_sc_hd__and3b_2)
                                                         _004_ (net)
                      0.040184    0.000002    0.836394 ^ _366_/D (sky130_fd_sc_hd__dfrtp_2)
                                              0.836394   data arrival time

                                  0.000000    0.000000   clock clk (rise edge)
                                  0.000000    0.000000   clock source latency
    17    0.043185    0.198564    0.137482    0.137482 ^ clk (in)
                                                         clk (net)
                      0.198565    0.000000    0.137482 ^ _366_/CLK (sky130_fd_sc_hd__dfrtp_2)
                                  0.250000    0.387482   clock uncertainty
                                  0.000000    0.387482   clock reconvergence pessimism
                                 -0.012715    0.374767   library hold time
                                              0.374767   data required time
---------------------------------------------------------------------------------------------
                                              0.374767   data required time
                                             -0.836394   data arrival time
---------------------------------------------------------------------------------------------
                                              0.461627   slack (MET)


Startpoint: rst (input port clocked by clk)
Endpoint: _354_ (removal check against rising-edge clock clk)
Path Group: asynchronous
Path Type: min

Fanout         Cap        Slew       Delay        Time   Description
---------------------------------------------------------------------------------------------
                                  0.000000    0.000000   clock clk (rise edge)
                                  0.000000    0.000000   clock network delay (propagated)
                                  1.000000    1.000000 v input external delay
    17    0.084591    0.185939    0.135846    1.135846 v rst (in)
                                                         rst (net)
                      0.185943    0.000000    1.135846 v _337_/A (sky130_fd_sc_hd__inv_2)
     1    0.003638    0.053182    0.085374    1.221220 ^ _337_/Y (sky130_fd_sc_hd__inv_2)
                                                         _019_ (net)
                      0.053182    0.000000    1.221220 ^ _354_/RESET_B (sky130_fd_sc_hd__dfrtp_2)
                                              1.221220   data arrival time

                                  0.000000    0.000000   clock clk (rise edge)
                                  0.000000    0.000000   clock source latency
    17    0.043185    0.198564    0.137841    0.137841 ^ clk (in)
                                                         clk (net)
                      0.198567    0.000000    0.137841 ^ _354_/CLK (sky130_fd_sc_hd__dfrtp_2)
                                  0.250000    0.387841   clock uncertainty
                                  0.000000    0.387841   clock reconvergence pessimism
                                  0.364717    0.752558   library removal time
                                              0.752558   data required time
---------------------------------------------------------------------------------------------
                                              0.752558   data required time
                                             -1.221220   data arrival time
---------------------------------------------------------------------------------------------
                                              0.468662   slack (MET)


Startpoint: rst (input port clocked by clk)
Endpoint: _368_ (removal check against rising-edge clock clk)
Path Group: asynchronous
Path Type: min

Fanout         Cap        Slew       Delay        Time   Description
---------------------------------------------------------------------------------------------
                                  0.000000    0.000000   clock clk (rise edge)
                                  0.000000    0.000000   clock network delay (propagated)
                                  1.000000    1.000000 v input external delay
    17    0.084591    0.185939    0.136095    1.136095 v rst (in)
                                                         rst (net)
                      0.185946    0.000000    1.136095 v _351_/A (sky130_fd_sc_hd__inv_2)
     1    0.003622    0.053104    0.085257    1.221353 ^ _351_/Y (sky130_fd_sc_hd__inv_2)
                                                         _033_ (net)
                      0.053104    0.000000    1.221353 ^ _368_/RESET_B (sky130_fd_sc_hd__dfrtp_2)
                                              1.221353   data arrival time

                                  0.000000    0.000000   clock clk (rise edge)
                                  0.000000    0.000000   clock source latency
    17    0.043185    0.198564    0.137908    0.137908 ^ clk (in)
                                                         clk (net)
                      0.198568    0.000000    0.137908 ^ _368_/CLK (sky130_fd_sc_hd__dfrtp_2)
                                  0.250000    0.387908   clock uncertainty
                                  0.000000    0.387908   clock reconvergence pessimism
                                  0.364696    0.752604   library removal time
                                              0.752604   data required time
---------------------------------------------------------------------------------------------
                                              0.752604   data required time
                                             -1.221353   data arrival time
---------------------------------------------------------------------------------------------
                                              0.468749   slack (MET)


Startpoint: rst (input port clocked by clk)
Endpoint: _367_ (removal check against rising-edge clock clk)
Path Group: asynchronous
Path Type: min

Fanout         Cap        Slew       Delay        Time   Description
---------------------------------------------------------------------------------------------
                                  0.000000    0.000000   clock clk (rise edge)
                                  0.000000    0.000000   clock network delay (propagated)
                                  1.000000    1.000000 v input external delay
    17    0.084591    0.185939    0.136092    1.136092 v rst (in)
                                                         rst (net)
                      0.185946    0.000000    1.136092 v _350_/A (sky130_fd_sc_hd__inv_2)
     1    0.003624    0.053112    0.085269    1.221360 ^ _350_/Y (sky130_fd_sc_hd__inv_2)
                                                         _032_ (net)
                      0.053112    0.000000    1.221360 ^ _367_/RESET_B (sky130_fd_sc_hd__dfrtp_2)
                                              1.221360   data arrival time

                                  0.000000    0.000000   clock clk (rise edge)
                                  0.000000    0.000000   clock source latency
    17    0.043185    0.198564    0.137905    0.137905 ^ clk (in)
                                                         clk (net)
                      0.198568    0.000000    0.137905 ^ _367_/CLK (sky130_fd_sc_hd__dfrtp_2)
                                  0.250000    0.387905   clock uncertainty
                                  0.000000    0.387905   clock reconvergence pessimism
                                  0.364698    0.752603   library removal time
                                              0.752603   data required time
---------------------------------------------------------------------------------------------
                                              0.752603   data required time
                                             -1.221360   data arrival time
---------------------------------------------------------------------------------------------
                                              0.468757   slack (MET)


Startpoint: rst (input port clocked by clk)
Endpoint: _353_ (removal check against rising-edge clock clk)
Path Group: asynchronous
Path Type: min

Fanout         Cap        Slew       Delay        Time   Description
---------------------------------------------------------------------------------------------
                                  0.000000    0.000000   clock clk (rise edge)
                                  0.000000    0.000000   clock network delay (propagated)
                                  1.000000    1.000000 v input external delay
    17    0.084591    0.185939    0.135849    1.135849 v rst (in)
                                                         rst (net)
                      0.185943    0.000000    1.135849 v _336_/A (sky130_fd_sc_hd__inv_2)
     1    0.003656    0.053271    0.085510    1.221359 ^ _336_/Y (sky130_fd_sc_hd__inv_2)
                                                         _018_ (net)
                      0.053271    0.000000    1.221359 ^ _353_/RESET_B (sky130_fd_sc_hd__dfrtp_2)
                                              1.221359   data arrival time

                                  0.000000    0.000000   clock clk (rise edge)
                                  0.000000    0.000000   clock source latency
    17    0.043185    0.198564    0.137838    0.137838 ^ clk (in)
                                                         clk (net)
                      0.198567    0.000000    0.137838 ^ _353_/CLK (sky130_fd_sc_hd__dfrtp_2)
                                  0.250000    0.387838   clock uncertainty
                                  0.000000    0.387838   clock reconvergence pessimism
                                  0.364741    0.752580   library removal time
                                              0.752580   data required time
---------------------------------------------------------------------------------------------
                                              0.752580   data required time
                                             -1.221359   data arrival time
---------------------------------------------------------------------------------------------
                                              0.468780   slack (MET)


Startpoint: rst (input port clocked by clk)
Endpoint: _355_ (removal check against rising-edge clock clk)
Path Group: asynchronous
Path Type: min

Fanout         Cap        Slew       Delay        Time   Description
---------------------------------------------------------------------------------------------
                                  0.000000    0.000000   clock clk (rise edge)
                                  0.000000    0.000000   clock network delay (propagated)
                                  1.000000    1.000000 v input external delay
    17    0.084591    0.185939    0.135787    1.135787 v rst (in)
                                                         rst (net)
                      0.185942    0.000000    1.135787 v _338_/A (sky130_fd_sc_hd__inv_2)
     1    0.003678    0.053379    0.085672    1.221459 ^ _338_/Y (sky130_fd_sc_hd__inv_2)
                                                         _020_ (net)
                      0.053379    0.000002    1.221460 ^ _355_/RESET_B (sky130_fd_sc_hd__dfrtp_2)
                                              1.221460   data arrival time

                                  0.000000    0.000000   clock clk (rise edge)
                                  0.000000    0.000000   clock source latency
    17    0.043185    0.198564    0.137867    0.137867 ^ clk (in)
                                                         clk (net)
                      0.198568    0.000000    0.137867 ^ _355_/CLK (sky130_fd_sc_hd__dfrtp_2)
                                  0.250000    0.387867   clock uncertainty
                                  0.000000    0.387867   clock reconvergence pessimism
                                  0.364771    0.752638   library removal time
                                              0.752638   data required time
---------------------------------------------------------------------------------------------
                                              0.752638   data required time
                                             -1.221460   data arrival time
---------------------------------------------------------------------------------------------
                                              0.468823   slack (MET)


Startpoint: rst (input port clocked by clk)
Endpoint: _356_ (removal check against rising-edge clock clk)
Path Group: asynchronous
Path Type: min

Fanout         Cap        Slew       Delay        Time   Description
---------------------------------------------------------------------------------------------
                                  0.000000    0.000000   clock clk (rise edge)
                                  0.000000    0.000000   clock network delay (propagated)
                                  1.000000    1.000000 v input external delay
    17    0.084591    0.185939    0.135801    1.135801 v rst (in)
                                                         rst (net)
                      0.185943    0.000000    1.135801 v _339_/A (sky130_fd_sc_hd__inv_2)
     1    0.003681    0.053392    0.085692    1.221492 ^ _339_/Y (sky130_fd_sc_hd__inv_2)
                                                         _021_ (net)
                      0.053392    0.000001    1.221494 ^ _356_/RESET_B (sky130_fd_sc_hd__dfrtp_2)
                                              1.221494   data arrival time

                                  0.000000    0.000000   clock clk (rise edge)
                                  0.000000    0.000000   clock source latency
    17    0.043185    0.198564    0.137868    0.137868 ^ clk (in)
                                                         clk (net)
                      0.198568    0.000000    0.137868 ^ _356_/CLK (sky130_fd_sc_hd__dfrtp_2)
                                  0.250000    0.387868   clock uncertainty
                                  0.000000    0.387868   clock reconvergence pessimism
                                  0.364774    0.752642   library removal time
                                              0.752642   data required time
---------------------------------------------------------------------------------------------
                                              0.752642   data required time
                                             -1.221494   data arrival time
---------------------------------------------------------------------------------------------
                                              0.468851   slack (MET)


Startpoint: rst (input port clocked by clk)
Endpoint: _357_ (removal check against rising-edge clock clk)
Path Group: asynchronous
Path Type: min

Fanout         Cap        Slew       Delay        Time   Description
---------------------------------------------------------------------------------------------
                                  0.000000    0.000000   clock clk (rise edge)
                                  0.000000    0.000000   clock network delay (propagated)
                                  1.000000    1.000000 v input external delay
    17    0.084591    0.185939    0.136032    1.136032 v rst (in)
                                                         rst (net)
                      0.185945    0.000000    1.136032 v _340_/A (sky130_fd_sc_hd__inv_2)
     1    0.003676    0.053370    0.085658    1.221690 ^ _340_/Y (sky130_fd_sc_hd__inv_2)
                                                         _022_ (net)
                      0.053370    0.000002    1.221691 ^ _357_/RESET_B (sky130_fd_sc_hd__dfrtp_2)
                                              1.221691   data arrival time

                                  0.000000    0.000000   clock clk (rise edge)
                                  0.000000    0.000000   clock source latency
    17    0.043185    0.198564    0.137895    0.137895 ^ clk (in)
                                                         clk (net)
                      0.198568    0.000000    0.137895 ^ _357_/CLK (sky130_fd_sc_hd__dfrtp_2)
                                  0.250000    0.387895   clock uncertainty
                                  0.000000    0.387895   clock reconvergence pessimism
                                  0.364768    0.752663   library removal time
                                              0.752663   data required time
---------------------------------------------------------------------------------------------
                                              0.752663   data required time
                                             -1.221691   data arrival time
---------------------------------------------------------------------------------------------
                                              0.469028   slack (MET)


Startpoint: rst (input port clocked by clk)
Endpoint: _352_ (removal check against rising-edge clock clk)
Path Group: asynchronous
Path Type: min

Fanout         Cap        Slew       Delay        Time   Description
---------------------------------------------------------------------------------------------
                                  0.000000    0.000000   clock clk (rise edge)
                                  0.000000    0.000000   clock network delay (propagated)
                                  1.000000    1.000000 v input external delay
    17    0.084591    0.185939    0.136109    1.136109 v rst (in)
                                                         rst (net)
                      0.185946    0.000000    1.136109 v _190_/A (sky130_fd_sc_hd__inv_2)
     1    0.003689    0.053431    0.085750    1.221859 ^ _190_/Y (sky130_fd_sc_hd__inv_2)
                                                         _017_ (net)
                      0.053431    0.000002    1.221860 ^ _352_/RESET_B (sky130_fd_sc_hd__dfrtp_2)
                                              1.221860   data arrival time

                                  0.000000    0.000000   clock clk (rise edge)
                                  0.000000    0.000000   clock source latency
    17    0.043185    0.198564    0.137915    0.137915 ^ clk (in)
                                                         clk (net)
                      0.198568    0.000000    0.137915 ^ _352_/CLK (sky130_fd_sc_hd__dfrtp_2)
                                  0.250000    0.387915   clock uncertainty
                                  0.000000    0.387915   clock reconvergence pessimism
                                  0.364785    0.752700   library removal time
                                              0.752700   data required time
---------------------------------------------------------------------------------------------
                                              0.752700   data required time
                                             -1.221860   data arrival time
---------------------------------------------------------------------------------------------
                                              0.469160   slack (MET)


Startpoint: rst (input port clocked by clk)
Endpoint: _358_ (removal check against rising-edge clock clk)
Path Group: asynchronous
Path Type: min

Fanout         Cap        Slew       Delay        Time   Description
---------------------------------------------------------------------------------------------
                                  0.000000    0.000000   clock clk (rise edge)
                                  0.000000    0.000000   clock network delay (propagated)
                                  1.000000    1.000000 v input external delay
    17    0.084591    0.185939    0.136264    1.136264 v rst (in)
                                                         rst (net)
                      0.185949    0.000000    1.136264 v _341_/A (sky130_fd_sc_hd__inv_2)
     1    0.003667    0.053327    0.085593    1.221857 ^ _341_/Y (sky130_fd_sc_hd__inv_2)
                                                         _023_ (net)
                      0.053327    0.000000    1.221858 ^ _358_/RESET_B (sky130_fd_sc_hd__dfrtp_2)
                                              1.221858   data arrival time

                                  0.000000    0.000000   clock clk (rise edge)
                                  0.000000    0.000000   clock source latency
    17    0.043185    0.198564    0.137827    0.137827 ^ clk (in)
                                                         clk (net)
                      0.198567    0.000000    0.137827 ^ _358_/CLK (sky130_fd_sc_hd__dfrtp_2)
                                  0.250000    0.387827   clock uncertainty
                                  0.000000    0.387827   clock reconvergence pessimism
                                  0.364756    0.752584   library removal time
                                              0.752584   data required time
---------------------------------------------------------------------------------------------
                                              0.752584   data required time
                                             -1.221858   data arrival time
---------------------------------------------------------------------------------------------
                                              0.469274   slack (MET)


Startpoint: rst (input port clocked by clk)
Endpoint: _359_ (removal check against rising-edge clock clk)
Path Group: asynchronous
Path Type: min

Fanout         Cap        Slew       Delay        Time   Description
---------------------------------------------------------------------------------------------
                                  0.000000    0.000000   clock clk (rise edge)
                                  0.000000    0.000000   clock network delay (propagated)
                                  1.000000    1.000000 v input external delay
    17    0.084591    0.185939    0.136335    1.136335 v rst (in)
                                                         rst (net)
                      0.185950    0.000000    1.136335 v _342_/A (sky130_fd_sc_hd__inv_2)
     1    0.003656    0.053273    0.085511    1.221846 ^ _342_/Y (sky130_fd_sc_hd__inv_2)
                                                         _024_ (net)
                      0.053273    0.000000    1.221847 ^ _359_/RESET_B (sky130_fd_sc_hd__dfrtp_2)
                                              1.221847   data arrival time

                                  0.000000    0.000000   clock clk (rise edge)
                                  0.000000    0.000000   clock source latency
    17    0.043185    0.198564    0.137805    0.137805 ^ clk (in)
                                                         clk (net)
                      0.198567    0.000000    0.137805 ^ _359_/CLK (sky130_fd_sc_hd__dfrtp_2)
                                  0.250000    0.387805   clock uncertainty
                                  0.000000    0.387805   clock reconvergence pessimism
                                  0.364742    0.752546   library removal time
                                              0.752546   data required time
---------------------------------------------------------------------------------------------
                                              0.752546   data required time
                                             -1.221847   data arrival time
---------------------------------------------------------------------------------------------
                                              0.469301   slack (MET)


Startpoint: rst (input port clocked by clk)
Endpoint: _360_ (removal check against rising-edge clock clk)
Path Group: asynchronous
Path Type: min

Fanout         Cap        Slew       Delay        Time   Description
---------------------------------------------------------------------------------------------
                                  0.000000    0.000000   clock clk (rise edge)
                                  0.000000    0.000000   clock network delay (propagated)
                                  1.000000    1.000000 v input external delay
    17    0.084591    0.185939    0.136500    1.136500 v rst (in)
                                                         rst (net)
                      0.185953    0.000000    1.136500 v _343_/A (sky130_fd_sc_hd__inv_2)
     1    0.003635    0.053170    0.085356    1.221856 ^ _343_/Y (sky130_fd_sc_hd__inv_2)
                                                         _025_ (net)
                      0.053170    0.000000    1.221857 ^ _360_/RESET_B (sky130_fd_sc_hd__dfrtp_2)
                                              1.221857   data arrival time

                                  0.000000    0.000000   clock clk (rise edge)
                                  0.000000    0.000000   clock source latency
    17    0.043185    0.198564    0.137695    0.137695 ^ clk (in)
                                                         clk (net)
                      0.198566    0.000000    0.137695 ^ _360_/CLK (sky130_fd_sc_hd__dfrtp_2)
                                  0.250000    0.387695   clock uncertainty
                                  0.000000    0.387695   clock reconvergence pessimism
                                  0.364714    0.752408   library removal time
                                              0.752408   data required time
---------------------------------------------------------------------------------------------
                                              0.752408   data required time
                                             -1.221857   data arrival time
---------------------------------------------------------------------------------------------
                                              0.469449   slack (MET)


Startpoint: rst (input port clocked by clk)
Endpoint: _361_ (removal check against rising-edge clock clk)
Path Group: asynchronous
Path Type: min

Fanout         Cap        Slew       Delay        Time   Description
---------------------------------------------------------------------------------------------
                                  0.000000    0.000000   clock clk (rise edge)
                                  0.000000    0.000000   clock network delay (propagated)
                                  1.000000    1.000000 v input external delay
    17    0.084591    0.185939    0.136657    1.136657 v rst (in)
                                                         rst (net)
                      0.185957    0.000000    1.136657 v _344_/A (sky130_fd_sc_hd__inv_2)
     1    0.003640    0.053191    0.085388    1.222044 ^ _344_/Y (sky130_fd_sc_hd__inv_2)
                                                         _026_ (net)
                      0.053191    0.000000    1.222045 ^ _361_/RESET_B (sky130_fd_sc_hd__dfrtp_2)
                                              1.222045   data arrival time

                                  0.000000    0.000000   clock clk (rise edge)
                                  0.000000    0.000000   clock source latency
    17    0.043185    0.198564    0.137551    0.137551 ^ clk (in)
                                                         clk (net)
                      0.198565    0.000000    0.137551 ^ _361_/CLK (sky130_fd_sc_hd__dfrtp_2)
                                  0.250000    0.387551   clock uncertainty
                                  0.000000    0.387551   clock reconvergence pessimism
                                  0.364719    0.752270   library removal time
                                              0.752270   data required time
---------------------------------------------------------------------------------------------
                                              0.752270   data required time
                                             -1.222045   data arrival time
---------------------------------------------------------------------------------------------
                                              0.469774   slack (MET)


Startpoint: rst (input port clocked by clk)
Endpoint: _365_ (removal check against rising-edge clock clk)
Path Group: asynchronous
Path Type: min

Fanout         Cap        Slew       Delay        Time   Description
---------------------------------------------------------------------------------------------
                                  0.000000    0.000000   clock clk (rise edge)
                                  0.000000    0.000000   clock network delay (propagated)
                                  1.000000    1.000000 v input external delay
    17    0.084591    0.185939    0.136807    1.136807 v rst (in)
                                                         rst (net)
                      0.185960    0.000000    1.136807 v _348_/A (sky130_fd_sc_hd__inv_2)
     1    0.003652    0.053250    0.085477    1.222285 ^ _348_/Y (sky130_fd_sc_hd__inv_2)
                                                         _030_ (net)
                      0.053250    0.000000    1.222285 ^ _365_/RESET_B (sky130_fd_sc_hd__dfrtp_2)
                                              1.222285   data arrival time

                                  0.000000    0.000000   clock clk (rise edge)
                                  0.000000    0.000000   clock source latency
    17    0.043185    0.198564    0.137476    0.137476 ^ clk (in)
                                                         clk (net)
                      0.198565    0.000000    0.137476 ^ _365_/CLK (sky130_fd_sc_hd__dfrtp_2)
                                  0.250000    0.387476   clock uncertainty
                                  0.000000    0.387476   clock reconvergence pessimism
                                  0.364735    0.752211   library removal time
                                              0.752211   data required time
---------------------------------------------------------------------------------------------
                                              0.752211   data required time
                                             -1.222285   data arrival time
---------------------------------------------------------------------------------------------
                                              0.470074   slack (MET)


Startpoint: rst (input port clocked by clk)
Endpoint: _364_ (removal check against rising-edge clock clk)
Path Group: asynchronous
Path Type: min

Fanout         Cap        Slew       Delay        Time   Description
---------------------------------------------------------------------------------------------
                                  0.000000    0.000000   clock clk (rise edge)
                                  0.000000    0.000000   clock network delay (propagated)
                                  1.000000    1.000000 v input external delay
    17    0.084591    0.185939    0.136763    1.136763 v rst (in)
                                                         rst (net)
                      0.185959    0.000000    1.136763 v _347_/A (sky130_fd_sc_hd__inv_2)
     1    0.003661    0.053298    0.085549    1.222312 ^ _347_/Y (sky130_fd_sc_hd__inv_2)
                                                         _029_ (net)
                      0.053298    0.000000    1.222313 ^ _364_/RESET_B (sky130_fd_sc_hd__dfrtp_2)
                                              1.222313   data arrival time

                                  0.000000    0.000000   clock clk (rise edge)
                                  0.000000    0.000000   clock source latency
    17    0.043185    0.198564    0.137453    0.137453 ^ clk (in)
                                                         clk (net)
                      0.198565    0.000000    0.137453 ^ _364_/CLK (sky130_fd_sc_hd__dfrtp_2)
                                  0.250000    0.387453   clock uncertainty
                                  0.000000    0.387453   clock reconvergence pessimism
                                  0.364748    0.752201   library removal time
                                              0.752201   data required time
---------------------------------------------------------------------------------------------
                                              0.752201   data required time
                                             -1.222313   data arrival time
---------------------------------------------------------------------------------------------
                                              0.470112   slack (MET)


Startpoint: rst (input port clocked by clk)
Endpoint: _366_ (removal check against rising-edge clock clk)
Path Group: asynchronous
Path Type: min

Fanout         Cap        Slew       Delay        Time   Description
---------------------------------------------------------------------------------------------
                                  0.000000    0.000000   clock clk (rise edge)
                                  0.000000    0.000000   clock network delay (propagated)
                                  1.000000    1.000000 v input external delay
    17    0.084591    0.185939    0.136820    1.136820 v rst (in)
                                                         rst (net)
                      0.185961    0.000000    1.136820 v _349_/A (sky130_fd_sc_hd__inv_2)
     1    0.003660    0.053290    0.085537    1.222357 ^ _349_/Y (sky130_fd_sc_hd__inv_2)
                                                         _031_ (net)
                      0.053290    0.000000    1.222358 ^ _366_/RESET_B (sky130_fd_sc_hd__dfrtp_2)
                                              1.222358   data arrival time

                                  0.000000    0.000000   clock clk (rise edge)
                                  0.000000    0.000000   clock source latency
    17    0.043185    0.198564    0.137482    0.137482 ^ clk (in)
                                                         clk (net)
                      0.198565    0.000000    0.137482 ^ _366_/CLK (sky130_fd_sc_hd__dfrtp_2)
                                  0.250000    0.387482   clock uncertainty
                                  0.000000    0.387482   clock reconvergence pessimism
                                  0.364746    0.752228   library removal time
                                              0.752228   data required time
---------------------------------------------------------------------------------------------
                                              0.752228   data required time
                                             -1.222358   data arrival time
---------------------------------------------------------------------------------------------
                                              0.470131   slack (MET)


Startpoint: rst (input port clocked by clk)
Endpoint: _362_ (removal check against rising-edge clock clk)
Path Group: asynchronous
Path Type: min

Fanout         Cap        Slew       Delay        Time   Description
---------------------------------------------------------------------------------------------
                                  0.000000    0.000000   clock clk (rise edge)
                                  0.000000    0.000000   clock network delay (propagated)
                                  1.000000    1.000000 v input external delay
    17    0.084591    0.185939    0.136765    1.136765 v rst (in)
                                                         rst (net)
                      0.185959    0.000000    1.136765 v _345_/A (sky130_fd_sc_hd__inv_2)
     1    0.003702    0.053500    0.085854    1.222619 ^ _345_/Y (sky130_fd_sc_hd__inv_2)
                                                         _027_ (net)
                      0.053500    0.000002    1.222621 ^ _362_/RESET_B (sky130_fd_sc_hd__dfrtp_2)
                                              1.222621   data arrival time

                                  0.000000    0.000000   clock clk (rise edge)
                                  0.000000    0.000000   clock source latency
    17    0.043185    0.198564    0.137327    0.137327 ^ clk (in)
                                                         clk (net)
                      0.198564    0.000000    0.137327 ^ _362_/CLK (sky130_fd_sc_hd__dfrtp_2)
                                  0.250000    0.387327   clock uncertainty
                                  0.000000    0.387327   clock reconvergence pessimism
                                  0.364803    0.752129   library removal time
                                              0.752129   data required time
---------------------------------------------------------------------------------------------
                                              0.752129   data required time
                                             -1.222621   data arrival time
---------------------------------------------------------------------------------------------
                                              0.470492   slack (MET)


Startpoint: rst (input port clocked by clk)
Endpoint: _363_ (removal check against rising-edge clock clk)
Path Group: asynchronous
Path Type: min

Fanout         Cap        Slew       Delay        Time   Description
---------------------------------------------------------------------------------------------
                                  0.000000    0.000000   clock clk (rise edge)
                                  0.000000    0.000000   clock network delay (propagated)
                                  1.000000    1.000000 v input external delay
    17    0.084591    0.185939    0.136772    1.136772 v rst (in)
                                                         rst (net)
                      0.185959    0.000000    1.136772 v _346_/A (sky130_fd_sc_hd__inv_2)
     1    0.003817    0.054065    0.086707    1.223478 ^ _346_/Y (sky130_fd_sc_hd__inv_2)
                                                         _028_ (net)
                      0.054065    0.000005    1.223483 ^ _363_/RESET_B (sky130_fd_sc_hd__dfrtp_2)
                                              1.223483   data arrival time

                                  0.000000    0.000000   clock clk (rise edge)
                                  0.000000    0.000000   clock source latency
    17    0.043185    0.198564    0.137290    0.137290 ^ clk (in)
                                                         clk (net)
                      0.198564    0.000000    0.137290 ^ _363_/CLK (sky130_fd_sc_hd__dfrtp_2)
                                  0.250000    0.387290   clock uncertainty
                                  0.000000    0.387290   clock reconvergence pessimism
                                  0.364956    0.752246   library removal time
                                              0.752246   data required time
---------------------------------------------------------------------------------------------
                                              0.752246   data required time
                                             -1.223483   data arrival time
---------------------------------------------------------------------------------------------
                                              0.471237   slack (MET)


Startpoint: _360_ (rising edge-triggered flip-flop clocked by clk)
Endpoint: _360_ (rising edge-triggered flip-flop clocked by clk)
Path Group: clk
Path Type: min

Fanout         Cap        Slew       Delay        Time   Description
---------------------------------------------------------------------------------------------
                                  0.000000    0.000000   clock clk (rise edge)
                                  0.000000    0.000000   clock source latency
    17    0.043185    0.198564    0.137695    0.137695 ^ clk (in)
                                                         clk (net)
                      0.198566    0.000000    0.137695 ^ _360_/CLK (sky130_fd_sc_hd__dfrtp_2)
     6    0.019091    0.106814    0.449683    0.587378 ^ _360_/Q (sky130_fd_sc_hd__dfrtp_2)
                                                         counter[7] (net)
                      0.106814    0.000045    0.587423 ^ _274_/A (sky130_fd_sc_hd__or2_2)
     1    0.001571    0.024175    0.113073    0.700495 ^ _274_/X (sky130_fd_sc_hd__or2_2)
                                                         _093_ (net)
                      0.024175    0.000000    0.700496 ^ _275_/B (sky130_fd_sc_hd__and3b_2)
     1    0.002081    0.039558    0.152057    0.852553 ^ _275_/X (sky130_fd_sc_hd__and3b_2)
                                                         _013_ (net)
                      0.039558    0.000000    0.852554 ^ _360_/D (sky130_fd_sc_hd__dfrtp_2)
                                              0.852554   data arrival time

                                  0.000000    0.000000   clock clk (rise edge)
                                  0.000000    0.000000   clock source latency
    17    0.043185    0.198564    0.137695    0.137695 ^ clk (in)
                                                         clk (net)
                      0.198566    0.000000    0.137695 ^ _360_/CLK (sky130_fd_sc_hd__dfrtp_2)
                                  0.250000    0.387695   clock uncertainty
                                  0.000000    0.387695   clock reconvergence pessimism
                                 -0.012587    0.375107   library hold time
                                              0.375107   data required time
---------------------------------------------------------------------------------------------
                                              0.375107   data required time
                                             -0.852554   data arrival time
---------------------------------------------------------------------------------------------
                                              0.477446   slack (MET)


Startpoint: _364_ (rising edge-triggered flip-flop clocked by clk)
Endpoint: _364_ (rising edge-triggered flip-flop clocked by clk)
Path Group: clk
Path Type: min

Fanout         Cap        Slew       Delay        Time   Description
---------------------------------------------------------------------------------------------
                                  0.000000    0.000000   clock clk (rise edge)
                                  0.000000    0.000000   clock source latency
    17    0.043185    0.198564    0.137453    0.137453 ^ clk (in)
                                                         clk (net)
                      0.198565    0.000000    0.137453 ^ _364_/CLK (sky130_fd_sc_hd__dfrtp_2)
     7    0.020621    0.113472    0.454892    0.592345 ^ _364_/Q (sky130_fd_sc_hd__dfrtp_2)
                                                         counter[11] (net)
                      0.113472    0.000056    0.592401 ^ _286_/B1 (sky130_fd_sc_hd__a31o_2)
     1    0.001930    0.029114    0.107898    0.700299 ^ _286_/X (sky130_fd_sc_hd__a31o_2)
                                                         _101_ (net)
                      0.029114    0.000004    0.700303 ^ _287_/B (sky130_fd_sc_hd__and3b_2)
     1    0.002189    0.040148    0.154162    0.854465 ^ _287_/X (sky130_fd_sc_hd__and3b_2)
                                                         _002_ (net)
                      0.040148    0.000002    0.854467 ^ _364_/D (sky130_fd_sc_hd__dfrtp_2)
                                              0.854467   data arrival time

                                  0.000000    0.000000   clock clk (rise edge)
                                  0.000000    0.000000   clock source latency
    17    0.043185    0.198564    0.137453    0.137453 ^ clk (in)
                                                         clk (net)
                      0.198565    0.000000    0.137453 ^ _364_/CLK (sky130_fd_sc_hd__dfrtp_2)
                                  0.250000    0.387453   clock uncertainty
                                  0.000000    0.387453   clock reconvergence pessimism
                                 -0.012707    0.374746   library hold time
                                              0.374746   data required time
---------------------------------------------------------------------------------------------
                                              0.374746   data required time
                                             -0.854467   data arrival time
---------------------------------------------------------------------------------------------
                                              0.479721   slack (MET)


Startpoint: _356_ (rising edge-triggered flip-flop clocked by clk)
Endpoint: _356_ (rising edge-triggered flip-flop clocked by clk)
Path Group: clk
Path Type: min

Fanout         Cap        Slew       Delay        Time   Description
---------------------------------------------------------------------------------------------
                                  0.000000    0.000000   clock clk (rise edge)
                                  0.000000    0.000000   clock source latency
    17    0.043185    0.198564    0.137868    0.137868 ^ clk (in)
                                                         clk (net)
                      0.198568    0.000000    0.137868 ^ _356_/CLK (sky130_fd_sc_hd__dfrtp_2)
     6    0.019487    0.108569    0.450928    0.588796 ^ _356_/Q (sky130_fd_sc_hd__dfrtp_2)
                                                         counter[3] (net)
                      0.108569    0.000078    0.588875 ^ _262_/A (sky130_fd_sc_hd__or2_2)
     1    0.001722    0.024673    0.114394    0.703269 ^ _262_/X (sky130_fd_sc_hd__or2_2)
                                                         _085_ (net)
                      0.024673    0.000002    0.703270 ^ _263_/B (sky130_fd_sc_hd__and3b_2)
     1    0.002025    0.039266    0.151848    0.855119 ^ _263_/X (sky130_fd_sc_hd__and3b_2)
                                                         _009_ (net)
                      0.039266    0.000000    0.855119 ^ _356_/D (sky130_fd_sc_hd__dfrtp_2)
                                              0.855119   data arrival time

                                  0.000000    0.000000   clock clk (rise edge)
                                  0.000000    0.000000   clock source latency
    17    0.043185    0.198564    0.137868    0.137868 ^ clk (in)
                                                         clk (net)
                      0.198568    0.000000    0.137868 ^ _356_/CLK (sky130_fd_sc_hd__dfrtp_2)
                                  0.250000    0.387868   clock uncertainty
                                  0.000000    0.387868   clock reconvergence pessimism
                                 -0.012528    0.375340   library hold time
                                              0.375340   data required time
---------------------------------------------------------------------------------------------
                                              0.375340   data required time
                                             -0.855119   data arrival time
---------------------------------------------------------------------------------------------
                                              0.479778   slack (MET)


Startpoint: _362_ (rising edge-triggered flip-flop clocked by clk)
Endpoint: _362_ (rising edge-triggered flip-flop clocked by clk)
Path Group: clk
Path Type: min

Fanout         Cap        Slew       Delay        Time   Description
---------------------------------------------------------------------------------------------
                                  0.000000    0.000000   clock clk (rise edge)
                                  0.000000    0.000000   clock source latency
    17    0.043185    0.198564    0.137327    0.137327 ^ clk (in)
                                                         clk (net)
                      0.198564    0.000000    0.137327 ^ _362_/CLK (sky130_fd_sc_hd__dfrtp_2)
     7    0.019560    0.108842    0.451310    0.588636 ^ _362_/Q (sky130_fd_sc_hd__dfrtp_2)
                                                         counter[9] (net)
                      0.108842    0.000014    0.588650 ^ _280_/A (sky130_fd_sc_hd__or2_2)
     1    0.001786    0.025091    0.114777    0.703428 ^ _280_/X (sky130_fd_sc_hd__or2_2)
                                                         _097_ (net)
                      0.025091    0.000002    0.703430 ^ _281_/B (sky130_fd_sc_hd__and3b_2)
     1    0.002275    0.040574    0.153530    0.856960 ^ _281_/X (sky130_fd_sc_hd__and3b_2)
                                                         _015_ (net)
                      0.040574    0.000003    0.856963 ^ _362_/D (sky130_fd_sc_hd__dfrtp_2)
                                              0.856963   data arrival time

                                  0.000000    0.000000   clock clk (rise edge)
                                  0.000000    0.000000   clock source latency
    17    0.043185    0.198564    0.137327    0.137327 ^ clk (in)
                                                         clk (net)
                      0.198564    0.000000    0.137327 ^ _362_/CLK (sky130_fd_sc_hd__dfrtp_2)
                                  0.250000    0.387327   clock uncertainty
                                  0.000000    0.387327   clock reconvergence pessimism
                                 -0.012794    0.374533   library hold time
                                              0.374533   data required time
---------------------------------------------------------------------------------------------
                                              0.374533   data required time
                                             -0.856963   data arrival time
---------------------------------------------------------------------------------------------
                                              0.482430   slack (MET)


Startpoint: _362_ (rising edge-triggered flip-flop clocked by clk)
Endpoint: _352_ (rising edge-triggered flip-flop clocked by clk)
Path Group: clk
Path Type: min

Fanout         Cap        Slew       Delay        Time   Description
---------------------------------------------------------------------------------------------
                                  0.000000    0.000000   clock clk (rise edge)
                                  0.000000    0.000000   clock source latency
    17    0.043185    0.198564    0.137327    0.137327 ^ clk (in)
                                                         clk (net)
                      0.198564    0.000000    0.137327 ^ _362_/CLK (sky130_fd_sc_hd__dfrtp_2)
     7    0.019560    0.108842    0.451310    0.588636 ^ _362_/Q (sky130_fd_sc_hd__dfrtp_2)
                                                         counter[9] (net)
                      0.108842    0.000040    0.588676 ^ _307_/A1 (sky130_fd_sc_hd__a221oi_2)
     2    0.007543    0.038765    0.086076    0.674752 v _307_/Y (sky130_fd_sc_hd__a221oi_2)
                                                         _117_ (net)
                      0.038765    0.000027    0.674779 v _334_/C (sky130_fd_sc_hd__nand4b_2)
     1    0.002764    0.042142    0.075021    0.749801 ^ _334_/Y (sky130_fd_sc_hd__nand4b_2)
                                                         _144_ (net)
                      0.042142    0.000005    0.749805 ^ _335_/B2 (sky130_fd_sc_hd__o22a_2)
     1    0.004371    0.037870    0.118245    0.868051 ^ _335_/X (sky130_fd_sc_hd__o22a_2)
                                                         _016_ (net)
                      0.037870    0.000050    0.868101 ^ _352_/D (sky130_fd_sc_hd__dfrtp_2)
                                              0.868101   data arrival time

                                  0.000000    0.000000   clock clk (rise edge)
                                  0.000000    0.000000   clock source latency
    17    0.043185    0.198564    0.137915    0.137915 ^ clk (in)
                                                         clk (net)
                      0.198568    0.000000    0.137915 ^ _352_/CLK (sky130_fd_sc_hd__dfrtp_2)
                                  0.250000    0.387915   clock uncertainty
                                  0.000000    0.387915   clock reconvergence pessimism
                                 -0.012244    0.375671   library hold time
                                              0.375671   data required time
---------------------------------------------------------------------------------------------
                                              0.375671   data required time
                                             -0.868101   data arrival time
---------------------------------------------------------------------------------------------
                                              0.492430   slack (MET)


Startpoint: _365_ (rising edge-triggered flip-flop clocked by clk)
Endpoint: _365_ (rising edge-triggered flip-flop clocked by clk)
Path Group: clk
Path Type: min

Fanout         Cap        Slew       Delay        Time   Description
---------------------------------------------------------------------------------------------
                                  0.000000    0.000000   clock clk (rise edge)
                                  0.000000    0.000000   clock source latency
    17    0.043185    0.198564    0.137476    0.137476 ^ clk (in)
                                                         clk (net)
                      0.198565    0.000000    0.137476 ^ _365_/CLK (sky130_fd_sc_hd__dfrtp_2)
     7    0.022127    0.120023    0.460113    0.597589 ^ _365_/Q (sky130_fd_sc_hd__dfrtp_2)
                                                         counter[12] (net)
                      0.120023    0.000011    0.597600 ^ _289_/A (sky130_fd_sc_hd__or2_2)
     1    0.001667    0.024525    0.118446    0.716046 ^ _289_/X (sky130_fd_sc_hd__or2_2)
                                                         _103_ (net)
                      0.024525    0.000001    0.716047 ^ _290_/B (sky130_fd_sc_hd__and3b_2)
     1    0.002216    0.040263    0.152998    0.869045 ^ _290_/X (sky130_fd_sc_hd__and3b_2)
                                                         _003_ (net)
                      0.040263    0.000002    0.869047 ^ _365_/D (sky130_fd_sc_hd__dfrtp_2)
                                              0.869047   data arrival time

                                  0.000000    0.000000   clock clk (rise edge)
                                  0.000000    0.000000   clock source latency
    17    0.043185    0.198564    0.137476    0.137476 ^ clk (in)
                                                         clk (net)
                      0.198565    0.000000    0.137476 ^ _365_/CLK (sky130_fd_sc_hd__dfrtp_2)
                                  0.250000    0.387476   clock uncertainty
                                  0.000000    0.387476   clock reconvergence pessimism
                                 -0.012731    0.374746   library hold time
                                              0.374746   data required time
---------------------------------------------------------------------------------------------
                                              0.374746   data required time
                                             -0.869047   data arrival time
---------------------------------------------------------------------------------------------
                                              0.494301   slack (MET)


Startpoint: _367_ (rising edge-triggered flip-flop clocked by clk)
Endpoint: _367_ (rising edge-triggered flip-flop clocked by clk)
Path Group: clk
Path Type: min

Fanout         Cap        Slew       Delay        Time   Description
---------------------------------------------------------------------------------------------
                                  0.000000    0.000000   clock clk (rise edge)
                                  0.000000    0.000000   clock source latency
    17    0.043185    0.198564    0.137905    0.137905 ^ clk (in)
                                                         clk (net)
                      0.198568    0.000000    0.137905 ^ _367_/CLK (sky130_fd_sc_hd__dfrtp_2)
     6    0.029219    0.151175    0.484316    0.622221 ^ _367_/Q (sky130_fd_sc_hd__dfrtp_2)
                                                         counter[14] (net)
                      0.151175    0.000159    0.622380 ^ _295_/A (sky130_fd_sc_hd__or2_2)
     1    0.001649    0.024416    0.126824    0.749204 ^ _295_/X (sky130_fd_sc_hd__or2_2)
                                                         _107_ (net)
                      0.024416    0.000001    0.749205 ^ _296_/B (sky130_fd_sc_hd__and3b_2)
     1    0.002327    0.040844    0.153661    0.902866 ^ _296_/X (sky130_fd_sc_hd__and3b_2)
                                                         _005_ (net)
                      0.040844    0.000004    0.902871 ^ _367_/D (sky130_fd_sc_hd__dfrtp_2)
                                              0.902871   data arrival time

                                  0.000000    0.000000   clock clk (rise edge)
                                  0.000000    0.000000   clock source latency
    17    0.043185    0.198564    0.137905    0.137905 ^ clk (in)
                                                         clk (net)
                      0.198568    0.000000    0.137905 ^ _367_/CLK (sky130_fd_sc_hd__dfrtp_2)
                                  0.250000    0.387905   clock uncertainty
                                  0.000000    0.387905   clock reconvergence pessimism
                                 -0.012848    0.375057   library hold time
                                              0.375057   data required time
---------------------------------------------------------------------------------------------
                                              0.375057   data required time
                                             -0.902871   data arrival time
---------------------------------------------------------------------------------------------
                                              0.527813   slack (MET)


Startpoint: _352_ (rising edge-triggered flip-flop clocked by clk)
Endpoint: out (output port clocked by clk)
Path Group: clk
Path Type: min

Fanout         Cap        Slew       Delay        Time   Description
---------------------------------------------------------------------------------------------
                                  0.000000    0.000000   clock clk (rise edge)
                                  0.000000    0.000000   clock source latency
    17    0.043185    0.198564    0.137915    0.137915 ^ clk (in)
                                                         clk (net)
                      0.198568    0.000000    0.137915 ^ _352_/CLK (sky130_fd_sc_hd__dfrtp_2)
     1    0.035011    0.176738    0.504140    0.642055 ^ _352_/Q (sky130_fd_sc_hd__dfrtp_2)
                                                         out (net)
                      0.176738    0.000321    0.642376 ^ out (out)
                                              0.642376   data arrival time

                                  0.000000    0.000000   clock clk (rise edge)
                                  0.000000    0.000000   clock network delay (propagated)
                                  0.250000    0.250000   clock uncertainty
                                  0.000000    0.250000   clock reconvergence pessimism
                                 -1.000000   -0.750000   output external delay
                                             -0.750000   data required time
---------------------------------------------------------------------------------------------
                                             -0.750000   data required time
                                             -0.642376   data arrival time
---------------------------------------------------------------------------------------------
                                              1.392376   slack (MET)



