
===========================================================================
 report_power
============================================================================
======================= max_ff_n40C_1v95 Corner ===================================

Group                    Internal    Switching      Leakage        Total
                            Power        Power        Power        Power (Watts)
------------------------------------------------------------------------
Sequential           8.399567e-05 1.476821e-04 5.145422e-10 2.316783e-04  47.0%
Combinational        1.417130e-04 1.198539e-04 1.135413e-09 2.615680e-04  53.0%
Clock                0.000000e+00 0.000000e+00 5.209435e-10 5.209435e-10   0.0%
Macro                0.000000e+00 0.000000e+00 0.000000e+00 0.000000e+00   0.0%
Pad                  0.000000e+00 0.000000e+00 0.000000e+00 0.000000e+00   0.0%
------------------------------------------------------------------------
Total                2.257086e-04 2.675359e-04 2.170899e-09 4.932467e-04 100.0%
                            45.8%        54.2%         0.0%

