
===========================================================================
report_checks -unconstrained
===========================================================================
======================= max_ff_n40C_1v95 Corner ===================================

Startpoint: rst (input port clocked by clk)
Endpoint: _226_ (recovery check against rising-edge clock clk)
Path Group: asynchronous
Path Type: max

Fanout         Cap        Slew       Delay        Time   Description
---------------------------------------------------------------------------------------------
                                  0.000000    0.000000   clock clk (rise edge)
                                  0.000000    0.000000   clock network delay (propagated)
                                  1.000000    1.000000 v input external delay
     1    0.002909    0.004876    0.002416    1.002416 v rst (in)
                                                         rst (net)
                      0.004884    0.000000    1.002416 v input17/A (sky130_fd_sc_hd__buf_1)
     2    0.009701    0.042740    0.068177    1.070593 v input17/X (sky130_fd_sc_hd__buf_1)
                                                         net17 (net)
                      0.042751    0.000662    1.071255 v fanout21/A (sky130_fd_sc_hd__buf_4)
    10    0.055249    0.060644    0.129703    1.200958 v fanout21/X (sky130_fd_sc_hd__buf_4)
                                                         net21 (net)
                      0.060883    0.002971    1.203929 v _126_/A (sky130_fd_sc_hd__inv_2)
     1    0.004172    0.025931    0.041807    1.245735 ^ _126_/Y (sky130_fd_sc_hd__inv_2)
                                                         _016_ (net)
                      0.025931    0.000106    1.245841 ^ _226_/RESET_B (sky130_fd_sc_hd__dfrtp_2)
                                              1.245841   data arrival time

                                  5.000000    5.000000   clock clk (rise edge)
                                  0.000000    5.000000   clock source latency
     1    0.013713    0.051145    0.034342    5.034342 ^ clk (in)
                                                         clk (net)
                      0.051157    0.000000    5.034342 ^ clkbuf_0_clk/A (sky130_fd_sc_hd__clkbuf_16)
     2    0.020178    0.031356    0.090051    5.124393 ^ clkbuf_0_clk/X (sky130_fd_sc_hd__clkbuf_16)
                                                         clknet_0_clk (net)
                      0.031390    0.001316    5.125710 ^ clkbuf_1_0__f_clk/A (sky130_fd_sc_hd__clkbuf_16)
    10    0.031828    0.039350    0.092089    5.217798 ^ clkbuf_1_0__f_clk/X (sky130_fd_sc_hd__clkbuf_16)
                                                         clknet_1_0__leaf_clk (net)
                      0.039438    0.001618    5.219416 ^ _226_/CLK (sky130_fd_sc_hd__dfrtp_2)
                                 -0.250000    4.969416   clock uncertainty
                                  0.000000    4.969416   clock reconvergence pessimism
                                  0.136292    5.105708   library recovery time
                                              5.105708   data required time
---------------------------------------------------------------------------------------------
                                              5.105708   data required time
                                             -1.245841   data arrival time
---------------------------------------------------------------------------------------------
                                              3.859867   slack (MET)


Startpoint: psc[14] (input port clocked by clk)
Endpoint: _231_ (rising edge-triggered flip-flop clocked by clk)
Path Group: clk
Path Type: max

Fanout         Cap        Slew       Delay        Time   Description
---------------------------------------------------------------------------------------------
                                  0.000000    0.000000   clock clk (rise edge)
                                  0.000000    0.000000   clock network delay (propagated)
                                  1.000000    1.000000 ^ input external delay
     1    0.003557    0.016636    0.009272    1.009272 ^ psc[14] (in)
                                                         psc[14] (net)
                      0.016638    0.000000    1.009272 ^ input6/A (sky130_fd_sc_hd__clkbuf_1)
     1    0.004843    0.049076    0.060424    1.069696 ^ input6/X (sky130_fd_sc_hd__clkbuf_1)
                                                         net6 (net)
                      0.049076    0.000227    1.069923 ^ _114_/A (sky130_fd_sc_hd__inv_2)
     2    0.010547    0.024719    0.028344    1.098267 v _114_/Y (sky130_fd_sc_hd__inv_2)
                                                         _084_ (net)
                      0.024744    0.000648    1.098915 v _127_/B1 (sky130_fd_sc_hd__a2bb2o_4)
     2    0.005187    0.026392    0.131833    1.230748 v _127_/X (sky130_fd_sc_hd__a2bb2o_4)
                                                         _096_ (net)
                      0.026392    0.000298    1.231046 v _134_/B (sky130_fd_sc_hd__or4bb_4)
     2    0.007234    0.062203    0.308507    1.539553 v _134_/X (sky130_fd_sc_hd__or4bb_4)
                                                         _103_ (net)
                      0.062205    0.000479    1.540032 v _162_/B (sky130_fd_sc_hd__or4b_4)
     1    0.004758    0.058370    0.313400    1.853432 v _162_/X (sky130_fd_sc_hd__or4b_4)
                                                         _052_ (net)
                      0.058370    0.000220    1.853652 v _163_/A1 (sky130_fd_sc_hd__o211a_4)
     3    0.018577    0.043334    0.181969    2.035622 v _163_/X (sky130_fd_sc_hd__o211a_4)
                                                         _053_ (net)
                      0.043334    0.001051    2.036673 v fanout20/A (sky130_fd_sc_hd__buf_6)
     7    0.021124    0.026278    0.087855    2.124528 v fanout20/X (sky130_fd_sc_hd__buf_6)
                                                         net20 (net)
                      0.026326    0.001021    2.125549 v _181_/B (sky130_fd_sc_hd__and3b_1)
     1    0.002994    0.028154    0.097475    2.223024 v _181_/X (sky130_fd_sc_hd__and3b_1)
                                                         _011_ (net)
                      0.028155    0.000218    2.223242 v _231_/D (sky130_fd_sc_hd__dfrtp_1)
                                              2.223242   data arrival time

                                  5.000000    5.000000   clock clk (rise edge)
                                  0.000000    5.000000   clock source latency
     1    0.013713    0.051145    0.034342    5.034342 ^ clk (in)
                                                         clk (net)
                      0.051157    0.000000    5.034342 ^ clkbuf_0_clk/A (sky130_fd_sc_hd__clkbuf_16)
     2    0.020178    0.031356    0.090051    5.124393 ^ clkbuf_0_clk/X (sky130_fd_sc_hd__clkbuf_16)
                                                         clknet_0_clk (net)
                      0.031378    0.001197    5.125590 ^ clkbuf_1_1__f_clk/A (sky130_fd_sc_hd__clkbuf_16)
     8    0.027805    0.036632    0.089476    5.215066 ^ clkbuf_1_1__f_clk/X (sky130_fd_sc_hd__clkbuf_16)
                                                         clknet_1_1__leaf_clk (net)
                      0.036693    0.001278    5.216343 ^ _231_/CLK (sky130_fd_sc_hd__dfrtp_1)
                                 -0.250000    4.966343   clock uncertainty
                                  0.000000    4.966343   clock reconvergence pessimism
                                 -0.070620    4.895723   library setup time
                                              4.895723   data required time
---------------------------------------------------------------------------------------------
                                              4.895723   data required time
                                             -2.223242   data arrival time
---------------------------------------------------------------------------------------------
                                              2.672482   slack (MET)




===========================================================================
report_checks --slack_max -0.01
============================================================================
======================= max_ff_n40C_1v95 Corner ===================================

No paths found.


===========================================================================
 report_check_types -max_slew -max_cap -max_fanout -violators
============================================================================
======================= max_ff_n40C_1v95 Corner ===================================



===========================================================================
report_parasitic_annotation -report_unannotated
============================================================================
Found 1 unannotated drivers.
 clkload0/Y
Found 0 partially unannotated drivers.

===========================================================================
max slew violation count 0
max fanout violation count 0
max cap violation count 0
============================================================================

===========================================================================
check_setup -verbose -unconstrained_endpoints -multiple_clock -no_clock -no_input_delay -loops -generated_clocks
===========================================================================
