55. Printing statistics.

=== freq_psc ===

   Number of wires:                286
   Number of wire bits:            331
   Number of public wires:           5
   Number of public wire bits:      35
   Number of ports:                  4
   Number of port bits:             19
   Number of memories:               0
   Number of memory bits:            0
   Number of processes:              0
   Number of cells:                313
     $_ANDNOT_                     114
     $_AND_                          2
     $_NAND_                        17
     $_NOR_                         19
     $_NOT_                         29
     $_ORNOT_                       18
     $_OR_                          36
     $_XNOR_                        11
     $_XOR_                         50
     sky130_fd_sc_hd__dfrtp_2       17

   Area for cell type $_NOT_ is unknown!
   Area for cell type $_AND_ is unknown!
   Area for cell type $_NAND_ is unknown!
   Area for cell type $_OR_ is unknown!
   Area for cell type $_NOR_ is unknown!
   Area for cell type $_XOR_ is unknown!
   Area for cell type $_XNOR_ is unknown!
   Area for cell type $_ANDNOT_ is unknown!
   Area for cell type $_ORNOT_ is unknown!

   Chip area for module '\freq_psc': 446.678400
     of which used for sequential elements: 446.678400 (100.00%)

