
===========================================================================
 report_power
============================================================================
======================= nom_ss_100C_1v60 Corner ===================================

Group                    Internal    Switching      Leakage        Total
                            Power        Power        Power        Power (Watts)
------------------------------------------------------------------------
Sequential           1.446307e-04 4.111731e-05 3.170913e-07 1.860651e-04  39.0%
Combinational        9.849826e-05 6.696166e-05 6.422549e-07 1.661022e-04  34.8%
Clock                8.645116e-05 3.807735e-05 6.208825e-08 1.245906e-04  26.1%
Macro                0.000000e+00 0.000000e+00 0.000000e+00 0.000000e+00   0.0%
Pad                  0.000000e+00 0.000000e+00 0.000000e+00 0.000000e+00   0.0%
------------------------------------------------------------------------
Total                3.295801e-04 1.461563e-04 1.021435e-06 4.767579e-04 100.0%
                            69.1%        30.7%         0.2%

