Clock: clk
Sources: 
Generated: no
Virtual: yes
Propagated: no
Period: 5.000000

===========================================================================
report_clock_properties
============================================================================
Clock                   Period          Waveform
----------------------------------------------------
clk                   5.000000    0.000000  2.500000

===========================================================================
report_clock_latency
============================================================================
Clock clk
rise -> rise
    min     max
0.000000 0.000000 source latency
1.122438         network latency _287_/CLK
        1.470635 network latency _308_/GATE
---------------
1.122438 1.470635 latency
        0.348198 skew

rise -> fall
    min     max
0.000000 0.000000 source latency
1.069740         network latency _284_/CLK
        1.422881 network latency _286_/CLK
---------------
1.069740 1.422881 latency
        0.353141 skew



===========================================================================
report_clock_min_period
============================================================================
clk period_min = 0.00 fmax = inf
