Clock: clk
Sources: clk 
Generated: no
Virtual: yes
Propagated: no
Period: 5.000000

===========================================================================
report_clock_properties
============================================================================
Clock                   Period          Waveform
----------------------------------------------------
clk                   5.000000    0.000000  2.500000

===========================================================================
report_clock_latency
============================================================================
Clock clk
rise -> rise
    min     max
0.000000 0.000000 source latency
0.209311         network latency _234_/CLK
        0.212227 network latency _230_/CLK
---------------
0.209311 0.212227 latency
        0.002916 skew

fall -> fall
    min     max
0.000000 0.000000 source latency
0.203695         network latency _234_/CLK
        0.206346 network latency _230_/CLK
---------------
0.203695 0.206346 latency
        0.002651 skew



===========================================================================
report_clock_min_period
============================================================================
clk period_min = 1.72 fmax = 581.56
