
===========================================================================
 report_power
============================================================================
======================= nom_tt_025C_1v80 Corner ===================================

Group                    Internal    Switching      Leakage        Total
                            Power        Power        Power        Power (Watts)
------------------------------------------------------------------------
Sequential           1.099474e-04 4.527844e-05 1.047718e-10 1.552260e-04  33.9%
Combinational        9.408293e-05 6.690525e-05 2.872825e-10 1.609885e-04  35.2%
Clock                1.111499e-04 2.989436e-05 1.322911e-10 1.410444e-04  30.8%
Macro                0.000000e+00 0.000000e+00 0.000000e+00 0.000000e+00   0.0%
Pad                  0.000000e+00 0.000000e+00 0.000000e+00 0.000000e+00   0.0%
------------------------------------------------------------------------
Total                3.151802e-04 1.420781e-04 5.243455e-10 4.572588e-04 100.0%
                            68.9%        31.1%         0.0%
Writing metric power__internal__total: 0.00031518019386567175
Writing metric power__switching__total: 0.0001420780608896166
Writing metric power__leakage__total: 5.24345511454527e-10
Writing metric power__total: 0.0004572587786242366

