
===========================================================================
 report_power
============================================================================
======================= nom_tt_025C_1v80 Corner ===================================

Group                    Internal    Switching      Leakage        Total
                            Power        Power        Power        Power (Watts)
------------------------------------------------------------------------
Sequential           1.917718e-04 5.552004e-05 1.937792e-10 2.472921e-04  56.6%
Combinational        1.375475e-04 5.182132e-05 4.121955e-10 1.893693e-04  43.4%
Clock                0.000000e+00 0.000000e+00 0.000000e+00 0.000000e+00   0.0%
Macro                0.000000e+00 0.000000e+00 0.000000e+00 0.000000e+00   0.0%
Pad                  0.000000e+00 0.000000e+00 0.000000e+00 0.000000e+00   0.0%
------------------------------------------------------------------------
Total                3.293193e-04 1.073414e-04 6.059747e-10 4.366612e-04 100.0%
                            75.4%        24.6%         0.0%

