Clock: clk
Sources: clk 
Generated: no
Virtual: yes
Propagated: no
Period: 5.000000

===========================================================================
report_clock_properties
============================================================================
Clock                   Period          Waveform
----------------------------------------------------
clk                   5.000000    0.000000  2.500000

===========================================================================
report_clock_latency
============================================================================
Clock clk
rise -> rise
    min     max
0.000000 0.000000 source latency
0.195431         network latency _154_/CLK
        0.195947 network latency _150_/CLK
---------------
0.195431 0.195947 latency
        0.000516 skew

fall -> fall
    min     max
0.000000 0.000000 source latency
0.194189         network latency _154_/CLK
        0.194700 network latency _150_/CLK
---------------
0.194189 0.194700 latency
        0.000511 skew



===========================================================================
report_clock_min_period
============================================================================
clk period_min = 1.32 fmax = 758.72
