
===========================================================================
 report_power
============================================================================
======================= nom_tt_025C_1v80 Corner ===================================

Group                    Internal    Switching      Leakage        Total
                            Power        Power        Power        Power (Watts)
------------------------------------------------------------------------
Sequential           7.563411e-05 1.208217e-04 2.891643e-10 1.964561e-04  46.3%
Combinational        1.293865e-04 9.835659e-05 6.293346e-10 2.277438e-04  53.7%
Clock                0.000000e+00 0.000000e+00 4.438872e-10 4.438872e-10   0.0%
Macro                0.000000e+00 0.000000e+00 0.000000e+00 0.000000e+00   0.0%
Pad                  0.000000e+00 0.000000e+00 0.000000e+00 0.000000e+00   0.0%
------------------------------------------------------------------------
Total                2.050207e-04 2.191783e-04 1.362387e-09 4.242003e-04 100.0%
                            48.3%        51.7%         0.0%

