
===========================================================================
 report_power
============================================================================
======================= nom_tt_025C_1v80 Corner ===================================

Group                    Internal    Switching      Leakage        Total
                            Power        Power        Power        Power (Watts)
------------------------------------------------------------------------
Sequential           1.861790e-04 4.446635e-05 2.140009e-10 2.306456e-04  40.0%
Combinational        1.201116e-04 7.688163e-05 4.469733e-10 1.969937e-04  34.2%
Clock                1.058211e-04 4.254153e-05 1.575208e-10 1.483628e-04  25.8%
Macro                0.000000e+00 0.000000e+00 0.000000e+00 0.000000e+00   0.0%
Pad                  0.000000e+00 0.000000e+00 0.000000e+00 0.000000e+00   0.0%
------------------------------------------------------------------------
Total                4.121118e-04 1.638895e-04 8.184943e-10 5.760021e-04 100.0%
                            71.5%        28.5%         0.0%
Writing metric power__internal__total: 0.00041211178177036345
Writing metric power__switching__total: 0.0001638895191717893
Writing metric power__leakage__total: 8.184943278699564e-10
Writing metric power__total: 0.0005760021158494055

