
===========================================================================
report_checks -path_delay min (Hold)
============================================================================
======================= nom_tt_025C_1v80 Corner ===================================

Startpoint: _353_ (rising edge-triggered flip-flop clocked by clk)
Endpoint: _354_ (rising edge-triggered flip-flop clocked by clk)
Path Group: clk
Path Type: min

Fanout         Cap        Slew       Delay        Time   Description
---------------------------------------------------------------------------------------------
                      0.150000    0.000000    0.000000   clock clk (rise edge)
                                  0.000000    0.000000   clock network delay (ideal)
                      0.150000    0.000000    0.000000 ^ _353_/CLK (sky130_fd_sc_hd__dfrtp_2)
     7    0.018595    0.107751    0.433018    0.433018 ^ _353_/Q (sky130_fd_sc_hd__dfrtp_2)
                                                         counter[0] (net)
                      0.107751    0.000000    0.433018 ^ _223_/A (sky130_fd_sc_hd__nand2_2)
     1    0.001404    0.026203    0.042424    0.475442 v _223_/Y (sky130_fd_sc_hd__nand2_2)
                                                         _049_ (net)
                      0.026203    0.000000    0.475442 v _257_/A (sky130_fd_sc_hd__and3_2)
     1    0.001949    0.032034    0.154937    0.630379 v _257_/X (sky130_fd_sc_hd__and3_2)
                                                         _007_ (net)
                      0.032034    0.000000    0.630379 v _354_/D (sky130_fd_sc_hd__dfrtp_2)
                                              0.630379   data arrival time

                      0.150000    0.000000    0.000000   clock clk (rise edge)
                                  0.000000    0.000000   clock network delay (ideal)
                                  0.250000    0.250000   clock uncertainty
                                  0.000000    0.250000   clock reconvergence pessimism
                                              0.250000 ^ _354_/CLK (sky130_fd_sc_hd__dfrtp_2)
                                 -0.012890    0.237110   library hold time
                                              0.237110   data required time
---------------------------------------------------------------------------------------------
                                              0.237110   data required time
                                             -0.630379   data arrival time
---------------------------------------------------------------------------------------------
                                              0.393269   slack (MET)


Startpoint: _353_ (rising edge-triggered flip-flop clocked by clk)
Endpoint: _353_ (rising edge-triggered flip-flop clocked by clk)
Path Group: clk
Path Type: min

Fanout         Cap        Slew       Delay        Time   Description
---------------------------------------------------------------------------------------------
                      0.150000    0.000000    0.000000   clock clk (rise edge)
                                  0.000000    0.000000   clock network delay (ideal)
                      0.150000    0.000000    0.000000 ^ _353_/CLK (sky130_fd_sc_hd__dfrtp_2)
     7    0.018595    0.107751    0.433018    0.433018 ^ _353_/Q (sky130_fd_sc_hd__dfrtp_2)
                                                         counter[0] (net)
                      0.107751    0.000000    0.433018 ^ _176_/A (sky130_fd_sc_hd__inv_2)
     4    0.009940    0.040464    0.056657    0.489676 v _176_/Y (sky130_fd_sc_hd__inv_2)
                                                         _145_ (net)
                      0.040464    0.000000    0.489676 v _255_/A (sky130_fd_sc_hd__and2_2)
     1    0.001949    0.032581    0.156525    0.646200 v _255_/X (sky130_fd_sc_hd__and2_2)
                                                         _000_ (net)
                      0.032581    0.000000    0.646200 v _353_/D (sky130_fd_sc_hd__dfrtp_2)
                                              0.646200   data arrival time

                      0.150000    0.000000    0.000000   clock clk (rise edge)
                                  0.000000    0.000000   clock network delay (ideal)
                                  0.250000    0.250000   clock uncertainty
                                  0.000000    0.250000   clock reconvergence pessimism
                                              0.250000 ^ _353_/CLK (sky130_fd_sc_hd__dfrtp_2)
                                 -0.013113    0.236887   library hold time
                                              0.236887   data required time
---------------------------------------------------------------------------------------------
                                              0.236887   data required time
                                             -0.646200   data arrival time
---------------------------------------------------------------------------------------------
                                              0.409313   slack (MET)


Startpoint: _368_ (rising edge-triggered flip-flop clocked by clk)
Endpoint: _368_ (rising edge-triggered flip-flop clocked by clk)
Path Group: clk
Path Type: min

Fanout         Cap        Slew       Delay        Time   Description
---------------------------------------------------------------------------------------------
                      0.150000    0.000000    0.000000   clock clk (rise edge)
                                  0.000000    0.000000   clock network delay (ideal)
                      0.150000    0.000000    0.000000 ^ _368_/CLK (sky130_fd_sc_hd__dfrtp_2)
     5    0.020002    0.113826    0.437850    0.437850 ^ _368_/Q (sky130_fd_sc_hd__dfrtp_2)
                                                         counter[15] (net)
                      0.113826    0.000000    0.437850 ^ _297_/A (sky130_fd_sc_hd__nand2_2)
     1    0.001475    0.020205    0.043729    0.481579 v _297_/Y (sky130_fd_sc_hd__nand2_2)
                                                         _108_ (net)
                      0.020205    0.000000    0.481579 v _299_/B (sky130_fd_sc_hd__and3_2)
     1    0.001949    0.031829    0.172033    0.653612 v _299_/X (sky130_fd_sc_hd__and3_2)
                                                         _006_ (net)
                      0.031829    0.000000    0.653612 v _368_/D (sky130_fd_sc_hd__dfrtp_2)
                                              0.653612   data arrival time

                      0.150000    0.000000    0.000000   clock clk (rise edge)
                                  0.000000    0.000000   clock network delay (ideal)
                                  0.250000    0.250000   clock uncertainty
                                  0.000000    0.250000   clock reconvergence pessimism
                                              0.250000 ^ _368_/CLK (sky130_fd_sc_hd__dfrtp_2)
                                 -0.012807    0.237193   library hold time
                                              0.237193   data required time
---------------------------------------------------------------------------------------------
                                              0.237193   data required time
                                             -0.653612   data arrival time
---------------------------------------------------------------------------------------------
                                              0.416419   slack (MET)


Startpoint: _355_ (rising edge-triggered flip-flop clocked by clk)
Endpoint: _355_ (rising edge-triggered flip-flop clocked by clk)
Path Group: clk
Path Type: min

Fanout         Cap        Slew       Delay        Time   Description
---------------------------------------------------------------------------------------------
                      0.150000    0.000000    0.000000   clock clk (rise edge)
                                  0.000000    0.000000   clock network delay (ideal)
                      0.150000    0.000000    0.000000 ^ _355_/CLK (sky130_fd_sc_hd__dfrtp_2)
     7    0.013022    0.083688    0.413880    0.413880 ^ _355_/Q (sky130_fd_sc_hd__dfrtp_2)
                                                         counter[2] (net)
                      0.083688    0.000000    0.413880 ^ _259_/B1 (sky130_fd_sc_hd__a21o_2)
     1    0.001532    0.021933    0.086467    0.500346 ^ _259_/X (sky130_fd_sc_hd__a21o_2)
                                                         _083_ (net)
                      0.021933    0.000000    0.500346 ^ _260_/B (sky130_fd_sc_hd__and3b_2)
     1    0.002005    0.039156    0.150888    0.651234 ^ _260_/X (sky130_fd_sc_hd__and3b_2)
                                                         _008_ (net)
                      0.039156    0.000000    0.651234 ^ _355_/D (sky130_fd_sc_hd__dfrtp_2)
                                              0.651234   data arrival time

                      0.150000    0.000000    0.000000   clock clk (rise edge)
                                  0.000000    0.000000   clock network delay (ideal)
                                  0.250000    0.250000   clock uncertainty
                                  0.000000    0.250000   clock reconvergence pessimism
                                              0.250000 ^ _355_/CLK (sky130_fd_sc_hd__dfrtp_2)
                                 -0.019135    0.230865   library hold time
                                              0.230865   data required time
---------------------------------------------------------------------------------------------
                                              0.230865   data required time
                                             -0.651234   data arrival time
---------------------------------------------------------------------------------------------
                                              0.420369   slack (MET)


Startpoint: _357_ (rising edge-triggered flip-flop clocked by clk)
Endpoint: _357_ (rising edge-triggered flip-flop clocked by clk)
Path Group: clk
Path Type: min

Fanout         Cap        Slew       Delay        Time   Description
---------------------------------------------------------------------------------------------
                      0.150000    0.000000    0.000000   clock clk (rise edge)
                                  0.000000    0.000000   clock network delay (ideal)
                      0.150000    0.000000    0.000000 ^ _357_/CLK (sky130_fd_sc_hd__dfrtp_2)
     9    0.021515    0.120358    0.443046    0.443046 ^ _357_/Q (sky130_fd_sc_hd__dfrtp_2)
                                                         counter[4] (net)
                      0.120358    0.000000    0.443046 ^ _264_/A (sky130_fd_sc_hd__nand2_2)
     1    0.001475    0.025606    0.044702    0.487748 v _264_/Y (sky130_fd_sc_hd__nand2_2)
                                                         _086_ (net)
                      0.025606    0.000000    0.487748 v _266_/B (sky130_fd_sc_hd__and3_2)
     1    0.001949    0.031829    0.174322    0.662070 v _266_/X (sky130_fd_sc_hd__and3_2)
                                                         _010_ (net)
                      0.031829    0.000000    0.662070 v _357_/D (sky130_fd_sc_hd__dfrtp_2)
                                              0.662070   data arrival time

                      0.150000    0.000000    0.000000   clock clk (rise edge)
                                  0.000000    0.000000   clock network delay (ideal)
                                  0.250000    0.250000   clock uncertainty
                                  0.000000    0.250000   clock reconvergence pessimism
                                              0.250000 ^ _357_/CLK (sky130_fd_sc_hd__dfrtp_2)
                                 -0.012807    0.237193   library hold time
                                              0.237193   data required time
---------------------------------------------------------------------------------------------
                                              0.237193   data required time
                                             -0.662070   data arrival time
---------------------------------------------------------------------------------------------
                                              0.424877   slack (MET)


Startpoint: _358_ (rising edge-triggered flip-flop clocked by clk)
Endpoint: _358_ (rising edge-triggered flip-flop clocked by clk)
Path Group: clk
Path Type: min

Fanout         Cap        Slew       Delay        Time   Description
---------------------------------------------------------------------------------------------
                      0.150000    0.000000    0.000000   clock clk (rise edge)
                                  0.000000    0.000000   clock network delay (ideal)
                      0.150000    0.000000    0.000000 ^ _358_/CLK (sky130_fd_sc_hd__dfrtp_2)
     7    0.015537    0.094547    0.422516    0.422516 ^ _358_/Q (sky130_fd_sc_hd__dfrtp_2)
                                                         counter[5] (net)
                      0.094547    0.000000    0.422516 ^ _268_/B1 (sky130_fd_sc_hd__a21o_2)
     1    0.001532    0.022219    0.089943    0.512459 ^ _268_/X (sky130_fd_sc_hd__a21o_2)
                                                         _089_ (net)
                      0.022219    0.000000    0.512459 ^ _269_/B (sky130_fd_sc_hd__and3b_2)
     1    0.002005    0.039156    0.150982    0.663441 ^ _269_/X (sky130_fd_sc_hd__and3b_2)
                                                         _011_ (net)
                      0.039156    0.000000    0.663441 ^ _358_/D (sky130_fd_sc_hd__dfrtp_2)
                                              0.663441   data arrival time

                      0.150000    0.000000    0.000000   clock clk (rise edge)
                                  0.000000    0.000000   clock network delay (ideal)
                                  0.250000    0.250000   clock uncertainty
                                  0.000000    0.250000   clock reconvergence pessimism
                                              0.250000 ^ _358_/CLK (sky130_fd_sc_hd__dfrtp_2)
                                 -0.019135    0.230865   library hold time
                                              0.230865   data required time
---------------------------------------------------------------------------------------------
                                              0.230865   data required time
                                             -0.663441   data arrival time
---------------------------------------------------------------------------------------------
                                              0.432576   slack (MET)


Startpoint: _359_ (rising edge-triggered flip-flop clocked by clk)
Endpoint: _359_ (rising edge-triggered flip-flop clocked by clk)
Path Group: clk
Path Type: min

Fanout         Cap        Slew       Delay        Time   Description
---------------------------------------------------------------------------------------------
                      0.150000    0.000000    0.000000   clock clk (rise edge)
                                  0.000000    0.000000   clock network delay (ideal)
                      0.150000    0.000000    0.000000 ^ _359_/CLK (sky130_fd_sc_hd__dfrtp_2)
     6    0.012019    0.079395    0.409850    0.409850 ^ _359_/Q (sky130_fd_sc_hd__dfrtp_2)
                                                         counter[6] (net)
                      0.079395    0.000000    0.409850 ^ _271_/A (sky130_fd_sc_hd__or2_2)
     1    0.001532    0.023788    0.102623    0.512472 ^ _271_/X (sky130_fd_sc_hd__or2_2)
                                                         _091_ (net)
                      0.023788    0.000000    0.512472 ^ _272_/B (sky130_fd_sc_hd__and3b_2)
     1    0.002005    0.039158    0.151469    0.663941 ^ _272_/X (sky130_fd_sc_hd__and3b_2)
                                                         _012_ (net)
                      0.039158    0.000000    0.663941 ^ _359_/D (sky130_fd_sc_hd__dfrtp_2)
                                              0.663941   data arrival time

                      0.150000    0.000000    0.000000   clock clk (rise edge)
                                  0.000000    0.000000   clock network delay (ideal)
                                  0.250000    0.250000   clock uncertainty
                                  0.000000    0.250000   clock reconvergence pessimism
                                              0.250000 ^ _359_/CLK (sky130_fd_sc_hd__dfrtp_2)
                                 -0.019135    0.230865   library hold time
                                              0.230865   data required time
---------------------------------------------------------------------------------------------
                                              0.230865   data required time
                                             -0.663941   data arrival time
---------------------------------------------------------------------------------------------
                                              0.433076   slack (MET)


Startpoint: _363_ (rising edge-triggered flip-flop clocked by clk)
Endpoint: _363_ (rising edge-triggered flip-flop clocked by clk)
Path Group: clk
Path Type: min

Fanout         Cap        Slew       Delay        Time   Description
---------------------------------------------------------------------------------------------
                      0.150000    0.000000    0.000000   clock clk (rise edge)
                                  0.000000    0.000000   clock network delay (ideal)
                      0.150000    0.000000    0.000000 ^ _363_/CLK (sky130_fd_sc_hd__dfrtp_2)
     9    0.025135    0.135989    0.455478    0.455478 ^ _363_/Q (sky130_fd_sc_hd__dfrtp_2)
                                                         counter[10] (net)
                      0.135989    0.000000    0.455478 ^ _282_/A (sky130_fd_sc_hd__nand2_2)
     1    0.001475    0.021130    0.045772    0.501250 v _282_/Y (sky130_fd_sc_hd__nand2_2)
                                                         _098_ (net)
                      0.021130    0.000000    0.501250 v _284_/B (sky130_fd_sc_hd__and3_2)
     1    0.001949    0.031829    0.172411    0.673660 v _284_/X (sky130_fd_sc_hd__and3_2)
                                                         _001_ (net)
                      0.031829    0.000000    0.673660 v _363_/D (sky130_fd_sc_hd__dfrtp_2)
                                              0.673660   data arrival time

                      0.150000    0.000000    0.000000   clock clk (rise edge)
                                  0.000000    0.000000   clock network delay (ideal)
                                  0.250000    0.250000   clock uncertainty
                                  0.000000    0.250000   clock reconvergence pessimism
                                              0.250000 ^ _363_/CLK (sky130_fd_sc_hd__dfrtp_2)
                                 -0.012807    0.237193   library hold time
                                              0.237193   data required time
---------------------------------------------------------------------------------------------
                                              0.237193   data required time
                                             -0.673660   data arrival time
---------------------------------------------------------------------------------------------
                                              0.436467   slack (MET)


Startpoint: _361_ (rising edge-triggered flip-flop clocked by clk)
Endpoint: _361_ (rising edge-triggered flip-flop clocked by clk)
Path Group: clk
Path Type: min

Fanout         Cap        Slew       Delay        Time   Description
---------------------------------------------------------------------------------------------
                      0.150000    0.000000    0.000000   clock clk (rise edge)
                                  0.000000    0.000000   clock network delay (ideal)
                      0.150000    0.000000    0.000000 ^ _361_/CLK (sky130_fd_sc_hd__dfrtp_2)
     5    0.012633    0.082012    0.412491    0.412491 ^ _361_/Q (sky130_fd_sc_hd__dfrtp_2)
                                                         counter[8] (net)
                      0.082012    0.000000    0.412491 ^ _277_/A (sky130_fd_sc_hd__or2_2)
     1    0.001532    0.023790    0.103603    0.516094 ^ _277_/X (sky130_fd_sc_hd__or2_2)
                                                         _095_ (net)
                      0.023790    0.000000    0.516094 ^ _278_/B (sky130_fd_sc_hd__and3b_2)
     1    0.002005    0.039158    0.151469    0.667563 ^ _278_/X (sky130_fd_sc_hd__and3b_2)
                                                         _014_ (net)
                      0.039158    0.000000    0.667563 ^ _361_/D (sky130_fd_sc_hd__dfrtp_2)
                                              0.667563   data arrival time

                      0.150000    0.000000    0.000000   clock clk (rise edge)
                                  0.000000    0.000000   clock network delay (ideal)
                                  0.250000    0.250000   clock uncertainty
                                  0.000000    0.250000   clock reconvergence pessimism
                                              0.250000 ^ _361_/CLK (sky130_fd_sc_hd__dfrtp_2)
                                 -0.019135    0.230865   library hold time
                                              0.230865   data required time
---------------------------------------------------------------------------------------------
                                              0.230865   data required time
                                             -0.667563   data arrival time
---------------------------------------------------------------------------------------------
                                              0.436699   slack (MET)


Startpoint: _366_ (rising edge-triggered flip-flop clocked by clk)
Endpoint: _366_ (rising edge-triggered flip-flop clocked by clk)
Path Group: clk
Path Type: min

Fanout         Cap        Slew       Delay        Time   Description
---------------------------------------------------------------------------------------------
                      0.150000    0.000000    0.000000   clock clk (rise edge)
                                  0.000000    0.000000   clock network delay (ideal)
                      0.150000    0.000000    0.000000 ^ _366_/CLK (sky130_fd_sc_hd__dfrtp_2)
     5    0.013813    0.087103    0.416596    0.416596 ^ _366_/Q (sky130_fd_sc_hd__dfrtp_2)
                                                         counter[13] (net)
                      0.087103    0.000000    0.416596 ^ _292_/A (sky130_fd_sc_hd__or2_2)
     1    0.001532    0.023790    0.105512    0.522108 ^ _292_/X (sky130_fd_sc_hd__or2_2)
                                                         _105_ (net)
                      0.023790    0.000000    0.522108 ^ _293_/B (sky130_fd_sc_hd__and3b_2)
     1    0.002005    0.039158    0.151469    0.673577 ^ _293_/X (sky130_fd_sc_hd__and3b_2)
                                                         _004_ (net)
                      0.039158    0.000000    0.673577 ^ _366_/D (sky130_fd_sc_hd__dfrtp_2)
                                              0.673577   data arrival time

                      0.150000    0.000000    0.000000   clock clk (rise edge)
                                  0.000000    0.000000   clock network delay (ideal)
                                  0.250000    0.250000   clock uncertainty
                                  0.000000    0.250000   clock reconvergence pessimism
                                              0.250000 ^ _366_/CLK (sky130_fd_sc_hd__dfrtp_2)
                                 -0.019135    0.230865   library hold time
                                              0.230865   data required time
---------------------------------------------------------------------------------------------
                                              0.230865   data required time
                                             -0.673577   data arrival time
---------------------------------------------------------------------------------------------
                                              0.442712   slack (MET)


Startpoint: _360_ (rising edge-triggered flip-flop clocked by clk)
Endpoint: _360_ (rising edge-triggered flip-flop clocked by clk)
Path Group: clk
Path Type: min

Fanout         Cap        Slew       Delay        Time   Description
---------------------------------------------------------------------------------------------
                      0.150000    0.000000    0.000000   clock clk (rise edge)
                                  0.000000    0.000000   clock network delay (ideal)
                      0.150000    0.000000    0.000000 ^ _360_/CLK (sky130_fd_sc_hd__dfrtp_2)
     6    0.014106    0.088368    0.417602    0.417602 ^ _360_/Q (sky130_fd_sc_hd__dfrtp_2)
                                                         counter[7] (net)
                      0.088368    0.000000    0.417602 ^ _274_/A (sky130_fd_sc_hd__or2_2)
     1    0.001532    0.023918    0.105986    0.523588 ^ _274_/X (sky130_fd_sc_hd__or2_2)
                                                         _093_ (net)
                      0.023918    0.000000    0.523588 ^ _275_/B (sky130_fd_sc_hd__and3b_2)
     1    0.002005    0.039159    0.151506    0.675094 ^ _275_/X (sky130_fd_sc_hd__and3b_2)
                                                         _013_ (net)
                      0.039159    0.000000    0.675094 ^ _360_/D (sky130_fd_sc_hd__dfrtp_2)
                                              0.675094   data arrival time

                      0.150000    0.000000    0.000000   clock clk (rise edge)
                                  0.000000    0.000000   clock network delay (ideal)
                                  0.250000    0.250000   clock uncertainty
                                  0.000000    0.250000   clock reconvergence pessimism
                                              0.250000 ^ _360_/CLK (sky130_fd_sc_hd__dfrtp_2)
                                 -0.019135    0.230865   library hold time
                                              0.230865   data required time
---------------------------------------------------------------------------------------------
                                              0.230865   data required time
                                             -0.675094   data arrival time
---------------------------------------------------------------------------------------------
                                              0.444230   slack (MET)


Startpoint: _356_ (rising edge-triggered flip-flop clocked by clk)
Endpoint: _356_ (rising edge-triggered flip-flop clocked by clk)
Path Group: clk
Path Type: min

Fanout         Cap        Slew       Delay        Time   Description
---------------------------------------------------------------------------------------------
                      0.150000    0.000000    0.000000   clock clk (rise edge)
                                  0.000000    0.000000   clock network delay (ideal)
                      0.150000    0.000000    0.000000 ^ _356_/CLK (sky130_fd_sc_hd__dfrtp_2)
     6    0.015081    0.092578    0.420951    0.420951 ^ _356_/Q (sky130_fd_sc_hd__dfrtp_2)
                                                         counter[3] (net)
                      0.092578    0.000000    0.420951 ^ _262_/A (sky130_fd_sc_hd__or2_2)
     1    0.001532    0.023788    0.107564    0.528514 ^ _262_/X (sky130_fd_sc_hd__or2_2)
                                                         _085_ (net)
                      0.023788    0.000000    0.528514 ^ _263_/B (sky130_fd_sc_hd__and3b_2)
     1    0.002005    0.039158    0.151469    0.679983 ^ _263_/X (sky130_fd_sc_hd__and3b_2)
                                                         _009_ (net)
                      0.039158    0.000000    0.679983 ^ _356_/D (sky130_fd_sc_hd__dfrtp_2)
                                              0.679983   data arrival time

                      0.150000    0.000000    0.000000   clock clk (rise edge)
                                  0.000000    0.000000   clock network delay (ideal)
                                  0.250000    0.250000   clock uncertainty
                                  0.000000    0.250000   clock reconvergence pessimism
                                              0.250000 ^ _356_/CLK (sky130_fd_sc_hd__dfrtp_2)
                                 -0.019135    0.230865   library hold time
                                              0.230865   data required time
---------------------------------------------------------------------------------------------
                                              0.230865   data required time
                                             -0.679983   data arrival time
---------------------------------------------------------------------------------------------
                                              0.449118   slack (MET)


Startpoint: _362_ (rising edge-triggered flip-flop clocked by clk)
Endpoint: _352_ (rising edge-triggered flip-flop clocked by clk)
Path Group: clk
Path Type: min

Fanout         Cap        Slew       Delay        Time   Description
---------------------------------------------------------------------------------------------
                      0.150000    0.000000    0.000000   clock clk (rise edge)
                                  0.000000    0.000000   clock network delay (ideal)
                      0.150000    0.000000    0.000000 ^ _362_/CLK (sky130_fd_sc_hd__dfrtp_2)
     7    0.016633    0.099279    0.426280    0.426280 ^ _362_/Q (sky130_fd_sc_hd__dfrtp_2)
                                                         counter[9] (net)
                      0.099279    0.000000    0.426280 ^ _307_/A1 (sky130_fd_sc_hd__a221oi_2)
     2    0.006611    0.037323    0.079785    0.506065 v _307_/Y (sky130_fd_sc_hd__a221oi_2)
                                                         _117_ (net)
                      0.037323    0.000000    0.506065 v _334_/C (sky130_fd_sc_hd__nand4b_2)
     1    0.002476    0.040803    0.073162    0.579228 ^ _334_/Y (sky130_fd_sc_hd__nand4b_2)
                                                         _144_ (net)
                      0.040803    0.000000    0.579228 ^ _335_/B2 (sky130_fd_sc_hd__o22a_2)
     1    0.002005    0.027891    0.105985    0.685212 ^ _335_/X (sky130_fd_sc_hd__o22a_2)
                                                         _016_ (net)
                      0.027891    0.000000    0.685212 ^ _352_/D (sky130_fd_sc_hd__dfrtp_2)
                                              0.685212   data arrival time

                      0.150000    0.000000    0.000000   clock clk (rise edge)
                                  0.000000    0.000000   clock network delay (ideal)
                                  0.250000    0.250000   clock uncertainty
                                  0.000000    0.250000   clock reconvergence pessimism
                                              0.250000 ^ _352_/CLK (sky130_fd_sc_hd__dfrtp_2)
                                 -0.016832    0.233168   library hold time
                                              0.233168   data required time
---------------------------------------------------------------------------------------------
                                              0.233168   data required time
                                             -0.685212   data arrival time
---------------------------------------------------------------------------------------------
                                              0.452044   slack (MET)


Startpoint: _364_ (rising edge-triggered flip-flop clocked by clk)
Endpoint: _364_ (rising edge-triggered flip-flop clocked by clk)
Path Group: clk
Path Type: min

Fanout         Cap        Slew       Delay        Time   Description
---------------------------------------------------------------------------------------------
                      0.150000    0.000000    0.000000   clock clk (rise edge)
                                  0.000000    0.000000   clock network delay (ideal)
                      0.150000    0.000000    0.000000 ^ _364_/CLK (sky130_fd_sc_hd__dfrtp_2)
     7    0.017481    0.102941    0.429193    0.429193 ^ _364_/Q (sky130_fd_sc_hd__dfrtp_2)
                                                         counter[11] (net)
                      0.102941    0.000000    0.429193 ^ _286_/B1 (sky130_fd_sc_hd__a31o_2)
     1    0.001532    0.026966    0.102268    0.531460 ^ _286_/X (sky130_fd_sc_hd__a31o_2)
                                                         _101_ (net)
                      0.026966    0.000000    0.531460 ^ _287_/B (sky130_fd_sc_hd__and3b_2)
     1    0.002005    0.039174    0.152389    0.683850 ^ _287_/X (sky130_fd_sc_hd__and3b_2)
                                                         _002_ (net)
                      0.039174    0.000000    0.683850 ^ _364_/D (sky130_fd_sc_hd__dfrtp_2)
                                              0.683850   data arrival time

                      0.150000    0.000000    0.000000   clock clk (rise edge)
                                  0.000000    0.000000   clock network delay (ideal)
                                  0.250000    0.250000   clock uncertainty
                                  0.000000    0.250000   clock reconvergence pessimism
                                              0.250000 ^ _364_/CLK (sky130_fd_sc_hd__dfrtp_2)
                                 -0.019138    0.230862   library hold time
                                              0.230862   data required time
---------------------------------------------------------------------------------------------
                                              0.230862   data required time
                                             -0.683850   data arrival time
---------------------------------------------------------------------------------------------
                                              0.452988   slack (MET)


Startpoint: _362_ (rising edge-triggered flip-flop clocked by clk)
Endpoint: _362_ (rising edge-triggered flip-flop clocked by clk)
Path Group: clk
Path Type: min

Fanout         Cap        Slew       Delay        Time   Description
---------------------------------------------------------------------------------------------
                      0.150000    0.000000    0.000000   clock clk (rise edge)
                                  0.000000    0.000000   clock network delay (ideal)
                      0.150000    0.000000    0.000000 ^ _362_/CLK (sky130_fd_sc_hd__dfrtp_2)
     7    0.016633    0.099279    0.426280    0.426280 ^ _362_/Q (sky130_fd_sc_hd__dfrtp_2)
                                                         counter[9] (net)
                      0.099279    0.000000    0.426280 ^ _280_/A (sky130_fd_sc_hd__or2_2)
     1    0.001532    0.023871    0.110075    0.536356 ^ _280_/X (sky130_fd_sc_hd__or2_2)
                                                         _097_ (net)
                      0.023871    0.000000    0.536356 ^ _281_/B (sky130_fd_sc_hd__and3b_2)
     1    0.002005    0.039158    0.151493    0.687849 ^ _281_/X (sky130_fd_sc_hd__and3b_2)
                                                         _015_ (net)
                      0.039158    0.000000    0.687849 ^ _362_/D (sky130_fd_sc_hd__dfrtp_2)
                                              0.687849   data arrival time

                      0.150000    0.000000    0.000000   clock clk (rise edge)
                                  0.000000    0.000000   clock network delay (ideal)
                                  0.250000    0.250000   clock uncertainty
                                  0.000000    0.250000   clock reconvergence pessimism
                                              0.250000 ^ _362_/CLK (sky130_fd_sc_hd__dfrtp_2)
                                 -0.019135    0.230865   library hold time
                                              0.230865   data required time
---------------------------------------------------------------------------------------------
                                              0.230865   data required time
                                             -0.687849   data arrival time
---------------------------------------------------------------------------------------------
                                              0.456984   slack (MET)


Startpoint: _365_ (rising edge-triggered flip-flop clocked by clk)
Endpoint: _365_ (rising edge-triggered flip-flop clocked by clk)
Path Group: clk
Path Type: min

Fanout         Cap        Slew       Delay        Time   Description
---------------------------------------------------------------------------------------------
                      0.150000    0.000000    0.000000   clock clk (rise edge)
                                  0.000000    0.000000   clock network delay (ideal)
                      0.150000    0.000000    0.000000 ^ _365_/CLK (sky130_fd_sc_hd__dfrtp_2)
     7    0.019930    0.113515    0.437603    0.437603 ^ _365_/Q (sky130_fd_sc_hd__dfrtp_2)
                                                         counter[12] (net)
                      0.113515    0.000000    0.437603 ^ _289_/A (sky130_fd_sc_hd__or2_2)
     1    0.001532    0.023834    0.115411    0.553014 ^ _289_/X (sky130_fd_sc_hd__or2_2)
                                                         _103_ (net)
                      0.023834    0.000000    0.553014 ^ _290_/B (sky130_fd_sc_hd__and3b_2)
     1    0.002005    0.039158    0.151482    0.704496 ^ _290_/X (sky130_fd_sc_hd__and3b_2)
                                                         _003_ (net)
                      0.039158    0.000000    0.704496 ^ _365_/D (sky130_fd_sc_hd__dfrtp_2)
                                              0.704496   data arrival time

                      0.150000    0.000000    0.000000   clock clk (rise edge)
                                  0.000000    0.000000   clock network delay (ideal)
                                  0.250000    0.250000   clock uncertainty
                                  0.000000    0.250000   clock reconvergence pessimism
                                              0.250000 ^ _365_/CLK (sky130_fd_sc_hd__dfrtp_2)
                                 -0.019135    0.230865   library hold time
                                              0.230865   data required time
---------------------------------------------------------------------------------------------
                                              0.230865   data required time
                                             -0.704496   data arrival time
---------------------------------------------------------------------------------------------
                                              0.473631   slack (MET)


Startpoint: _367_ (rising edge-triggered flip-flop clocked by clk)
Endpoint: _367_ (rising edge-triggered flip-flop clocked by clk)
Path Group: clk
Path Type: min

Fanout         Cap        Slew       Delay        Time   Description
---------------------------------------------------------------------------------------------
                      0.150000    0.000000    0.000000   clock clk (rise edge)
                                  0.000000    0.000000   clock network delay (ideal)
                      0.150000    0.000000    0.000000 ^ _367_/CLK (sky130_fd_sc_hd__dfrtp_2)
     6    0.026442    0.141632    0.459966    0.459966 ^ _367_/Q (sky130_fd_sc_hd__dfrtp_2)
                                                         counter[14] (net)
                      0.141632    0.000000    0.459966 ^ _295_/A (sky130_fd_sc_hd__or2_2)
     1    0.001532    0.023784    0.123796    0.583762 ^ _295_/X (sky130_fd_sc_hd__or2_2)
                                                         _107_ (net)
                      0.023784    0.000000    0.583762 ^ _296_/B (sky130_fd_sc_hd__and3b_2)
     1    0.002005    0.039158    0.151467    0.735230 ^ _296_/X (sky130_fd_sc_hd__and3b_2)
                                                         _005_ (net)
                      0.039158    0.000000    0.735230 ^ _367_/D (sky130_fd_sc_hd__dfrtp_2)
                                              0.735230   data arrival time

                      0.150000    0.000000    0.000000   clock clk (rise edge)
                                  0.000000    0.000000   clock network delay (ideal)
                                  0.250000    0.250000   clock uncertainty
                                  0.000000    0.250000   clock reconvergence pessimism
                                              0.250000 ^ _367_/CLK (sky130_fd_sc_hd__dfrtp_2)
                                 -0.019135    0.230865   library hold time
                                              0.230865   data required time
---------------------------------------------------------------------------------------------
                                              0.230865   data required time
                                             -0.735230   data arrival time
---------------------------------------------------------------------------------------------
                                              0.504365   slack (MET)


Startpoint: rst (input port clocked by clk)
Endpoint: _352_ (removal check against rising-edge clock clk)
Path Group: asynchronous
Path Type: min

Fanout         Cap        Slew       Delay        Time   Description
---------------------------------------------------------------------------------------------
                      0.150000    0.000000    0.000000   clock clk (rise edge)
                                  0.000000    0.000000   clock network delay (ideal)
                                  1.000000    1.000000 v input external delay
    17    0.072692    0.157824    0.116854    1.116854 v rst (in)
                                                         rst (net)
                      0.157824    0.000000    1.116854 v _190_/A (sky130_fd_sc_hd__inv_2)
     1    0.003612    0.048273    0.078709    1.195563 ^ _190_/Y (sky130_fd_sc_hd__inv_2)
                                                         _017_ (net)
                      0.048273    0.000000    1.195563 ^ _352_/RESET_B (sky130_fd_sc_hd__dfrtp_2)
                                              1.195563   data arrival time

                      0.150000    0.000000    0.000000   clock clk (rise edge)
                                  0.000000    0.000000   clock network delay (ideal)
                                  0.250000    0.250000   clock uncertainty
                                  0.000000    0.250000   clock reconvergence pessimism
                                              0.250000 ^ _352_/CLK (sky130_fd_sc_hd__dfrtp_2)
                                  0.350023    0.600023   library removal time
                                              0.600023   data required time
---------------------------------------------------------------------------------------------
                                              0.600023   data required time
                                             -1.195563   data arrival time
---------------------------------------------------------------------------------------------
                                              0.595540   slack (MET)


Startpoint: rst (input port clocked by clk)
Endpoint: _353_ (removal check against rising-edge clock clk)
Path Group: asynchronous
Path Type: min

Fanout         Cap        Slew       Delay        Time   Description
---------------------------------------------------------------------------------------------
                      0.150000    0.000000    0.000000   clock clk (rise edge)
                                  0.000000    0.000000   clock network delay (ideal)
                                  1.000000    1.000000 v input external delay
    17    0.072692    0.157824    0.116854    1.116854 v rst (in)
                                                         rst (net)
                      0.157824    0.000000    1.116854 v _336_/A (sky130_fd_sc_hd__inv_2)
     1    0.003612    0.048273    0.078709    1.195563 ^ _336_/Y (sky130_fd_sc_hd__inv_2)
                                                         _018_ (net)
                      0.048273    0.000000    1.195563 ^ _353_/RESET_B (sky130_fd_sc_hd__dfrtp_2)
                                              1.195563   data arrival time

                      0.150000    0.000000    0.000000   clock clk (rise edge)
                                  0.000000    0.000000   clock network delay (ideal)
                                  0.250000    0.250000   clock uncertainty
                                  0.000000    0.250000   clock reconvergence pessimism
                                              0.250000 ^ _353_/CLK (sky130_fd_sc_hd__dfrtp_2)
                                  0.350023    0.600023   library removal time
                                              0.600023   data required time
---------------------------------------------------------------------------------------------
                                              0.600023   data required time
                                             -1.195563   data arrival time
---------------------------------------------------------------------------------------------
                                              0.595540   slack (MET)


Startpoint: rst (input port clocked by clk)
Endpoint: _354_ (removal check against rising-edge clock clk)
Path Group: asynchronous
Path Type: min

Fanout         Cap        Slew       Delay        Time   Description
---------------------------------------------------------------------------------------------
                      0.150000    0.000000    0.000000   clock clk (rise edge)
                                  0.000000    0.000000   clock network delay (ideal)
                                  1.000000    1.000000 v input external delay
    17    0.072692    0.157824    0.116854    1.116854 v rst (in)
                                                         rst (net)
                      0.157824    0.000000    1.116854 v _337_/A (sky130_fd_sc_hd__inv_2)
     1    0.003612    0.048273    0.078709    1.195563 ^ _337_/Y (sky130_fd_sc_hd__inv_2)
                                                         _019_ (net)
                      0.048273    0.000000    1.195563 ^ _354_/RESET_B (sky130_fd_sc_hd__dfrtp_2)
                                              1.195563   data arrival time

                      0.150000    0.000000    0.000000   clock clk (rise edge)
                                  0.000000    0.000000   clock network delay (ideal)
                                  0.250000    0.250000   clock uncertainty
                                  0.000000    0.250000   clock reconvergence pessimism
                                              0.250000 ^ _354_/CLK (sky130_fd_sc_hd__dfrtp_2)
                                  0.350023    0.600023   library removal time
                                              0.600023   data required time
---------------------------------------------------------------------------------------------
                                              0.600023   data required time
                                             -1.195563   data arrival time
---------------------------------------------------------------------------------------------
                                              0.595540   slack (MET)


Startpoint: rst (input port clocked by clk)
Endpoint: _355_ (removal check against rising-edge clock clk)
Path Group: asynchronous
Path Type: min

Fanout         Cap        Slew       Delay        Time   Description
---------------------------------------------------------------------------------------------
                      0.150000    0.000000    0.000000   clock clk (rise edge)
                                  0.000000    0.000000   clock network delay (ideal)
                                  1.000000    1.000000 v input external delay
    17    0.072692    0.157824    0.116854    1.116854 v rst (in)
                                                         rst (net)
                      0.157824    0.000000    1.116854 v _338_/A (sky130_fd_sc_hd__inv_2)
     1    0.003612    0.048273    0.078709    1.195563 ^ _338_/Y (sky130_fd_sc_hd__inv_2)
                                                         _020_ (net)
                      0.048273    0.000000    1.195563 ^ _355_/RESET_B (sky130_fd_sc_hd__dfrtp_2)
                                              1.195563   data arrival time

                      0.150000    0.000000    0.000000   clock clk (rise edge)
                                  0.000000    0.000000   clock network delay (ideal)
                                  0.250000    0.250000   clock uncertainty
                                  0.000000    0.250000   clock reconvergence pessimism
                                              0.250000 ^ _355_/CLK (sky130_fd_sc_hd__dfrtp_2)
                                  0.350023    0.600023   library removal time
                                              0.600023   data required time
---------------------------------------------------------------------------------------------
                                              0.600023   data required time
                                             -1.195563   data arrival time
---------------------------------------------------------------------------------------------
                                              0.595540   slack (MET)


Startpoint: rst (input port clocked by clk)
Endpoint: _356_ (removal check against rising-edge clock clk)
Path Group: asynchronous
Path Type: min

Fanout         Cap        Slew       Delay        Time   Description
---------------------------------------------------------------------------------------------
                      0.150000    0.000000    0.000000   clock clk (rise edge)
                                  0.000000    0.000000   clock network delay (ideal)
                                  1.000000    1.000000 v input external delay
    17    0.072692    0.157824    0.116854    1.116854 v rst (in)
                                                         rst (net)
                      0.157824    0.000000    1.116854 v _339_/A (sky130_fd_sc_hd__inv_2)
     1    0.003612    0.048273    0.078709    1.195563 ^ _339_/Y (sky130_fd_sc_hd__inv_2)
                                                         _021_ (net)
                      0.048273    0.000000    1.195563 ^ _356_/RESET_B (sky130_fd_sc_hd__dfrtp_2)
                                              1.195563   data arrival time

                      0.150000    0.000000    0.000000   clock clk (rise edge)
                                  0.000000    0.000000   clock network delay (ideal)
                                  0.250000    0.250000   clock uncertainty
                                  0.000000    0.250000   clock reconvergence pessimism
                                              0.250000 ^ _356_/CLK (sky130_fd_sc_hd__dfrtp_2)
                                  0.350023    0.600023   library removal time
                                              0.600023   data required time
---------------------------------------------------------------------------------------------
                                              0.600023   data required time
                                             -1.195563   data arrival time
---------------------------------------------------------------------------------------------
                                              0.595540   slack (MET)


Startpoint: rst (input port clocked by clk)
Endpoint: _357_ (removal check against rising-edge clock clk)
Path Group: asynchronous
Path Type: min

Fanout         Cap        Slew       Delay        Time   Description
---------------------------------------------------------------------------------------------
                      0.150000    0.000000    0.000000   clock clk (rise edge)
                                  0.000000    0.000000   clock network delay (ideal)
                                  1.000000    1.000000 v input external delay
    17    0.072692    0.157824    0.116854    1.116854 v rst (in)
                                                         rst (net)
                      0.157824    0.000000    1.116854 v _340_/A (sky130_fd_sc_hd__inv_2)
     1    0.003612    0.048273    0.078709    1.195563 ^ _340_/Y (sky130_fd_sc_hd__inv_2)
                                                         _022_ (net)
                      0.048273    0.000000    1.195563 ^ _357_/RESET_B (sky130_fd_sc_hd__dfrtp_2)
                                              1.195563   data arrival time

                      0.150000    0.000000    0.000000   clock clk (rise edge)
                                  0.000000    0.000000   clock network delay (ideal)
                                  0.250000    0.250000   clock uncertainty
                                  0.000000    0.250000   clock reconvergence pessimism
                                              0.250000 ^ _357_/CLK (sky130_fd_sc_hd__dfrtp_2)
                                  0.350023    0.600023   library removal time
                                              0.600023   data required time
---------------------------------------------------------------------------------------------
                                              0.600023   data required time
                                             -1.195563   data arrival time
---------------------------------------------------------------------------------------------
                                              0.595540   slack (MET)


Startpoint: rst (input port clocked by clk)
Endpoint: _358_ (removal check against rising-edge clock clk)
Path Group: asynchronous
Path Type: min

Fanout         Cap        Slew       Delay        Time   Description
---------------------------------------------------------------------------------------------
                      0.150000    0.000000    0.000000   clock clk (rise edge)
                                  0.000000    0.000000   clock network delay (ideal)
                                  1.000000    1.000000 v input external delay
    17    0.072692    0.157824    0.116854    1.116854 v rst (in)
                                                         rst (net)
                      0.157824    0.000000    1.116854 v _341_/A (sky130_fd_sc_hd__inv_2)
     1    0.003612    0.048273    0.078709    1.195563 ^ _341_/Y (sky130_fd_sc_hd__inv_2)
                                                         _023_ (net)
                      0.048273    0.000000    1.195563 ^ _358_/RESET_B (sky130_fd_sc_hd__dfrtp_2)
                                              1.195563   data arrival time

                      0.150000    0.000000    0.000000   clock clk (rise edge)
                                  0.000000    0.000000   clock network delay (ideal)
                                  0.250000    0.250000   clock uncertainty
                                  0.000000    0.250000   clock reconvergence pessimism
                                              0.250000 ^ _358_/CLK (sky130_fd_sc_hd__dfrtp_2)
                                  0.350023    0.600023   library removal time
                                              0.600023   data required time
---------------------------------------------------------------------------------------------
                                              0.600023   data required time
                                             -1.195563   data arrival time
---------------------------------------------------------------------------------------------
                                              0.595540   slack (MET)


Startpoint: rst (input port clocked by clk)
Endpoint: _359_ (removal check against rising-edge clock clk)
Path Group: asynchronous
Path Type: min

Fanout         Cap        Slew       Delay        Time   Description
---------------------------------------------------------------------------------------------
                      0.150000    0.000000    0.000000   clock clk (rise edge)
                                  0.000000    0.000000   clock network delay (ideal)
                                  1.000000    1.000000 v input external delay
    17    0.072692    0.157824    0.116854    1.116854 v rst (in)
                                                         rst (net)
                      0.157824    0.000000    1.116854 v _342_/A (sky130_fd_sc_hd__inv_2)
     1    0.003612    0.048273    0.078709    1.195563 ^ _342_/Y (sky130_fd_sc_hd__inv_2)
                                                         _024_ (net)
                      0.048273    0.000000    1.195563 ^ _359_/RESET_B (sky130_fd_sc_hd__dfrtp_2)
                                              1.195563   data arrival time

                      0.150000    0.000000    0.000000   clock clk (rise edge)
                                  0.000000    0.000000   clock network delay (ideal)
                                  0.250000    0.250000   clock uncertainty
                                  0.000000    0.250000   clock reconvergence pessimism
                                              0.250000 ^ _359_/CLK (sky130_fd_sc_hd__dfrtp_2)
                                  0.350023    0.600023   library removal time
                                              0.600023   data required time
---------------------------------------------------------------------------------------------
                                              0.600023   data required time
                                             -1.195563   data arrival time
---------------------------------------------------------------------------------------------
                                              0.595540   slack (MET)


Startpoint: rst (input port clocked by clk)
Endpoint: _360_ (removal check against rising-edge clock clk)
Path Group: asynchronous
Path Type: min

Fanout         Cap        Slew       Delay        Time   Description
---------------------------------------------------------------------------------------------
                      0.150000    0.000000    0.000000   clock clk (rise edge)
                                  0.000000    0.000000   clock network delay (ideal)
                                  1.000000    1.000000 v input external delay
    17    0.072692    0.157824    0.116854    1.116854 v rst (in)
                                                         rst (net)
                      0.157824    0.000000    1.116854 v _343_/A (sky130_fd_sc_hd__inv_2)
     1    0.003612    0.048273    0.078709    1.195563 ^ _343_/Y (sky130_fd_sc_hd__inv_2)
                                                         _025_ (net)
                      0.048273    0.000000    1.195563 ^ _360_/RESET_B (sky130_fd_sc_hd__dfrtp_2)
                                              1.195563   data arrival time

                      0.150000    0.000000    0.000000   clock clk (rise edge)
                                  0.000000    0.000000   clock network delay (ideal)
                                  0.250000    0.250000   clock uncertainty
                                  0.000000    0.250000   clock reconvergence pessimism
                                              0.250000 ^ _360_/CLK (sky130_fd_sc_hd__dfrtp_2)
                                  0.350023    0.600023   library removal time
                                              0.600023   data required time
---------------------------------------------------------------------------------------------
                                              0.600023   data required time
                                             -1.195563   data arrival time
---------------------------------------------------------------------------------------------
                                              0.595540   slack (MET)


Startpoint: rst (input port clocked by clk)
Endpoint: _361_ (removal check against rising-edge clock clk)
Path Group: asynchronous
Path Type: min

Fanout         Cap        Slew       Delay        Time   Description
---------------------------------------------------------------------------------------------
                      0.150000    0.000000    0.000000   clock clk (rise edge)
                                  0.000000    0.000000   clock network delay (ideal)
                                  1.000000    1.000000 v input external delay
    17    0.072692    0.157824    0.116854    1.116854 v rst (in)
                                                         rst (net)
                      0.157824    0.000000    1.116854 v _344_/A (sky130_fd_sc_hd__inv_2)
     1    0.003612    0.048273    0.078709    1.195563 ^ _344_/Y (sky130_fd_sc_hd__inv_2)
                                                         _026_ (net)
                      0.048273    0.000000    1.195563 ^ _361_/RESET_B (sky130_fd_sc_hd__dfrtp_2)
                                              1.195563   data arrival time

                      0.150000    0.000000    0.000000   clock clk (rise edge)
                                  0.000000    0.000000   clock network delay (ideal)
                                  0.250000    0.250000   clock uncertainty
                                  0.000000    0.250000   clock reconvergence pessimism
                                              0.250000 ^ _361_/CLK (sky130_fd_sc_hd__dfrtp_2)
                                  0.350023    0.600023   library removal time
                                              0.600023   data required time
---------------------------------------------------------------------------------------------
                                              0.600023   data required time
                                             -1.195563   data arrival time
---------------------------------------------------------------------------------------------
                                              0.595540   slack (MET)


Startpoint: rst (input port clocked by clk)
Endpoint: _362_ (removal check against rising-edge clock clk)
Path Group: asynchronous
Path Type: min

Fanout         Cap        Slew       Delay        Time   Description
---------------------------------------------------------------------------------------------
                      0.150000    0.000000    0.000000   clock clk (rise edge)
                                  0.000000    0.000000   clock network delay (ideal)
                                  1.000000    1.000000 v input external delay
    17    0.072692    0.157824    0.116854    1.116854 v rst (in)
                                                         rst (net)
                      0.157824    0.000000    1.116854 v _345_/A (sky130_fd_sc_hd__inv_2)
     1    0.003612    0.048273    0.078709    1.195563 ^ _345_/Y (sky130_fd_sc_hd__inv_2)
                                                         _027_ (net)
                      0.048273    0.000000    1.195563 ^ _362_/RESET_B (sky130_fd_sc_hd__dfrtp_2)
                                              1.195563   data arrival time

                      0.150000    0.000000    0.000000   clock clk (rise edge)
                                  0.000000    0.000000   clock network delay (ideal)
                                  0.250000    0.250000   clock uncertainty
                                  0.000000    0.250000   clock reconvergence pessimism
                                              0.250000 ^ _362_/CLK (sky130_fd_sc_hd__dfrtp_2)
                                  0.350023    0.600023   library removal time
                                              0.600023   data required time
---------------------------------------------------------------------------------------------
                                              0.600023   data required time
                                             -1.195563   data arrival time
---------------------------------------------------------------------------------------------
                                              0.595540   slack (MET)


Startpoint: rst (input port clocked by clk)
Endpoint: _363_ (removal check against rising-edge clock clk)
Path Group: asynchronous
Path Type: min

Fanout         Cap        Slew       Delay        Time   Description
---------------------------------------------------------------------------------------------
                      0.150000    0.000000    0.000000   clock clk (rise edge)
                                  0.000000    0.000000   clock network delay (ideal)
                                  1.000000    1.000000 v input external delay
    17    0.072692    0.157824    0.116854    1.116854 v rst (in)
                                                         rst (net)
                      0.157824    0.000000    1.116854 v _346_/A (sky130_fd_sc_hd__inv_2)
     1    0.003612    0.048273    0.078709    1.195563 ^ _346_/Y (sky130_fd_sc_hd__inv_2)
                                                         _028_ (net)
                      0.048273    0.000000    1.195563 ^ _363_/RESET_B (sky130_fd_sc_hd__dfrtp_2)
                                              1.195563   data arrival time

                      0.150000    0.000000    0.000000   clock clk (rise edge)
                                  0.000000    0.000000   clock network delay (ideal)
                                  0.250000    0.250000   clock uncertainty
                                  0.000000    0.250000   clock reconvergence pessimism
                                              0.250000 ^ _363_/CLK (sky130_fd_sc_hd__dfrtp_2)
                                  0.350023    0.600023   library removal time
                                              0.600023   data required time
---------------------------------------------------------------------------------------------
                                              0.600023   data required time
                                             -1.195563   data arrival time
---------------------------------------------------------------------------------------------
                                              0.595540   slack (MET)


Startpoint: rst (input port clocked by clk)
Endpoint: _364_ (removal check against rising-edge clock clk)
Path Group: asynchronous
Path Type: min

Fanout         Cap        Slew       Delay        Time   Description
---------------------------------------------------------------------------------------------
                      0.150000    0.000000    0.000000   clock clk (rise edge)
                                  0.000000    0.000000   clock network delay (ideal)
                                  1.000000    1.000000 v input external delay
    17    0.072692    0.157824    0.116854    1.116854 v rst (in)
                                                         rst (net)
                      0.157824    0.000000    1.116854 v _347_/A (sky130_fd_sc_hd__inv_2)
     1    0.003612    0.048273    0.078709    1.195563 ^ _347_/Y (sky130_fd_sc_hd__inv_2)
                                                         _029_ (net)
                      0.048273    0.000000    1.195563 ^ _364_/RESET_B (sky130_fd_sc_hd__dfrtp_2)
                                              1.195563   data arrival time

                      0.150000    0.000000    0.000000   clock clk (rise edge)
                                  0.000000    0.000000   clock network delay (ideal)
                                  0.250000    0.250000   clock uncertainty
                                  0.000000    0.250000   clock reconvergence pessimism
                                              0.250000 ^ _364_/CLK (sky130_fd_sc_hd__dfrtp_2)
                                  0.350023    0.600023   library removal time
                                              0.600023   data required time
---------------------------------------------------------------------------------------------
                                              0.600023   data required time
                                             -1.195563   data arrival time
---------------------------------------------------------------------------------------------
                                              0.595540   slack (MET)


Startpoint: rst (input port clocked by clk)
Endpoint: _365_ (removal check against rising-edge clock clk)
Path Group: asynchronous
Path Type: min

Fanout         Cap        Slew       Delay        Time   Description
---------------------------------------------------------------------------------------------
                      0.150000    0.000000    0.000000   clock clk (rise edge)
                                  0.000000    0.000000   clock network delay (ideal)
                                  1.000000    1.000000 v input external delay
    17    0.072692    0.157824    0.116854    1.116854 v rst (in)
                                                         rst (net)
                      0.157824    0.000000    1.116854 v _348_/A (sky130_fd_sc_hd__inv_2)
     1    0.003612    0.048273    0.078709    1.195563 ^ _348_/Y (sky130_fd_sc_hd__inv_2)
                                                         _030_ (net)
                      0.048273    0.000000    1.195563 ^ _365_/RESET_B (sky130_fd_sc_hd__dfrtp_2)
                                              1.195563   data arrival time

                      0.150000    0.000000    0.000000   clock clk (rise edge)
                                  0.000000    0.000000   clock network delay (ideal)
                                  0.250000    0.250000   clock uncertainty
                                  0.000000    0.250000   clock reconvergence pessimism
                                              0.250000 ^ _365_/CLK (sky130_fd_sc_hd__dfrtp_2)
                                  0.350023    0.600023   library removal time
                                              0.600023   data required time
---------------------------------------------------------------------------------------------
                                              0.600023   data required time
                                             -1.195563   data arrival time
---------------------------------------------------------------------------------------------
                                              0.595540   slack (MET)


Startpoint: rst (input port clocked by clk)
Endpoint: _366_ (removal check against rising-edge clock clk)
Path Group: asynchronous
Path Type: min

Fanout         Cap        Slew       Delay        Time   Description
---------------------------------------------------------------------------------------------
                      0.150000    0.000000    0.000000   clock clk (rise edge)
                                  0.000000    0.000000   clock network delay (ideal)
                                  1.000000    1.000000 v input external delay
    17    0.072692    0.157824    0.116854    1.116854 v rst (in)
                                                         rst (net)
                      0.157824    0.000000    1.116854 v _349_/A (sky130_fd_sc_hd__inv_2)
     1    0.003612    0.048273    0.078709    1.195563 ^ _349_/Y (sky130_fd_sc_hd__inv_2)
                                                         _031_ (net)
                      0.048273    0.000000    1.195563 ^ _366_/RESET_B (sky130_fd_sc_hd__dfrtp_2)
                                              1.195563   data arrival time

                      0.150000    0.000000    0.000000   clock clk (rise edge)
                                  0.000000    0.000000   clock network delay (ideal)
                                  0.250000    0.250000   clock uncertainty
                                  0.000000    0.250000   clock reconvergence pessimism
                                              0.250000 ^ _366_/CLK (sky130_fd_sc_hd__dfrtp_2)
                                  0.350023    0.600023   library removal time
                                              0.600023   data required time
---------------------------------------------------------------------------------------------
                                              0.600023   data required time
                                             -1.195563   data arrival time
---------------------------------------------------------------------------------------------
                                              0.595540   slack (MET)


Startpoint: rst (input port clocked by clk)
Endpoint: _367_ (removal check against rising-edge clock clk)
Path Group: asynchronous
Path Type: min

Fanout         Cap        Slew       Delay        Time   Description
---------------------------------------------------------------------------------------------
                      0.150000    0.000000    0.000000   clock clk (rise edge)
                                  0.000000    0.000000   clock network delay (ideal)
                                  1.000000    1.000000 v input external delay
    17    0.072692    0.157824    0.116854    1.116854 v rst (in)
                                                         rst (net)
                      0.157824    0.000000    1.116854 v _350_/A (sky130_fd_sc_hd__inv_2)
     1    0.003612    0.048273    0.078709    1.195563 ^ _350_/Y (sky130_fd_sc_hd__inv_2)
                                                         _032_ (net)
                      0.048273    0.000000    1.195563 ^ _367_/RESET_B (sky130_fd_sc_hd__dfrtp_2)
                                              1.195563   data arrival time

                      0.150000    0.000000    0.000000   clock clk (rise edge)
                                  0.000000    0.000000   clock network delay (ideal)
                                  0.250000    0.250000   clock uncertainty
                                  0.000000    0.250000   clock reconvergence pessimism
                                              0.250000 ^ _367_/CLK (sky130_fd_sc_hd__dfrtp_2)
                                  0.350023    0.600023   library removal time
                                              0.600023   data required time
---------------------------------------------------------------------------------------------
                                              0.600023   data required time
                                             -1.195563   data arrival time
---------------------------------------------------------------------------------------------
                                              0.595540   slack (MET)


Startpoint: rst (input port clocked by clk)
Endpoint: _368_ (removal check against rising-edge clock clk)
Path Group: asynchronous
Path Type: min

Fanout         Cap        Slew       Delay        Time   Description
---------------------------------------------------------------------------------------------
                      0.150000    0.000000    0.000000   clock clk (rise edge)
                                  0.000000    0.000000   clock network delay (ideal)
                                  1.000000    1.000000 v input external delay
    17    0.072692    0.157824    0.116854    1.116854 v rst (in)
                                                         rst (net)
                      0.157824    0.000000    1.116854 v _351_/A (sky130_fd_sc_hd__inv_2)
     1    0.003612    0.048273    0.078709    1.195563 ^ _351_/Y (sky130_fd_sc_hd__inv_2)
                                                         _033_ (net)
                      0.048273    0.000000    1.195563 ^ _368_/RESET_B (sky130_fd_sc_hd__dfrtp_2)
                                              1.195563   data arrival time

                      0.150000    0.000000    0.000000   clock clk (rise edge)
                                  0.000000    0.000000   clock network delay (ideal)
                                  0.250000    0.250000   clock uncertainty
                                  0.000000    0.250000   clock reconvergence pessimism
                                              0.250000 ^ _368_/CLK (sky130_fd_sc_hd__dfrtp_2)
                                  0.350023    0.600023   library removal time
                                              0.600023   data required time
---------------------------------------------------------------------------------------------
                                              0.600023   data required time
                                             -1.195563   data arrival time
---------------------------------------------------------------------------------------------
                                              0.595540   slack (MET)


Startpoint: _352_ (rising edge-triggered flip-flop clocked by clk)
Endpoint: out (output port clocked by clk)
Path Group: clk
Path Type: min

Fanout         Cap        Slew       Delay        Time   Description
---------------------------------------------------------------------------------------------
                      0.150000    0.000000    0.000000   clock clk (rise edge)
                                  0.000000    0.000000   clock network delay (ideal)
                      0.150000    0.000000    0.000000 ^ _352_/CLK (sky130_fd_sc_hd__dfrtp_2)
     1    0.033442    0.171856    0.484006    0.484006 ^ _352_/Q (sky130_fd_sc_hd__dfrtp_2)
                                                         out (net)
                      0.171856    0.000000    0.484006 ^ out (out)
                                              0.484006   data arrival time

                      0.150000    0.000000    0.000000   clock clk (rise edge)
                                  0.000000    0.000000   clock network delay (ideal)
                                  0.250000    0.250000   clock uncertainty
                                  0.000000    0.250000   clock reconvergence pessimism
                                 -1.000000   -0.750000   output external delay
                                             -0.750000   data required time
---------------------------------------------------------------------------------------------
                                             -0.750000   data required time
                                             -0.484006   data arrival time
---------------------------------------------------------------------------------------------
                                              1.234006   slack (MET)



