
===========================================================================
 report_power
============================================================================
======================= max_tt_025C_1v80 Corner ===================================

Group                    Internal    Switching      Leakage        Total
                            Power        Power        Power        Power (Watts)
------------------------------------------------------------------------
Sequential           1.099518e-04 4.897676e-05 1.047718e-10 1.589287e-04  34.5%
Combinational        9.382910e-05 6.462685e-05 2.872825e-10 1.584562e-04  34.4%
Clock                1.113850e-04 3.243293e-05 2.586528e-10 1.438182e-04  31.2%
Macro                0.000000e+00 0.000000e+00 0.000000e+00 0.000000e+00   0.0%
Pad                  0.000000e+00 0.000000e+00 0.000000e+00 0.000000e+00   0.0%
------------------------------------------------------------------------
Total                3.151660e-04 1.460365e-04 6.507073e-10 4.612032e-04 100.0%
                            68.3%        31.7%         0.0%

