
===========================================================================
report_checks -path_delay min (Hold)
============================================================================
======================= nom_ss_100C_1v60 Corner ===================================

Startpoint: rst (input port clocked by clk)
Endpoint: _146_ (removal check against rising-edge clock clk)
Path Group: asynchronous
Path Type: min

Fanout         Cap        Slew       Delay        Time   Description
---------------------------------------------------------------------------------------------
                      0.150000    0.000000    0.000000   clock clk (rise edge)
                                  0.000000    0.000000   clock network delay (ideal)
                                  1.000000    1.000000 v input external delay
     9    0.038700    0.168577    0.118657    1.118657 v rst (in)
                                                         rst (net)
                      0.168577    0.000000    1.118657 v _081_/A (sky130_fd_sc_hd__inv_2)
     1    0.003263    0.058782    0.104692    1.223349 ^ _081_/Y (sky130_fd_sc_hd__inv_2)
                                                         _009_ (net)
                      0.058782    0.000000    1.223349 ^ _146_/RESET_B (sky130_fd_sc_hd__dfrtp_2)
                                              1.223349   data arrival time

                      0.150000    0.000000    0.000000   clock clk (rise edge)
                                  0.000000    0.000000   clock network delay (ideal)
                                  0.250000    0.250000   clock uncertainty
                                  0.000000    0.250000   clock reconvergence pessimism
                                              0.250000 ^ _146_/CLK (sky130_fd_sc_hd__dfrtp_2)
                                  0.678123    0.928123   library removal time
                                              0.928123   data required time
---------------------------------------------------------------------------------------------
                                              0.928123   data required time
                                             -1.223349   data arrival time
---------------------------------------------------------------------------------------------
                                              0.295227   slack (MET)


Startpoint: rst (input port clocked by clk)
Endpoint: _147_ (removal check against rising-edge clock clk)
Path Group: asynchronous
Path Type: min

Fanout         Cap        Slew       Delay        Time   Description
---------------------------------------------------------------------------------------------
                      0.150000    0.000000    0.000000   clock clk (rise edge)
                                  0.000000    0.000000   clock network delay (ideal)
                                  1.000000    1.000000 v input external delay
     9    0.038700    0.168577    0.118657    1.118657 v rst (in)
                                                         rst (net)
                      0.168577    0.000000    1.118657 v _138_/A (sky130_fd_sc_hd__inv_2)
     1    0.003263    0.058782    0.104692    1.223349 ^ _138_/Y (sky130_fd_sc_hd__inv_2)
                                                         _010_ (net)
                      0.058782    0.000000    1.223349 ^ _147_/RESET_B (sky130_fd_sc_hd__dfrtp_2)
                                              1.223349   data arrival time

                      0.150000    0.000000    0.000000   clock clk (rise edge)
                                  0.000000    0.000000   clock network delay (ideal)
                                  0.250000    0.250000   clock uncertainty
                                  0.000000    0.250000   clock reconvergence pessimism
                                              0.250000 ^ _147_/CLK (sky130_fd_sc_hd__dfrtp_2)
                                  0.678123    0.928123   library removal time
                                              0.928123   data required time
---------------------------------------------------------------------------------------------
                                              0.928123   data required time
                                             -1.223349   data arrival time
---------------------------------------------------------------------------------------------
                                              0.295227   slack (MET)


Startpoint: rst (input port clocked by clk)
Endpoint: _148_ (removal check against rising-edge clock clk)
Path Group: asynchronous
Path Type: min

Fanout         Cap        Slew       Delay        Time   Description
---------------------------------------------------------------------------------------------
                      0.150000    0.000000    0.000000   clock clk (rise edge)
                                  0.000000    0.000000   clock network delay (ideal)
                                  1.000000    1.000000 v input external delay
     9    0.038700    0.168577    0.118657    1.118657 v rst (in)
                                                         rst (net)
                      0.168577    0.000000    1.118657 v _139_/A (sky130_fd_sc_hd__inv_2)
     1    0.003263    0.058782    0.104692    1.223349 ^ _139_/Y (sky130_fd_sc_hd__inv_2)
                                                         _011_ (net)
                      0.058782    0.000000    1.223349 ^ _148_/RESET_B (sky130_fd_sc_hd__dfrtp_2)
                                              1.223349   data arrival time

                      0.150000    0.000000    0.000000   clock clk (rise edge)
                                  0.000000    0.000000   clock network delay (ideal)
                                  0.250000    0.250000   clock uncertainty
                                  0.000000    0.250000   clock reconvergence pessimism
                                              0.250000 ^ _148_/CLK (sky130_fd_sc_hd__dfrtp_2)
                                  0.678123    0.928123   library removal time
                                              0.928123   data required time
---------------------------------------------------------------------------------------------
                                              0.928123   data required time
                                             -1.223349   data arrival time
---------------------------------------------------------------------------------------------
                                              0.295227   slack (MET)


Startpoint: rst (input port clocked by clk)
Endpoint: _149_ (removal check against rising-edge clock clk)
Path Group: asynchronous
Path Type: min

Fanout         Cap        Slew       Delay        Time   Description
---------------------------------------------------------------------------------------------
                      0.150000    0.000000    0.000000   clock clk (rise edge)
                                  0.000000    0.000000   clock network delay (ideal)
                                  1.000000    1.000000 v input external delay
     9    0.038700    0.168577    0.118657    1.118657 v rst (in)
                                                         rst (net)
                      0.168577    0.000000    1.118657 v _140_/A (sky130_fd_sc_hd__inv_2)
     1    0.003263    0.058782    0.104692    1.223349 ^ _140_/Y (sky130_fd_sc_hd__inv_2)
                                                         _012_ (net)
                      0.058782    0.000000    1.223349 ^ _149_/RESET_B (sky130_fd_sc_hd__dfrtp_2)
                                              1.223349   data arrival time

                      0.150000    0.000000    0.000000   clock clk (rise edge)
                                  0.000000    0.000000   clock network delay (ideal)
                                  0.250000    0.250000   clock uncertainty
                                  0.000000    0.250000   clock reconvergence pessimism
                                              0.250000 ^ _149_/CLK (sky130_fd_sc_hd__dfrtp_2)
                                  0.678123    0.928123   library removal time
                                              0.928123   data required time
---------------------------------------------------------------------------------------------
                                              0.928123   data required time
                                             -1.223349   data arrival time
---------------------------------------------------------------------------------------------
                                              0.295227   slack (MET)


Startpoint: rst (input port clocked by clk)
Endpoint: _150_ (removal check against rising-edge clock clk)
Path Group: asynchronous
Path Type: min

Fanout         Cap        Slew       Delay        Time   Description
---------------------------------------------------------------------------------------------
                      0.150000    0.000000    0.000000   clock clk (rise edge)
                                  0.000000    0.000000   clock network delay (ideal)
                                  1.000000    1.000000 v input external delay
     9    0.038700    0.168577    0.118657    1.118657 v rst (in)
                                                         rst (net)
                      0.168577    0.000000    1.118657 v _141_/A (sky130_fd_sc_hd__inv_2)
     1    0.003263    0.058782    0.104692    1.223349 ^ _141_/Y (sky130_fd_sc_hd__inv_2)
                                                         _013_ (net)
                      0.058782    0.000000    1.223349 ^ _150_/RESET_B (sky130_fd_sc_hd__dfrtp_2)
                                              1.223349   data arrival time

                      0.150000    0.000000    0.000000   clock clk (rise edge)
                                  0.000000    0.000000   clock network delay (ideal)
                                  0.250000    0.250000   clock uncertainty
                                  0.000000    0.250000   clock reconvergence pessimism
                                              0.250000 ^ _150_/CLK (sky130_fd_sc_hd__dfrtp_2)
                                  0.678123    0.928123   library removal time
                                              0.928123   data required time
---------------------------------------------------------------------------------------------
                                              0.928123   data required time
                                             -1.223349   data arrival time
---------------------------------------------------------------------------------------------
                                              0.295227   slack (MET)


Startpoint: rst (input port clocked by clk)
Endpoint: _151_ (removal check against rising-edge clock clk)
Path Group: asynchronous
Path Type: min

Fanout         Cap        Slew       Delay        Time   Description
---------------------------------------------------------------------------------------------
                      0.150000    0.000000    0.000000   clock clk (rise edge)
                                  0.000000    0.000000   clock network delay (ideal)
                                  1.000000    1.000000 v input external delay
     9    0.038700    0.168577    0.118657    1.118657 v rst (in)
                                                         rst (net)
                      0.168577    0.000000    1.118657 v _142_/A (sky130_fd_sc_hd__inv_2)
     1    0.003263    0.058782    0.104692    1.223349 ^ _142_/Y (sky130_fd_sc_hd__inv_2)
                                                         _014_ (net)
                      0.058782    0.000000    1.223349 ^ _151_/RESET_B (sky130_fd_sc_hd__dfrtp_2)
                                              1.223349   data arrival time

                      0.150000    0.000000    0.000000   clock clk (rise edge)
                                  0.000000    0.000000   clock network delay (ideal)
                                  0.250000    0.250000   clock uncertainty
                                  0.000000    0.250000   clock reconvergence pessimism
                                              0.250000 ^ _151_/CLK (sky130_fd_sc_hd__dfrtp_2)
                                  0.678123    0.928123   library removal time
                                              0.928123   data required time
---------------------------------------------------------------------------------------------
                                              0.928123   data required time
                                             -1.223349   data arrival time
---------------------------------------------------------------------------------------------
                                              0.295227   slack (MET)


Startpoint: rst (input port clocked by clk)
Endpoint: _152_ (removal check against rising-edge clock clk)
Path Group: asynchronous
Path Type: min

Fanout         Cap        Slew       Delay        Time   Description
---------------------------------------------------------------------------------------------
                      0.150000    0.000000    0.000000   clock clk (rise edge)
                                  0.000000    0.000000   clock network delay (ideal)
                                  1.000000    1.000000 v input external delay
     9    0.038700    0.168577    0.118657    1.118657 v rst (in)
                                                         rst (net)
                      0.168577    0.000000    1.118657 v _143_/A (sky130_fd_sc_hd__inv_2)
     1    0.003263    0.058782    0.104692    1.223349 ^ _143_/Y (sky130_fd_sc_hd__inv_2)
                                                         _015_ (net)
                      0.058782    0.000000    1.223349 ^ _152_/RESET_B (sky130_fd_sc_hd__dfrtp_2)
                                              1.223349   data arrival time

                      0.150000    0.000000    0.000000   clock clk (rise edge)
                                  0.000000    0.000000   clock network delay (ideal)
                                  0.250000    0.250000   clock uncertainty
                                  0.000000    0.250000   clock reconvergence pessimism
                                              0.250000 ^ _152_/CLK (sky130_fd_sc_hd__dfrtp_2)
                                  0.678123    0.928123   library removal time
                                              0.928123   data required time
---------------------------------------------------------------------------------------------
                                              0.928123   data required time
                                             -1.223349   data arrival time
---------------------------------------------------------------------------------------------
                                              0.295227   slack (MET)


Startpoint: rst (input port clocked by clk)
Endpoint: _153_ (removal check against rising-edge clock clk)
Path Group: asynchronous
Path Type: min

Fanout         Cap        Slew       Delay        Time   Description
---------------------------------------------------------------------------------------------
                      0.150000    0.000000    0.000000   clock clk (rise edge)
                                  0.000000    0.000000   clock network delay (ideal)
                                  1.000000    1.000000 v input external delay
     9    0.038700    0.168577    0.118657    1.118657 v rst (in)
                                                         rst (net)
                      0.168577    0.000000    1.118657 v _144_/A (sky130_fd_sc_hd__inv_2)
     1    0.003263    0.058782    0.104692    1.223349 ^ _144_/Y (sky130_fd_sc_hd__inv_2)
                                                         _016_ (net)
                      0.058782    0.000000    1.223349 ^ _153_/RESET_B (sky130_fd_sc_hd__dfrtp_2)
                                              1.223349   data arrival time

                      0.150000    0.000000    0.000000   clock clk (rise edge)
                                  0.000000    0.000000   clock network delay (ideal)
                                  0.250000    0.250000   clock uncertainty
                                  0.000000    0.250000   clock reconvergence pessimism
                                              0.250000 ^ _153_/CLK (sky130_fd_sc_hd__dfrtp_2)
                                  0.678123    0.928123   library removal time
                                              0.928123   data required time
---------------------------------------------------------------------------------------------
                                              0.928123   data required time
                                             -1.223349   data arrival time
---------------------------------------------------------------------------------------------
                                              0.295227   slack (MET)


Startpoint: rst (input port clocked by clk)
Endpoint: _154_ (removal check against rising-edge clock clk)
Path Group: asynchronous
Path Type: min

Fanout         Cap        Slew       Delay        Time   Description
---------------------------------------------------------------------------------------------
                      0.150000    0.000000    0.000000   clock clk (rise edge)
                                  0.000000    0.000000   clock network delay (ideal)
                                  1.000000    1.000000 v input external delay
     9    0.038700    0.168577    0.118657    1.118657 v rst (in)
                                                         rst (net)
                      0.168577    0.000000    1.118657 v _145_/A (sky130_fd_sc_hd__inv_2)
     1    0.003263    0.058782    0.104692    1.223349 ^ _145_/Y (sky130_fd_sc_hd__inv_2)
                                                         _017_ (net)
                      0.058782    0.000000    1.223349 ^ _154_/RESET_B (sky130_fd_sc_hd__dfrtp_2)
                                              1.223349   data arrival time

                      0.150000    0.000000    0.000000   clock clk (rise edge)
                                  0.000000    0.000000   clock network delay (ideal)
                                  0.250000    0.250000   clock uncertainty
                                  0.000000    0.250000   clock reconvergence pessimism
                                              0.250000 ^ _154_/CLK (sky130_fd_sc_hd__dfrtp_2)
                                  0.678123    0.928123   library removal time
                                              0.928123   data required time
---------------------------------------------------------------------------------------------
                                              0.928123   data required time
                                             -1.223349   data arrival time
---------------------------------------------------------------------------------------------
                                              0.295227   slack (MET)


Startpoint: _154_ (rising edge-triggered flip-flop clocked by clk)
Endpoint: _146_ (rising edge-triggered flip-flop clocked by clk)
Path Group: clk
Path Type: min

Fanout         Cap        Slew       Delay        Time   Description
---------------------------------------------------------------------------------------------
                      0.150000    0.000000    0.000000   clock clk (rise edge)
                                  0.000000    0.000000   clock network delay (ideal)
                      0.150000    0.000000    0.000000 ^ _154_/CLK (sky130_fd_sc_hd__dfrtp_2)
     4    0.020757    0.194698    0.838313    0.838313 ^ _154_/Q (sky130_fd_sc_hd__dfrtp_2)
                                                         counter[7] (net)
                      0.194698    0.000000    0.838313 ^ _137_/B1 (sky130_fd_sc_hd__a21oi_2)
     1    0.001838    0.054476    0.088496    0.926808 v _137_/Y (sky130_fd_sc_hd__a21oi_2)
                                                         _008_ (net)
                      0.054476    0.000000    0.926808 v _146_/D (sky130_fd_sc_hd__dfrtp_2)
                                              0.926808   data arrival time

                      0.150000    0.000000    0.000000   clock clk (rise edge)
                                  0.000000    0.000000   clock network delay (ideal)
                                  0.250000    0.250000   clock uncertainty
                                  0.000000    0.250000   clock reconvergence pessimism
                                              0.250000 ^ _146_/CLK (sky130_fd_sc_hd__dfrtp_2)
                                 -0.064573    0.185427   library hold time
                                              0.185427   data required time
---------------------------------------------------------------------------------------------
                                              0.185427   data required time
                                             -0.926808   data arrival time
---------------------------------------------------------------------------------------------
                                              0.741381   slack (MET)


Startpoint: _152_ (rising edge-triggered flip-flop clocked by clk)
Endpoint: _152_ (rising edge-triggered flip-flop clocked by clk)
Path Group: clk
Path Type: min

Fanout         Cap        Slew       Delay        Time   Description
---------------------------------------------------------------------------------------------
                      0.150000    0.000000    0.000000   clock clk (rise edge)
                                  0.000000    0.000000   clock network delay (ideal)
                      0.150000    0.000000    0.000000 ^ _152_/CLK (sky130_fd_sc_hd__dfrtp_2)
     6    0.011811    0.134404    0.780383    0.780383 ^ _152_/Q (sky130_fd_sc_hd__dfrtp_2)
                                                         counter[5] (net)
                      0.134404    0.000000    0.780383 ^ _122_/B1 (sky130_fd_sc_hd__a21o_2)
     1    0.001516    0.037886    0.164995    0.945378 ^ _122_/X (sky130_fd_sc_hd__a21o_2)
                                                         _061_ (net)
                      0.037886    0.000000    0.945378 ^ _123_/C (sky130_fd_sc_hd__and3_2)
     1    0.001853    0.073130    0.331456    1.276834 ^ _123_/X (sky130_fd_sc_hd__and3_2)
                                                         _005_ (net)
                      0.073130    0.000000    1.276834 ^ _152_/D (sky130_fd_sc_hd__dfrtp_2)
                                              1.276834   data arrival time

                      0.150000    0.000000    0.000000   clock clk (rise edge)
                                  0.000000    0.000000   clock network delay (ideal)
                                  0.250000    0.250000   clock uncertainty
                                  0.000000    0.250000   clock reconvergence pessimism
                                              0.250000 ^ _152_/CLK (sky130_fd_sc_hd__dfrtp_2)
                                 -0.064483    0.185517   library hold time
                                              0.185517   data required time
---------------------------------------------------------------------------------------------
                                              0.185517   data required time
                                             -1.276834   data arrival time
---------------------------------------------------------------------------------------------
                                              1.091316   slack (MET)


Startpoint: _147_ (rising edge-triggered flip-flop clocked by clk)
Endpoint: _147_ (rising edge-triggered flip-flop clocked by clk)
Path Group: clk
Path Type: min

Fanout         Cap        Slew       Delay        Time   Description
---------------------------------------------------------------------------------------------
                      0.150000    0.000000    0.000000   clock clk (rise edge)
                                  0.000000    0.000000   clock network delay (ideal)
                      0.150000    0.000000    0.000000 ^ _147_/CLK (sky130_fd_sc_hd__dfrtp_2)
     7    0.018579    0.179784    0.826640    0.826640 ^ _147_/Q (sky130_fd_sc_hd__dfrtp_2)
                                                         counter[0] (net)
                      0.179784    0.000000    0.826640 ^ _108_/A_N (sky130_fd_sc_hd__and2b_2)
     1    0.001838    0.063884    0.471960    1.298600 v _108_/X (sky130_fd_sc_hd__and2b_2)
                                                         _000_ (net)
                      0.063884    0.000000    1.298600 v _147_/D (sky130_fd_sc_hd__dfrtp_2)
                                              1.298600   data arrival time

                      0.150000    0.000000    0.000000   clock clk (rise edge)
                                  0.000000    0.000000   clock network delay (ideal)
                                  0.250000    0.250000   clock uncertainty
                                  0.000000    0.250000   clock reconvergence pessimism
                                              0.250000 ^ _147_/CLK (sky130_fd_sc_hd__dfrtp_2)
                                 -0.068020    0.181980   library hold time
                                              0.181980   data required time
---------------------------------------------------------------------------------------------
                                              0.181980   data required time
                                             -1.298600   data arrival time
---------------------------------------------------------------------------------------------
                                              1.116620   slack (MET)


Startpoint: _154_ (rising edge-triggered flip-flop clocked by clk)
Endpoint: _154_ (rising edge-triggered flip-flop clocked by clk)
Path Group: clk
Path Type: min

Fanout         Cap        Slew       Delay        Time   Description
---------------------------------------------------------------------------------------------
                      0.150000    0.000000    0.000000   clock clk (rise edge)
                                  0.000000    0.000000   clock network delay (ideal)
                      0.150000    0.000000    0.000000 ^ _154_/CLK (sky130_fd_sc_hd__dfrtp_2)
     4    0.020757    0.194698    0.838313    0.838313 ^ _154_/Q (sky130_fd_sc_hd__dfrtp_2)
                                                         counter[7] (net)
                      0.194698    0.000000    0.838313 ^ _127_/A (sky130_fd_sc_hd__xnor2_2)
     1    0.001460    0.049225    0.229348    1.067661 ^ _127_/Y (sky130_fd_sc_hd__xnor2_2)
                                                         _064_ (net)
                      0.049225    0.000000    1.067661 ^ _128_/B (sky130_fd_sc_hd__and2_2)
     1    0.001853    0.061123    0.241734    1.309394 ^ _128_/X (sky130_fd_sc_hd__and2_2)
                                                         _007_ (net)
                      0.061123    0.000000    1.309394 ^ _154_/D (sky130_fd_sc_hd__dfrtp_2)
                                              1.309394   data arrival time

                      0.150000    0.000000    0.000000   clock clk (rise edge)
                                  0.000000    0.000000   clock network delay (ideal)
                                  0.250000    0.250000   clock uncertainty
                                  0.000000    0.250000   clock reconvergence pessimism
                                              0.250000 ^ _154_/CLK (sky130_fd_sc_hd__dfrtp_2)
                                 -0.061755    0.188245   library hold time
                                              0.188245   data required time
---------------------------------------------------------------------------------------------
                                              0.188245   data required time
                                             -1.309394   data arrival time
---------------------------------------------------------------------------------------------
                                              1.121149   slack (MET)


Startpoint: _151_ (rising edge-triggered flip-flop clocked by clk)
Endpoint: _151_ (rising edge-triggered flip-flop clocked by clk)
Path Group: clk
Path Type: min

Fanout         Cap        Slew       Delay        Time   Description
---------------------------------------------------------------------------------------------
                      0.150000    0.000000    0.000000   clock clk (rise edge)
                                  0.000000    0.000000   clock network delay (ideal)
                      0.150000    0.000000    0.000000 ^ _151_/CLK (sky130_fd_sc_hd__dfrtp_2)
     8    0.018911    0.182057    0.828419    0.828419 ^ _151_/Q (sky130_fd_sc_hd__dfrtp_2)
                                                         counter[4] (net)
                      0.182057    0.000000    0.828419 ^ _117_/A (sky130_fd_sc_hd__nand2_2)
     1    0.001424    0.046939    0.103546    0.931965 v _117_/Y (sky130_fd_sc_hd__nand2_2)
                                                         _057_ (net)
                      0.046939    0.000000    0.931965 v _119_/B (sky130_fd_sc_hd__and3_2)
     1    0.001838    0.062104    0.377519    1.309485 v _119_/X (sky130_fd_sc_hd__and3_2)
                                                         _004_ (net)
                      0.062104    0.000000    1.309485 v _151_/D (sky130_fd_sc_hd__dfrtp_2)
                                              1.309485   data arrival time

                      0.150000    0.000000    0.000000   clock clk (rise edge)
                                  0.000000    0.000000   clock network delay (ideal)
                                  0.250000    0.250000   clock uncertainty
                                  0.000000    0.250000   clock reconvergence pessimism
                                              0.250000 ^ _151_/CLK (sky130_fd_sc_hd__dfrtp_2)
                                 -0.067368    0.182632   library hold time
                                              0.182632   data required time
---------------------------------------------------------------------------------------------
                                              0.182632   data required time
                                             -1.309485   data arrival time
---------------------------------------------------------------------------------------------
                                              1.126852   slack (MET)


Startpoint: _150_ (rising edge-triggered flip-flop clocked by clk)
Endpoint: _150_ (rising edge-triggered flip-flop clocked by clk)
Path Group: clk
Path Type: min

Fanout         Cap        Slew       Delay        Time   Description
---------------------------------------------------------------------------------------------
                      0.150000    0.000000    0.000000   clock clk (rise edge)
                                  0.000000    0.000000   clock network delay (ideal)
                      0.150000    0.000000    0.000000 ^ _150_/CLK (sky130_fd_sc_hd__dfrtp_2)
     6    0.014071    0.149554    0.795859    0.795859 ^ _150_/Q (sky130_fd_sc_hd__dfrtp_2)
                                                         counter[3] (net)
                      0.149554    0.000000    0.795859 ^ _115_/B1 (sky130_fd_sc_hd__a31o_2)
     1    0.001516    0.046035    0.187806    0.983665 ^ _115_/X (sky130_fd_sc_hd__a31o_2)
                                                         _056_ (net)
                      0.046035    0.000000    0.983665 ^ _116_/C (sky130_fd_sc_hd__and3_2)
     1    0.001853    0.073097    0.334621    1.318286 ^ _116_/X (sky130_fd_sc_hd__and3_2)
                                                         _003_ (net)
                      0.073097    0.000000    1.318286 ^ _150_/D (sky130_fd_sc_hd__dfrtp_2)
                                              1.318286   data arrival time

                      0.150000    0.000000    0.000000   clock clk (rise edge)
                                  0.000000    0.000000   clock network delay (ideal)
                                  0.250000    0.250000   clock uncertainty
                                  0.000000    0.250000   clock reconvergence pessimism
                                              0.250000 ^ _150_/CLK (sky130_fd_sc_hd__dfrtp_2)
                                 -0.064475    0.185525   library hold time
                                              0.185525   data required time
---------------------------------------------------------------------------------------------
                                              0.185525   data required time
                                             -1.318286   data arrival time
---------------------------------------------------------------------------------------------
                                              1.132761   slack (MET)


Startpoint: _153_ (rising edge-triggered flip-flop clocked by clk)
Endpoint: _153_ (rising edge-triggered flip-flop clocked by clk)
Path Group: clk
Path Type: min

Fanout         Cap        Slew       Delay        Time   Description
---------------------------------------------------------------------------------------------
                      0.150000    0.000000    0.000000   clock clk (rise edge)
                                  0.000000    0.000000   clock network delay (ideal)
                      0.150000    0.000000    0.000000 ^ _153_/CLK (sky130_fd_sc_hd__dfrtp_2)
     6    0.014898    0.155098    0.801522    0.801522 ^ _153_/Q (sky130_fd_sc_hd__dfrtp_2)
                                                         counter[6] (net)
                      0.155098    0.000000    0.801522 ^ _125_/A (sky130_fd_sc_hd__or2_2)
     1    0.001516    0.040901    0.203924    1.005446 ^ _125_/X (sky130_fd_sc_hd__or2_2)
                                                         _063_ (net)
                      0.040901    0.000000    1.005446 ^ _126_/C (sky130_fd_sc_hd__and3_2)
     1    0.001853    0.073104    0.332627    1.338073 ^ _126_/X (sky130_fd_sc_hd__and3_2)
                                                         _006_ (net)
                      0.073104    0.000000    1.338073 ^ _153_/D (sky130_fd_sc_hd__dfrtp_2)
                                              1.338073   data arrival time

                      0.150000    0.000000    0.000000   clock clk (rise edge)
                                  0.000000    0.000000   clock network delay (ideal)
                                  0.250000    0.250000   clock uncertainty
                                  0.000000    0.250000   clock reconvergence pessimism
                                              0.250000 ^ _153_/CLK (sky130_fd_sc_hd__dfrtp_2)
                                 -0.064477    0.185523   library hold time
                                              0.185523   data required time
---------------------------------------------------------------------------------------------
                                              0.185523   data required time
                                             -1.338073   data arrival time
---------------------------------------------------------------------------------------------
                                              1.152550   slack (MET)


Startpoint: _149_ (rising edge-triggered flip-flop clocked by clk)
Endpoint: _149_ (rising edge-triggered flip-flop clocked by clk)
Path Group: clk
Path Type: min

Fanout         Cap        Slew       Delay        Time   Description
---------------------------------------------------------------------------------------------
                      0.150000    0.000000    0.000000   clock clk (rise edge)
                                  0.000000    0.000000   clock network delay (ideal)
                      0.150000    0.000000    0.000000 ^ _149_/CLK (sky130_fd_sc_hd__dfrtp_2)
     7    0.025134    0.224671    0.861771    0.861771 ^ _149_/Q (sky130_fd_sc_hd__dfrtp_2)
                                                         counter[2] (net)
                      0.224671    0.000000    0.861771 ^ _111_/A (sky130_fd_sc_hd__xnor2_2)
     1    0.001460    0.049431    0.240289    1.102060 ^ _111_/Y (sky130_fd_sc_hd__xnor2_2)
                                                         _053_ (net)
                      0.049431    0.000000    1.102060 ^ _112_/B (sky130_fd_sc_hd__and2_2)
     1    0.001853    0.061124    0.241817    1.343876 ^ _112_/X (sky130_fd_sc_hd__and2_2)
                                                         _002_ (net)
                      0.061124    0.000000    1.343876 ^ _149_/D (sky130_fd_sc_hd__dfrtp_2)
                                              1.343876   data arrival time

                      0.150000    0.000000    0.000000   clock clk (rise edge)
                                  0.000000    0.000000   clock network delay (ideal)
                                  0.250000    0.250000   clock uncertainty
                                  0.000000    0.250000   clock reconvergence pessimism
                                              0.250000 ^ _149_/CLK (sky130_fd_sc_hd__dfrtp_2)
                                 -0.061755    0.188245   library hold time
                                              0.188245   data required time
---------------------------------------------------------------------------------------------
                                              0.188245   data required time
                                             -1.343876   data arrival time
---------------------------------------------------------------------------------------------
                                              1.155631   slack (MET)


Startpoint: _147_ (rising edge-triggered flip-flop clocked by clk)
Endpoint: _148_ (rising edge-triggered flip-flop clocked by clk)
Path Group: clk
Path Type: min

Fanout         Cap        Slew       Delay        Time   Description
---------------------------------------------------------------------------------------------
                      0.150000    0.000000    0.000000   clock clk (rise edge)
                                  0.000000    0.000000   clock network delay (ideal)
                      0.150000    0.000000    0.000000 ^ _147_/CLK (sky130_fd_sc_hd__dfrtp_2)
     7    0.018579    0.179784    0.826640    0.826640 ^ _147_/Q (sky130_fd_sc_hd__dfrtp_2)
                                                         counter[0] (net)
                      0.179784    0.000000    0.826640 ^ _109_/A (sky130_fd_sc_hd__or2_2)
     1    0.001516    0.040952    0.215504    1.042143 ^ _109_/X (sky130_fd_sc_hd__or2_2)
                                                         _052_ (net)
                      0.040952    0.000000    1.042143 ^ _110_/C (sky130_fd_sc_hd__and3_2)
     1    0.001853    0.073117    0.332647    1.374790 ^ _110_/X (sky130_fd_sc_hd__and3_2)
                                                         _001_ (net)
                      0.073117    0.000000    1.374790 ^ _148_/D (sky130_fd_sc_hd__dfrtp_2)
                                              1.374790   data arrival time

                      0.150000    0.000000    0.000000   clock clk (rise edge)
                                  0.000000    0.000000   clock network delay (ideal)
                                  0.250000    0.250000   clock uncertainty
                                  0.000000    0.250000   clock reconvergence pessimism
                                              0.250000 ^ _148_/CLK (sky130_fd_sc_hd__dfrtp_2)
                                 -0.064480    0.185520   library hold time
                                              0.185520   data required time
---------------------------------------------------------------------------------------------
                                              0.185520   data required time
                                             -1.374790   data arrival time
---------------------------------------------------------------------------------------------
                                              1.189270   slack (MET)


Startpoint: _146_ (rising edge-triggered flip-flop clocked by clk)
Endpoint: out (output port clocked by clk)
Path Group: clk
Path Type: min

Fanout         Cap        Slew       Delay        Time   Description
---------------------------------------------------------------------------------------------
                      0.150000    0.000000    0.000000   clock clk (rise edge)
                                  0.000000    0.000000   clock network delay (ideal)
                      0.150000    0.000000    0.000000 ^ _146_/CLK (sky130_fd_sc_hd__dfrtp_2)
     1    0.033442    0.281562    0.906297    0.906297 ^ _146_/Q (sky130_fd_sc_hd__dfrtp_2)
                                                         out (net)
                      0.281562    0.000000    0.906297 ^ out (out)
                                              0.906297   data arrival time

                      0.150000    0.000000    0.000000   clock clk (rise edge)
                                  0.000000    0.000000   clock network delay (ideal)
                                  0.250000    0.250000   clock uncertainty
                                  0.000000    0.250000   clock reconvergence pessimism
                                 -1.000000   -0.750000   output external delay
                                             -0.750000   data required time
---------------------------------------------------------------------------------------------
                                             -0.750000   data required time
                                             -0.906297   data arrival time
---------------------------------------------------------------------------------------------
                                              1.656297   slack (MET)



