Clock: clk
Sources: clk 
Generated: no
Virtual: yes
Propagated: no
Period: 5.000000

===========================================================================
report_clock_properties
============================================================================
Clock                   Period          Waveform
----------------------------------------------------
clk                   5.000000    0.000000  2.500000

===========================================================================
report_clock_latency
============================================================================
Clock clk
rise -> rise
    min     max
0.000000 0.000000 source latency
0.218342         network latency _360_/CLK
        0.221832 network latency _352_/CLK
---------------
0.218342 0.221832 latency
        0.003490 skew

fall -> fall
    min     max
0.000000 0.000000 source latency
0.208867         network latency _360_/CLK
        0.211986 network latency _352_/CLK
---------------
0.208867 0.211986 latency
        0.003119 skew



===========================================================================
report_clock_min_period
============================================================================
clk period_min = 1.86 fmax = 538.08
