                                                                       Cells by Function                                                                        
┏━━━━━━━━━━━━━━━━━━━━━━━━━━━━━━━━━━━━━━━━━━━━━━━━━━━━━━━━━━━━━━━━━━━━━━━━━━━━━━━━━━━━━━━━━━━━━━━━━━━━━━━━━━━━━━━━━━━━━━━━━━━━━━━━━┳━━━━━━━━━━━━━━━━━━━━━━━━━━━━┓
┃ Cell Function                                                                                                                   ┃ Count                      ┃
┡━━━━━━━━━━━━━━━━━━━━━━━━━━━━━━━━━━━━━━━━━━━━━━━━━━━━━━━━━━━━━━━━━━━━━━━━━━━━━━━━━━━━━━━━━━━━━━━━━━━━━━━━━━━━━━━━━━━━━━━━━━━━━━━━━╇━━━━━━━━━━━━━━━━━━━━━━━━━━━━┩
│ sky130_ef_sc_hd__decap                                                                                                          │ 51                         │
│ sky130_fd_sc_hd__a21boi                                                                                                         │ 1                          │
│ sky130_fd_sc_hd__a21o                                                                                                           │ 6                          │
│ sky130_fd_sc_hd__a21oi                                                                                                          │ 6                          │
│ sky130_fd_sc_hd__a221o                                                                                                          │ 3                          │
│ sky130_fd_sc_hd__a221oi                                                                                                         │ 1                          │
│ sky130_fd_sc_hd__a22o                                                                                                           │ 5                          │
│ sky130_fd_sc_hd__a2bb2o                                                                                                         │ 1                          │
│ sky130_fd_sc_hd__a31o                                                                                                           │ 3                          │
│ sky130_fd_sc_hd__a32o                                                                                                           │ 1                          │
│ sky130_fd_sc_hd__and2                                                                                                           │ 10                         │
│ sky130_fd_sc_hd__and2b                                                                                                          │ 3                          │
│ sky130_fd_sc_hd__and3                                                                                                           │ 11                         │
│ sky130_fd_sc_hd__and3b                                                                                                          │ 11                         │
│ sky130_fd_sc_hd__and4                                                                                                           │ 2                          │
│ sky130_fd_sc_hd__and4bb                                                                                                         │ 1                          │
│ sky130_fd_sc_hd__buf                                                                                                            │ 19                         │
│ sky130_fd_sc_hd__clkbuf                                                                                                         │ 8                          │
│ sky130_fd_sc_hd__clkinv                                                                                                         │ 1                          │
│ sky130_fd_sc_hd__decap                                                                                                          │ 130                        │
│ sky130_fd_sc_hd__dfrtp                                                                                                          │ 17                         │
│ sky130_fd_sc_hd__dlygate4sd1                                                                                                    │ 4                          │
│ sky130_fd_sc_hd__dlymetal6s2s                                                                                                   │ 1                          │
│ sky130_fd_sc_hd__fill                                                                                                           │ 117                        │
│ sky130_fd_sc_hd__inv                                                                                                            │ 31                         │
│ sky130_fd_sc_hd__nand2                                                                                                          │ 10                         │
│ sky130_fd_sc_hd__nand2b                                                                                                         │ 1                          │
│ sky130_fd_sc_hd__nand3b                                                                                                         │ 1                          │
│ sky130_fd_sc_hd__nand4b                                                                                                         │ 1                          │
│ sky130_fd_sc_hd__nor2                                                                                                           │ 8                          │
│ sky130_fd_sc_hd__o211a                                                                                                          │ 2                          │
│ sky130_fd_sc_hd__o211ai                                                                                                         │ 2                          │
│ sky130_fd_sc_hd__o21a                                                                                                           │ 1                          │
│ sky130_fd_sc_hd__o21ai                                                                                                          │ 3                          │
│ sky130_fd_sc_hd__o21ba                                                                                                          │ 1                          │
│ sky130_fd_sc_hd__o221a                                                                                                          │ 2                          │
│ sky130_fd_sc_hd__o22a                                                                                                           │ 8                          │
│ sky130_fd_sc_hd__o22ai                                                                                                          │ 2                          │
│ sky130_fd_sc_hd__o311a                                                                                                          │ 1                          │
│ sky130_fd_sc_hd__o31a                                                                                                           │ 1                          │
│ sky130_fd_sc_hd__o31ai                                                                                                          │ 1                          │
│ sky130_fd_sc_hd__or2                                                                                                            │ 14                         │
│ sky130_fd_sc_hd__or3                                                                                                            │ 5                          │
│ sky130_fd_sc_hd__or4                                                                                                            │ 5                          │
│ sky130_fd_sc_hd__or4b                                                                                                           │ 3                          │
│ sky130_fd_sc_hd__tapvpwrvgnd                                                                                                    │ 48                         │
│ sky130_fd_sc_hd__xnor2                                                                                                          │ 7                          │
│ sky130_fd_sc_hd__xor2                                                                                                           │ 1                          │
└─────────────────────────────────────────────────────────────────────────────────────────────────────────────────────────────────┴────────────────────────────┘
