Clock: clk
Sources: clk 
Generated: no
Virtual: yes
Propagated: no
Period: 5.000000

===========================================================================
report_clock_properties
============================================================================
Clock                   Period          Waveform
----------------------------------------------------
clk                   5.000000    0.000000  2.500000

===========================================================================
report_clock_latency
============================================================================
Clock clk
rise -> rise
    min     max
0.000000 0.000000 source latency
0.303227         network latency _234_/CLK
        0.306618 network latency _230_/CLK
---------------
0.303227 0.306618 latency
        0.003391 skew

fall -> fall
    min     max
0.000000 0.000000 source latency
0.301093         network latency _234_/CLK
        0.304368 network latency _230_/CLK
---------------
0.301093 0.304368 latency
        0.003275 skew



===========================================================================
report_clock_min_period
============================================================================
clk period_min = 2.65 fmax = 377.37
