
===========================================================================
 report_power
============================================================================
======================= min_ss_100C_1v60 Corner ===================================

Group                    Internal    Switching      Leakage        Total
                            Power        Power        Power        Power (Watts)
------------------------------------------------------------------------
Sequential           1.446980e-04 3.979093e-05 3.170913e-07 1.848060e-04  39.1%
Combinational        9.845380e-05 6.525154e-05 6.422549e-07 1.643476e-04  34.8%
Clock                8.634595e-05 3.694528e-05 6.208825e-08 1.233533e-04  26.1%
Macro                0.000000e+00 0.000000e+00 0.000000e+00 0.000000e+00   0.0%
Pad                  0.000000e+00 0.000000e+00 0.000000e+00 0.000000e+00   0.0%
------------------------------------------------------------------------
Total                3.294978e-04 1.419877e-04 1.021435e-06 4.725069e-04 100.0%
                            69.7%        30.0%         0.2%

