Clock: clk
Sources: clk 
Generated: no
Virtual: yes
Propagated: no
Period: 5.000000

===========================================================================
report_clock_properties
============================================================================
Clock                   Period          Waveform
----------------------------------------------------
clk                   5.000000    0.000000  2.500000

===========================================================================
report_clock_latency
============================================================================
Clock clk
rise -> rise
    min     max
0.000000 0.000000 source latency
0.604669         network latency _480_/CLK
        0.611735 network latency _494_/CLK
---------------
0.604669 0.611735 latency
        0.007066 skew

fall -> fall
    min     max
0.000000 0.000000 source latency
0.591898         network latency _480_/CLK
        0.597920 network latency _494_/CLK
---------------
0.591898 0.597920 latency
        0.006022 skew



===========================================================================
report_clock_min_period
============================================================================
clk period_min = 6.13 fmax = 163.05
