
===========================================================================
 report_power
============================================================================
======================= min_ff_n40C_1v95 Corner ===================================

Group                    Internal    Switching      Leakage        Total
                            Power        Power        Power        Power (Watts)
------------------------------------------------------------------------
Sequential           3.667765e-04 6.284982e-05 5.420337e-10 4.296269e-04  42.7%
Combinational        1.391449e-04 1.078093e-04 1.499179e-09 2.469557e-04  24.5%
Clock                2.139273e-04 1.166780e-04 1.034319e-09 3.306063e-04  32.8%
Macro                0.000000e+00 0.000000e+00 0.000000e+00 0.000000e+00   0.0%
Pad                  0.000000e+00 0.000000e+00 0.000000e+00 0.000000e+00   0.0%
------------------------------------------------------------------------
Total                7.198487e-04 2.873371e-04 3.075524e-09 1.007189e-03 100.0%
                            71.5%        28.5%         0.0%

