
===========================================================================
report_checks -unconstrained
===========================================================================
======================= nom_ff_n40C_1v95 Corner ===================================

Startpoint: rst (input port clocked by clk)
Endpoint: _472_ (recovery check against rising-edge clock clk)
Path Group: asynchronous
Path Type: max

Fanout         Cap        Slew       Delay        Time   Description
---------------------------------------------------------------------------------------------
                      0.150000    0.000000    0.000000   clock clk (rise edge)
                                  0.000000    0.000000   clock network delay (ideal)
                                  1.000000    1.000000 v input external delay
    33    0.141405    0.208954    0.157702    1.157702 v rst (in)
                                                         rst (net)
                      0.208954    0.000000    1.157702 v _266_/A (sky130_fd_sc_hd__inv_2)
     1    0.003617    0.047148    0.073975    1.231677 ^ _266_/Y (sky130_fd_sc_hd__inv_2)
                                                         _032_ (net)
                      0.047148    0.000000    1.231677 ^ _472_/RESET_B (sky130_fd_sc_hd__dfrtp_2)
                                              1.231677   data arrival time

                      0.150000    5.000000    5.000000   clock clk (rise edge)
                                  0.000000    5.000000   clock network delay (ideal)
                                 -0.250000    4.750000   clock uncertainty
                                  0.000000    4.750000   clock reconvergence pessimism
                                              4.750000 ^ _472_/CLK (sky130_fd_sc_hd__dfrtp_2)
                                  0.147725    4.897725   library recovery time
                                              4.897725   data required time
---------------------------------------------------------------------------------------------
                                              4.897725   data required time
                                             -1.231677   data arrival time
---------------------------------------------------------------------------------------------
                                              3.666048   slack (MET)


Startpoint: psc[31] (input port clocked by clk)
Endpoint: _484_ (rising edge-triggered flip-flop clocked by clk)
Path Group: clk
Path Type: max

Fanout         Cap        Slew       Delay        Time   Description
---------------------------------------------------------------------------------------------
                      0.150000    0.000000    0.000000   clock clk (rise edge)
                                  0.000000    0.000000   clock network delay (ideal)
                                  1.000000    1.000000 ^ input external delay
     2    0.003507    0.017033    0.009061    1.009061 ^ psc[31] (in)
                                                         psc[31] (net)
                      0.017033    0.000000    1.009061 ^ _318_/A_N (sky130_fd_sc_hd__and2b_2)
     2    0.005608    0.032451    0.128276    1.137337 v _318_/X (sky130_fd_sc_hd__and2b_2)
                                                         _147_ (net)
                      0.032451    0.000000    1.137337 v _324_/A (sky130_fd_sc_hd__or4_2)
     3    0.007781    0.079600    0.390179    1.527516 v _324_/X (sky130_fd_sc_hd__or4_2)
                                                         _153_ (net)
                      0.079600    0.000000    1.527516 v _332_/B (sky130_fd_sc_hd__or4b_2)
     2    0.005906    0.075288    0.379788    1.907304 v _332_/X (sky130_fd_sc_hd__or4b_2)
                                                         _161_ (net)
                      0.075288    0.000000    1.907304 v _333_/D (sky130_fd_sc_hd__or4_2)
     1    0.001565    0.061045    0.297334    2.204638 v _333_/X (sky130_fd_sc_hd__or4_2)
                                                         _162_ (net)
                      0.061045    0.000000    2.204638 v _342_/A_N (sky130_fd_sc_hd__and4b_2)
     1    0.001556    0.027810    0.159933    2.364571 ^ _342_/X (sky130_fd_sc_hd__and4b_2)
                                                         _171_ (net)
                      0.027810    0.000000    2.364571 ^ _343_/C (sky130_fd_sc_hd__or3_2)
     1    0.004764    0.027757    0.067792    2.432363 ^ _343_/X (sky130_fd_sc_hd__or3_2)
                                                         _172_ (net)
                      0.027757    0.000000    2.432363 ^ _344_/B1 (sky130_fd_sc_hd__a21oi_2)
    33    0.061170    0.134807    0.082592    2.514955 v _344_/Y (sky130_fd_sc_hd__a21oi_2)
                                                         _173_ (net)
                      0.134807    0.000000    2.514955 v _384_/C (sky130_fd_sc_hd__and3b_2)
     1    0.002059    0.026608    0.165047    2.680001 v _384_/X (sky130_fd_sc_hd__and3b_2)
                                                         _003_ (net)
                      0.026608    0.000000    2.680001 v _484_/D (sky130_fd_sc_hd__dfrtp_2)
                                              2.680001   data arrival time

                      0.150000    5.000000    5.000000   clock clk (rise edge)
                                  0.000000    5.000000   clock network delay (ideal)
                                 -0.250000    4.750000   clock uncertainty
                                  0.000000    4.750000   clock reconvergence pessimism
                                              4.750000 ^ _484_/CLK (sky130_fd_sc_hd__dfrtp_2)
                                 -0.060394    4.689606   library setup time
                                              4.689606   data required time
---------------------------------------------------------------------------------------------
                                              4.689606   data required time
                                             -2.680001   data arrival time
---------------------------------------------------------------------------------------------
                                              2.009604   slack (MET)




===========================================================================
report_checks --slack_max -0.01
============================================================================
======================= nom_ff_n40C_1v95 Corner ===================================

No paths found.


===========================================================================
 report_check_types -max_slew -max_cap -max_fanout -violators
============================================================================
======================= nom_ff_n40C_1v95 Corner ===================================

max fanout

Pin                                   Limit Fanout  Slack
---------------------------------------------------------
rst                                      10     33    -23 (VIOLATED)
_344_/Y                                  10     33    -23 (VIOLATED)



===========================================================================
report_parasitic_annotation -report_unannotated
============================================================================
Found 303 unannotated drivers.
 clk
 psc[0]
 psc[10]
 psc[11]
 psc[12]
 psc[13]
 psc[14]
 psc[15]
 psc[16]
 psc[17]
 psc[18]
 psc[19]
 psc[1]
 psc[20]
 psc[21]
 psc[22]
 psc[23]
 psc[24]
 psc[25]
 psc[26]
 psc[27]
 psc[28]
 psc[29]
 psc[2]
 psc[30]
 psc[31]
 psc[3]
 psc[4]
 psc[5]
 psc[6]
 psc[7]
 psc[8]
 psc[9]
 rst
 _236_/Y
 _237_/Y
 _238_/Y
 _239_/Y
 _240_/Y
 _241_/Y
 _242_/Y
 _243_/Y
 _244_/Y
 _245_/Y
 _246_/Y
 _247_/Y
 _248_/Y
 _249_/Y
 _250_/Y
 _251_/Y
 _252_/Y
 _253_/Y
 _254_/Y
 _255_/Y
 _256_/Y
 _257_/Y
 _258_/Y
 _259_/Y
 _260_/Y
 _261_/Y
 _262_/Y
 _263_/Y
 _264_/Y
 _265_/Y
 _266_/Y
 _267_/X
 _268_/X
 _269_/Y
 _270_/X
 _271_/Y
 _272_/Y
 _273_/Y
 _274_/X
 _275_/X
 _276_/X
 _277_/Y
 _278_/Y
 _279_/X
 _280_/X
 _281_/X
 _282_/X
 _283_/X
 _284_/X
 _285_/X
 _286_/X
 _287_/X
 _288_/X
 _289_/X
 _290_/X
 _291_/X
 _292_/X
 _293_/X
 _294_/X
 _295_/X
 _296_/Y
 _297_/X
 _298_/X
 _299_/X
 _300_/X
 _301_/X
 _302_/X
 _303_/X
 _304_/X
 _305_/X
 _306_/X
 _307_/X
 _308_/X
 _309_/Y
 _310_/X
 _311_/X
 _312_/X
 _313_/X
 _314_/X
 _315_/X
 _316_/X
 _317_/X
 _318_/X
 _319_/X
 _320_/Y
 _321_/X
 _322_/X
 _323_/X
 _324_/X
 _325_/Y
 _326_/X
 _327_/X
 _328_/Y
 _329_/X
 _330_/X
 _331_/X
 _332_/X
 _333_/X
 _334_/X
 _335_/X
 _336_/X
 _337_/X
 _338_/X
 _339_/X
 _340_/Y
 _341_/X
 _342_/X
 _343_/X
 _344_/Y
 _345_/Y
 _346_/X
 _347_/X
 _348_/Y
 _349_/X
 _350_/X
 _351_/Y
 _352_/X
 _353_/X
 _354_/X
 _355_/X
 _356_/X
 _357_/Y
 _358_/X
 _359_/X
 _360_/X
 _361_/X
 _362_/X
 _363_/X
 _364_/Y
 _365_/X
 _366_/X
 _367_/X
 _368_/X
 _369_/X
 _370_/Y
 _371_/X
 _372_/Y
 _373_/Y
 _374_/X
 _375_/X
 _376_/X
 _377_/X
 _378_/X
 _379_/X
 _380_/X
 _381_/X
 _382_/X
 _383_/X
 _384_/X
 _385_/X
 _386_/X
 _387_/X
 _388_/X
 _389_/Y
 _390_/X
 _391_/Y
 _392_/X
 _393_/Y
 _394_/X
 _395_/X
 _396_/X
 _397_/X
 _398_/X
 _399_/X
 _400_/X
 _401_/Y
 _402_/X
 _403_/Y
 _404_/X
 _405_/X
 _406_/X
 _407_/X
 _408_/X
 _409_/X
 _410_/Y
 _411_/X
 _412_/X
 _413_/X
 _414_/Y
 _415_/X
 _416_/X
 _417_/X
 _418_/X
 _419_/X
 _420_/X
 _421_/X
 _422_/X
 _423_/Y
 _424_/X
 _425_/Y
 _426_/X
 _427_/X
 _428_/X
 _429_/X
 _430_/X
 _431_/Y
 _432_/X
 _433_/Y
 _434_/X
 _435_/X
 _436_/X
 _437_/Y
 _438_/X
 _439_/Y
 _440_/Y
 _441_/Y
 _442_/Y
 _443_/Y
 _444_/Y
 _445_/Y
 _446_/Y
 _447_/Y
 _448_/Y
 _449_/Y
 _450_/Y
 _451_/Y
 _452_/Y
 _453_/Y
 _454_/Y
 _455_/Y
 _456_/Y
 _457_/Y
 _458_/Y
 _459_/Y
 _460_/Y
 _461_/Y
 _462_/Y
 _463_/Y
 _464_/Y
 _465_/Y
 _466_/Y
 _467_/Y
 _468_/Y
 _469_/Y
 _470_/Y
 _471_/Y
 _472_/Q
 _473_/Q
 _474_/Q
 _475_/Q
 _476_/Q
 _477_/Q
 _478_/Q
 _479_/Q
 _480_/Q
 _481_/Q
 _482_/Q
 _483_/Q
 _484_/Q
 _485_/Q
 _486_/Q
 _487_/Q
 _488_/Q
 _489_/Q
 _490_/Q
 _491_/Q
 _492_/Q
 _493_/Q
 _494_/Q
 _495_/Q
 _496_/Q
 _497_/Q
 _498_/Q
 _499_/Q
 _500_/Q
 _501_/Q
 _502_/Q
 _503_/Q
 _504_/Q
Found 0 partially unannotated drivers.

===========================================================================
max slew violation count 0
max fanout violation count 2
max cap violation count 0
============================================================================

===========================================================================
check_setup -verbose -unconstrained_endpoints -multiple_clock -no_clock -no_input_delay -loops -generated_clocks
===========================================================================
